Archive member included to satisfy reference by file (symbol)

D:/Documents/Cours_HEI/H4/Programmation_Embarquee/TPs/TP_Emb_1/hei-2019-2020-lab-sens-it-vervisch-botman/sensit-sdk-v2.0.0/sdk/lib\libSENSIT_SDK_V2.0.0.a(addon_sigfox_verified_api.o)
                              D:/Documents/Cours_HEI/H4/Programmation_Embarquee/TPs/TP_Emb_1/hei-2019-2020-lab-sens-it-vervisch-botman/sensit-sdk-v2.0.0/sdk/obj/AT_functions.o (ADDON_SIGFOX_VERIFIED_API_get_version)
D:/Documents/Cours_HEI/H4/Programmation_Embarquee/TPs/TP_Emb_1/hei-2019-2020-lab-sens-it-vervisch-botman/sensit-sdk-v2.0.0/sdk/lib\libSENSIT_SDK_V2.0.0.a(mcu_api.o)
                              D:/Documents/Cours_HEI/H4/Programmation_Embarquee/TPs/TP_Emb_1/hei-2019-2020-lab-sens-it-vervisch-botman/sensit-sdk-v2.0.0/sdk/lib\libSENSIT_SDK_V2.0.0.a(addon_sigfox_verified_api.o) (MCU_API_timer_start)
D:/Documents/Cours_HEI/H4/Programmation_Embarquee/TPs/TP_Emb_1/hei-2019-2020-lab-sens-it-vervisch-botman/sensit-sdk-v2.0.0/sdk/lib\libSENSIT_SDK_V2.0.0.a(nvmem_api.o)
                              D:/Documents/Cours_HEI/H4/Programmation_Embarquee/TPs/TP_Emb_1/hei-2019-2020-lab-sens-it-vervisch-botman/sensit-sdk-v2.0.0/sdk/lib\libSENSIT_SDK_V2.0.0.a(mcu_api.o) (NVMEM_API_get_device_id)
D:/Documents/Cours_HEI/H4/Programmation_Embarquee/TPs/TP_Emb_1/hei-2019-2020-lab-sens-it-vervisch-botman/sensit-sdk-v2.0.0/sdk/lib\libSENSIT_SDK_V2.0.0.a(radio.o)
                              D:/Documents/Cours_HEI/H4/Programmation_Embarquee/TPs/TP_Emb_1/hei-2019-2020-lab-sens-it-vervisch-botman/sensit-sdk-v2.0.0/sdk/lib\libSENSIT_SDK_V2.0.0.a(mcu_api.o) (RADIO_is_600bps)
D:/Documents/Cours_HEI/H4/Programmation_Embarquee/TPs/TP_Emb_1/hei-2019-2020-lab-sens-it-vervisch-botman/sensit-sdk-v2.0.0/sdk/lib\libSENSIT_SDK_V2.0.0.a(rtc.o)
                              D:/Documents/Cours_HEI/H4/Programmation_Embarquee/TPs/TP_Emb_1/hei-2019-2020-lab-sens-it-vervisch-botman/sensit-sdk-v2.0.0/sdk/lib\libSENSIT_SDK_V2.0.0.a(mcu_api.o) (RTC_set_rx_timer)
D:/Documents/Cours_HEI/H4/Programmation_Embarquee/TPs/TP_Emb_1/hei-2019-2020-lab-sens-it-vervisch-botman/sensit-sdk-v2.0.0/sdk/lib\libSENSIT_SDK_V2.0.0.a(sensit_api.o)
                              D:/Documents/Cours_HEI/H4/Programmation_Embarquee/TPs/TP_Emb_1/hei-2019-2020-lab-sens-it-vervisch-botman/sensit-sdk-v2.0.0/sdk/obj/AT_functions.o (SENSIT_API_get_sdk_version)
D:/Documents/Cours_HEI/H4/Programmation_Embarquee/TPs/TP_Emb_1/hei-2019-2020-lab-sens-it-vervisch-botman/sensit-sdk-v2.0.0/sdk/lib\libSENSIT_SDK_V2.0.0.a(sigfox_api.o)
                              D:/Documents/Cours_HEI/H4/Programmation_Embarquee/TPs/TP_Emb_1/hei-2019-2020-lab-sens-it-vervisch-botman/sensit-sdk-v2.0.0/sdk/obj/radio_api.o (SIGFOX_API_open)
D:/Documents/Cours_HEI/H4/Programmation_Embarquee/TPs/TP_Emb_1/hei-2019-2020-lab-sens-it-vervisch-botman/sensit-sdk-v2.0.0/sdk/lib\libSENSIT_SDK_V2.0.0.a(sigfox_internal.o)
                              D:/Documents/Cours_HEI/H4/Programmation_Embarquee/TPs/TP_Emb_1/hei-2019-2020-lab-sens-it-vervisch-botman/sensit-sdk-v2.0.0/sdk/lib\libSENSIT_SDK_V2.0.0.a(sigfox_api.o) (SIGFOX_INT_get_max_micro_channel)
D:/Documents/Cours_HEI/H4/Programmation_Embarquee/TPs/TP_Emb_1/hei-2019-2020-lab-sens-it-vervisch-botman/sensit-sdk-v2.0.0/sdk/lib\libSENSIT_SDK_V2.0.0.a(sigfox_pn.o)
                              D:/Documents/Cours_HEI/H4/Programmation_Embarquee/TPs/TP_Emb_1/hei-2019-2020-lab-sens-it-vervisch-botman/sensit-sdk-v2.0.0/sdk/lib\libSENSIT_SDK_V2.0.0.a(sigfox_internal.o) (SIGFOX_PN_next_pn)
D:/Documents/Cours_HEI/H4/Programmation_Embarquee/TPs/TP_Emb_1/hei-2019-2020-lab-sens-it-vervisch-botman/sensit-sdk-v2.0.0/sdk/lib\libSENSIT_SDK_V2.0.0.a(sigfox_scramb.o)
                              D:/Documents/Cours_HEI/H4/Programmation_Embarquee/TPs/TP_Emb_1/hei-2019-2020-lab-sens-it-vervisch-botman/sensit-sdk-v2.0.0/sdk/lib\libSENSIT_SDK_V2.0.0.a(sigfox_internal.o) (SIGFOX_SCRAMB_compute)
D:/Documents/Cours_HEI/H4/Programmation_Embarquee/TPs/TP_Emb_1/hei-2019-2020-lab-sens-it-vervisch-botman/sensit-sdk-v2.0.0/sdk/lib\libSENSIT_SDK_V2.0.0.a(sleep.o)
                              D:/Documents/Cours_HEI/H4/Programmation_Embarquee/TPs/TP_Emb_1/hei-2019-2020-lab-sens-it-vervisch-botman/sensit-sdk-v2.0.0/sdk/lib\libSENSIT_SDK_V2.0.0.a(rtc.o) (SLEEP_handler)
D:/Documents/Cours_HEI/H4/Programmation_Embarquee/TPs/TP_Emb_1/hei-2019-2020-lab-sens-it-vervisch-botman/sensit-sdk-v2.0.0/sdk/lib\libSENSIT_SDK_V2.0.0.a(spi.o)
                              D:/Documents/Cours_HEI/H4/Programmation_Embarquee/TPs/TP_Emb_1/hei-2019-2020-lab-sens-it-vervisch-botman/sensit-sdk-v2.0.0/sdk/lib\libSENSIT_SDK_V2.0.0.a(sensit_api.o) (SPI_init)
D:/Documents/Cours_HEI/H4/Programmation_Embarquee/TPs/TP_Emb_1/hei-2019-2020-lab-sens-it-vervisch-botman/sensit-sdk-v2.0.0/sdk/lib\libSENSIT_SDK_V2.0.0.a(startup_stm32f042x6.o)
                              (Reset_Handler)
[...]
Memory Configuration

Name             Origin             Length             Attributes
RAM              0x20000000         0x00001800         xrw
ROM              0x08000000         0x00007400         xr
*default*        0x00000000         0xffffffff

Linker script and memory map

LOAD D:/Documents/Cours_HEI/H4/Programmation_Embarquee/TPs/TP_Emb_1/hei-2019-2020-lab-sens-it-vervisch-botman/sensit-sdk-v2.0.0/sdk/obj/error.o
LOAD D:/Documents/Cours_HEI/H4/Programmation_Embarquee/TPs/TP_Emb_1/hei-2019-2020-lab-sens-it-vervisch-botman/sensit-sdk-v2.0.0/sdk/obj/button.o
LOAD D:/Documents/Cours_HEI/H4/Programmation_Embarquee/TPs/TP_Emb_1/hei-2019-2020-lab-sens-it-vervisch-botman/sensit-sdk-v2.0.0/sdk/obj/battery.o
LOAD D:/Documents/Cours_HEI/H4/Programmation_Embarquee/TPs/TP_Emb_1/hei-2019-2020-lab-sens-it-vervisch-botman/sensit-sdk-v2.0.0/sdk/obj/callback.o
LOAD D:/Documents/Cours_HEI/H4/Programmation_Embarquee/TPs/TP_Emb_1/hei-2019-2020-lab-sens-it-vervisch-botman/sensit-sdk-v2.0.0/sdk/obj/serial.o
LOAD D:/Documents/Cours_HEI/H4/Programmation_Embarquee/TPs/TP_Emb_1/hei-2019-2020-lab-sens-it-vervisch-botman/sensit-sdk-v2.0.0/sdk/obj/radio_api.o
LOAD D:/Documents/Cours_HEI/H4/Programmation_Embarquee/TPs/TP_Emb_1/hei-2019-2020-lab-sens-it-vervisch-botman/sensit-sdk-v2.0.0/sdk/obj/etsi.o
LOAD D:/Documents/Cours_HEI/H4/Programmation_Embarquee/TPs/TP_Emb_1/hei-2019-2020-lab-sens-it-vervisch-botman/sensit-sdk-v2.0.0/sdk/obj/fcc.o
LOAD D:/Documents/Cours_HEI/H4/Programmation_Embarquee/TPs/TP_Emb_1/hei-2019-2020-lab-sens-it-vervisch-botman/sensit-sdk-v2.0.0/sdk/obj/hts221.o
LOAD D:/Documents/Cours_HEI/H4/Programmation_Embarquee/TPs/TP_Emb_1/hei-2019-2020-lab-sens-it-vervisch-botman/sensit-sdk-v2.0.0/sdk/obj/ltr329.o
LOAD D:/Documents/Cours_HEI/H4/Programmation_Embarquee/TPs/TP_Emb_1/hei-2019-2020-lab-sens-it-vervisch-botman/sensit-sdk-v2.0.0/sdk/obj/fxos8700.o
LOAD D:/Documents/Cours_HEI/H4/Programmation_Embarquee/TPs/TP_Emb_1/hei-2019-2020-lab-sens-it-vervisch-botman/sensit-sdk-v2.0.0/sdk/obj/AT_parser.o
LOAD D:/Documents/Cours_HEI/H4/Programmation_Embarquee/TPs/TP_Emb_1/hei-2019-2020-lab-sens-it-vervisch-botman/sensit-sdk-v2.0.0/sdk/obj/AT_functions.o
LOAD D:/Documents/Cours_HEI/H4/Programmation_Embarquee/TPs/TP_Emb_1/hei-2019-2020-lab-sens-it-vervisch-botman/sensit-sdk-v2.0.0/sdk/obj/discovery.o
LOAD D:/Documents/Cours_HEI/H4/Programmation_Embarquee/TPs/TP_Emb_1/hei-2019-2020-lab-sens-it-vervisch-botman/sensit-sdk-v2.0.0/sdk/obj/main.o
LOAD D:/Documents/Cours_HEI/H4/Programmation_Embarquee/TPs/TP_Emb_1/hei-2019-2020-lab-sens-it-vervisch-botman/sensit-sdk-v2.0.0/sdk/lib\libSENSIT_SDK_V2.0.0.a
                0x20001800                _estack = 0x20001800
                0x00000000                _Min_Heap_Size = 0x0
                0x00000400                _Min_Stack_Size = 0x400

.isr_vector     0x08000000       0xc0
                0x08000000                . = ALIGN (0x4)
 *(.isr_vector)
 .isr_vector    0x08000000       0xc0 D:/Documents/Cours_HEI/H4/Programmation_Embarquee/TPs/TP_Emb_1/hei-2019-2020-lab-sens-it-vervisch-botman/sensit-sdk-v2.0.0/sdk/lib\libSENSIT_SDK_V2.0.0.a(startup_stm32f042x6.o)
                0x08000000                g_pfnVectors
                0x080000c0                . = ALIGN (0x4)

.text           0x080000c0     0x5930
                0x080000c0                . = ALIGN (0x4)
 *(.text)
 .text          0x080000c0       0x14 d:/program files/iti-temp/8-2019-q3-update/bin/../lib/gcc/arm-none-eabi/8.3.1/thumb/v6-m/nofp\libgcc.a(_thumb1_case_uqi.o)
                0x080000c0                __gnu_thumb1_case_uqi
 .text          0x080000d4       0x14 d:/program files/iti-temp/8-2019-q3-update/bin/../lib/gcc/arm-none-eabi/8.3.1/thumb/v6-m/nofp\libgcc.a(_thumb1_case_uhi.o)
                0x080000d4                __gnu_thumb1_case_uhi
 .text          0x080000e8      0x114 d:/program files/iti-temp/8-2019-q3-update/bin/../lib/gcc/arm-none-eabi/8.3.1/thumb/v6-m/nofp\libgcc.a(_udivsi3.o)
                0x080000e8                __aeabi_uidiv
                0x080000e8                __udivsi3
                0x080001f4                __aeabi_uidivmod
 .text          0x080001fc      0x1d4 d:/program files/iti-temp/8-2019-q3-update/bin/../lib/gcc/arm-none-eabi/8.3.1/thumb/v6-m/nofp\libgcc.a(_divsi3.o)
                0x080001fc                __divsi3
                0x080001fc                __aeabi_idiv
                0x080003c8                __aeabi_idivmod
 .text          0x080003d0        0x4 d:/program files/iti-temp/8-2019-q3-update/bin/../lib/gcc/arm-none-eabi/8.3.1/thumb/v6-m/nofp\libgcc.a(_dvmd_tls.o)
                0x080003d0                __aeabi_idiv0
                0x080003d0                __aeabi_ldiv0
 .text          0x080003d4       0x30 d:/program files/iti-temp/8-2019-q3-update/bin/../lib/gcc/arm-none-eabi/8.3.1/thumb/v6-m/nofp\libgcc.a(_fixunssfsi.o)
                0x080003d4                __fixunssfsi
                0x080003d4                __aeabi_f2uiz
 .text          0x08000404      0x230 d:/program files/iti-temp/8-2019-q3-update/bin/../lib/gcc/arm-none-eabi/8.3.1/thumb/v6-m/nofp\libgcc.a(divsf3.o)
                0x08000404                __aeabi_fdiv
 .text          0x08000634      0x22c d:/program files/iti-temp/8-2019-q3-update/bin/../lib/gcc/arm-none-eabi/8.3.1/thumb/v6-m/nofp\libgcc.a(mulsf3.o)
                0x08000634                __aeabi_fmul
 .text          0x08000860      0x348 d:/program files/iti-temp/8-2019-q3-update/bin/../lib/gcc/arm-none-eabi/8.3.1/thumb/v6-m/nofp\libgcc.a(subsf3.o)
                0x08000860                __aeabi_fsub
 .text          0x08000ba8       0x40 d:/program files/iti-temp/8-2019-q3-update/bin/../lib/gcc/arm-none-eabi/8.3.1/thumb/v6-m/nofp\libgcc.a(fixsfsi.o)
                0x08000ba8                __aeabi_f2iz
 .text          0x08000be8       0x80 d:/program files/iti-temp/8-2019-q3-update/bin/../lib/gcc/arm-none-eabi/8.3.1/thumb/v6-m/nofp\libgcc.a(floatunsisf.o)
                0x08000be8                __aeabi_ui2f
 .text          0x08000c68       0x74 d:/program files/iti-temp/8-2019-q3-update/bin/../lib/gcc/arm-none-eabi/8.3.1/thumb/v6-m/nofp\libgcc.a(_arm_cmpsf2.o)
                0x08000c68                __aeabi_cfrcmple
                0x08000c70                __aeabi_cfcmpeq
                0x08000c70                __aeabi_cfcmple
                0x08000c80                __aeabi_fcmpeq
                0x08000c8c                __aeabi_fcmplt
                0x08000ca0                __aeabi_fcmple
                0x08000cb4                __aeabi_fcmpgt
                0x08000cc8                __aeabi_fcmpge
 .text          0x08000cdc       0x3c d:/program files/iti-temp/8-2019-q3-update/bin/../lib/gcc/arm-none-eabi/8.3.1/thumb/v6-m/nofp\libgcc.a(_clzsi2.o)
                0x08000cdc                __clzsi2
 .text          0x08000d18       0x50 d:/program files/iti-temp/8-2019-q3-update/bin/../lib/gcc/arm-none-eabi/8.3.1/thumb/v6-m/nofp\libgcc.a(eqsf2.o)
                0x08000d18                __eqsf2
                0x08000d18                __nesf2
 .text          0x08000d68       0x98 d:/program files/iti-temp/8-2019-q3-update/bin/../lib/gcc/arm-none-eabi/8.3.1/thumb/v6-m/nofp\libgcc.a(gesf2.o)
                0x08000d68                __gesf2
                0x08000d68                __gtsf2
 .text          0x08000e00       0x94 d:/program files/iti-temp/8-2019-q3-update/bin/../lib/gcc/arm-none-eabi/8.3.1/thumb/v6-m/nofp\libgcc.a(lesf2.o)
                0x08000e00                __ltsf2
                0x08000e00                __lesf2
 *(.text*)
 .text.ERROR_loop
                0x08000e94       0x42 D:/Documents/Cours_HEI/H4/Programmation_Embarquee/TPs/TP_Emb_1/hei-2019-2020-lab-sens-it-vervisch-botman/sensit-sdk-v2.0.0/sdk/obj/error.o
 .text.ERROR_parser
                0x08000ed6       0xc8 D:/Documents/Cours_HEI/H4/Programmation_Embarquee/TPs/TP_Emb_1/hei-2019-2020-lab-sens-it-vervisch-botman/sensit-sdk-v2.0.0/sdk/obj/error.o
                0x08000ed6                ERROR_parser
 .text.BUTTON_handler
                0x08000f9e       0x5e D:/Documents/Cours_HEI/H4/Programmation_Embarquee/TPs/TP_Emb_1/hei-2019-2020-lab-sens-it-vervisch-botman/sensit-sdk-v2.0.0/sdk/obj/button.o
                0x08000f9e                BUTTON_handler
 .text.BATTERY_handler
                0x08000ffc       0x90 D:/Documents/Cours_HEI/H4/Programmation_Embarquee/TPs/TP_Emb_1/hei-2019-2020-lab-sens-it-vervisch-botman/sensit-sdk-v2.0.0/sdk/obj/battery.o
                0x08000ffc                BATTERY_handler
 .text.CALLBACK_report_test_result
                0x0800108c        0x2 D:/Documents/Cours_HEI/H4/Programmation_Embarquee/TPs/TP_Emb_1/hei-2019-2020-lab-sens-it-vervisch-botman/sensit-sdk-v2.0.0/sdk/obj/callback.o
                0x0800108c                CALLBACK_report_test_result
 *fill*         0x0800108e        0x2 
 .text.RADIO_API_init
                0x08001090       0x4c D:/Documents/Cours_HEI/H4/Programmation_Embarquee/TPs/TP_Emb_1/hei-2019-2020-lab-sens-it-vervisch-botman/sensit-sdk-v2.0.0/sdk/obj/radio_api.o
                0x08001090                RADIO_API_init
 .text.RADIO_API_send_message
                0x080010dc       0x7c D:/Documents/Cours_HEI/H4/Programmation_Embarquee/TPs/TP_Emb_1/hei-2019-2020-lab-sens-it-vervisch-botman/sensit-sdk-v2.0.0/sdk/obj/radio_api.o
                0x080010dc                RADIO_API_send_message
 .text.ETSI_handler
                0x08001158       0x84 D:/Documents/Cours_HEI/H4/Programmation_Embarquee/TPs/TP_Emb_1/hei-2019-2020-lab-sens-it-vervisch-botman/sensit-sdk-v2.0.0/sdk/obj/etsi.o
                0x08001158                ETSI_handler
 .text.FCC_handler
                0x080011dc       0x50 D:/Documents/Cours_HEI/H4/Programmation_Embarquee/TPs/TP_Emb_1/hei-2019-2020-lab-sens-it-vervisch-botman/sensit-sdk-v2.0.0/sdk/obj/fcc.o
                0x080011dc                FCC_handler
 .text.HTS221_init
                0x0800122c       0xbc D:/Documents/Cours_HEI/H4/Programmation_Embarquee/TPs/TP_Emb_1/hei-2019-2020-lab-sens-it-vervisch-botman/sensit-sdk-v2.0.0/sdk/obj/hts221.o
                0x0800122c                HTS221_init
 .text.LTR329_init
                0x080012e8       0x50 D:/Documents/Cours_HEI/H4/Programmation_Embarquee/TPs/TP_Emb_1/hei-2019-2020-lab-sens-it-vervisch-botman/sensit-sdk-v2.0.0/sdk/obj/ltr329.o
                0x080012e8                LTR329_init
 .text.FXOS8700_reset
                0x08001338       0x28 D:/Documents/Cours_HEI/H4/Programmation_Embarquee/TPs/TP_Emb_1/hei-2019-2020-lab-sens-it-vervisch-botman/sensit-sdk-v2.0.0/sdk/obj/fxos8700.o
                0x08001338                FXOS8700_reset
 .text.FXOS8700_init
                0x08001360       0x2e D:/Documents/Cours_HEI/H4/Programmation_Embarquee/TPs/TP_Emb_1/hei-2019-2020-lab-sens-it-vervisch-botman/sensit-sdk-v2.0.0/sdk/obj/fxos8700.o
                0x08001360                FXOS8700_init
 *fill*         0x0800138e        0x2 
 .text.startup.main
                0x08001390       0xcc D:/Documents/Cours_HEI/H4/Programmation_Embarquee/TPs/TP_Emb_1/hei-2019-2020-lab-sens-it-vervisch-botman/sensit-sdk-v2.0.0/sdk/obj/main.o
                0x08001390                main
 .text.MCU_API_malloc
                0x0800145c       0x14 D:/Documents/Cours_HEI/H4/Programmation_Embarquee/TPs/TP_Emb_1/hei-2019-2020-lab-sens-it-vervisch-botman/sensit-sdk-v2.0.0/sdk/lib\libSENSIT_SDK_V2.0.0.a(mcu_api.o)
                0x0800145c                MCU_API_malloc
 .text.MCU_API_free
                0x08001470        0x4 D:/Documents/Cours_HEI/H4/Programmation_Embarquee/TPs/TP_Emb_1/hei-2019-2020-lab-sens-it-vervisch-botman/sensit-sdk-v2.0.0/sdk/lib\libSENSIT_SDK_V2.0.0.a(mcu_api.o)
                0x08001470                MCU_API_free
 .text.MCU_API_get_voltage_temperature
                0x08001474       0x22 D:/Documents/Cours_HEI/H4/Programmation_Embarquee/TPs/TP_Emb_1/hei-2019-2020-lab-sens-it-vervisch-botman/sensit-sdk-v2.0.0/sdk/lib\libSENSIT_SDK_V2.0.0.a(mcu_api.o)
                0x08001474                MCU_API_get_voltage_temperature
 .text.MCU_API_delay
                0x08001496       0x3e D:/Documents/Cours_HEI/H4/Programmation_Embarquee/TPs/TP_Emb_1/hei-2019-2020-lab-sens-it-vervisch-botman/sensit-sdk-v2.0.0/sdk/lib\libSENSIT_SDK_V2.0.0.a(mcu_api.o)
                0x08001496                MCU_API_delay
 .text.MCU_API_aes_128_cbc_encrypt
                0x080014d4       0x62 D:/Documents/Cours_HEI/H4/Programmation_Embarquee/TPs/TP_Emb_1/hei-2019-2020-lab-sens-it-vervisch-botman/sensit-sdk-v2.0.0/sdk/lib\libSENSIT_SDK_V2.0.0.a(mcu_api.o)
                0x080014d4                MCU_API_aes_128_cbc_encrypt
 .text.MCU_API_get_nv_mem
                0x08001536        0xe D:/Documents/Cours_HEI/H4/Programmation_Embarquee/TPs/TP_Emb_1/hei-2019-2020-lab-sens-it-vervisch-botman/sensit-sdk-v2.0.0/sdk/lib\libSENSIT_SDK_V2.0.0.a(mcu_api.o)
                0x08001536                MCU_API_get_nv_mem
 .text.MCU_API_set_nv_mem
                0x08001544       0x16 D:/Documents/Cours_HEI/H4/Programmation_Embarquee/TPs/TP_Emb_1/hei-2019-2020-lab-sens-it-vervisch-botman/sensit-sdk-v2.0.0/sdk/lib\libSENSIT_SDK_V2.0.0.a(mcu_api.o)
                0x08001544                MCU_API_set_nv_mem
 *fill*         0x0800155a        0x2 
 .text.MCU_API_timer_start_carrier_sense
                0x0800155c       0x60 D:/Documents/Cours_HEI/H4/Programmation_Embarquee/TPs/TP_Emb_1/hei-2019-2020-lab-sens-it-vervisch-botman/sensit-sdk-v2.0.0/sdk/lib\libSENSIT_SDK_V2.0.0.a(mcu_api.o)
                0x0800155c                MCU_API_timer_start_carrier_sense
 .text.TIM16_IRQHandler
                0x080015bc       0x24 D:/Documents/Cours_HEI/H4/Programmation_Embarquee/TPs/TP_Emb_1/hei-2019-2020-lab-sens-it-vervisch-botman/sensit-sdk-v2.0.0/sdk/lib\libSENSIT_SDK_V2.0.0.a(mcu_api.o)
                0x080015bc                TIM16_IRQHandler
 .text.MCU_API_timer_start
                0x080015e0        0xc D:/Documents/Cours_HEI/H4/Programmation_Embarquee/TPs/TP_Emb_1/hei-2019-2020-lab-sens-it-vervisch-botman/sensit-sdk-v2.0.0/sdk/lib\libSENSIT_SDK_V2.0.0.a(mcu_api.o)
                0x080015e0                MCU_API_timer_start
 .text.MCU_API_timer_stop
                0x080015ec        0x4 D:/Documents/Cours_HEI/H4/Programmation_Embarquee/TPs/TP_Emb_1/hei-2019-2020-lab-sens-it-vervisch-botman/sensit-sdk-v2.0.0/sdk/lib\libSENSIT_SDK_V2.0.0.a(mcu_api.o)
                0x080015ec                MCU_API_timer_stop
 .text.MCU_API_timer_stop_carrier_sense
                0x080015f0       0x38 D:/Documents/Cours_HEI/H4/Programmation_Embarquee/TPs/TP_Emb_1/hei-2019-2020-lab-sens-it-vervisch-botman/sensit-sdk-v2.0.0/sdk/lib\libSENSIT_SDK_V2.0.0.a(mcu_api.o)
                0x080015f0                MCU_API_timer_stop_carrier_sense
 .text.MCU_API_timer_wait_for_end
                0x08001628       0x10 D:/Documents/Cours_HEI/H4/Programmation_Embarquee/TPs/TP_Emb_1/hei-2019-2020-lab-sens-it-vervisch-botman/sensit-sdk-v2.0.0/sdk/lib\libSENSIT_SDK_V2.0.0.a(mcu_api.o)
                0x08001628                MCU_API_timer_wait_for_end
 .text.MCU_API_report_test_result
                0x08001638        0xa D:/Documents/Cours_HEI/H4/Programmation_Embarquee/TPs/TP_Emb_1/hei-2019-2020-lab-sens-it-vervisch-botman/sensit-sdk-v2.0.0/sdk/lib\libSENSIT_SDK_V2.0.0.a(mcu_api.o)
                0x08001638                MCU_API_report_test_result
 .text.MCU_API_get_device_id
                0x08001642       0x12 D:/Documents/Cours_HEI/H4/Programmation_Embarquee/TPs/TP_Emb_1/hei-2019-2020-lab-sens-it-vervisch-botman/sensit-sdk-v2.0.0/sdk/lib\libSENSIT_SDK_V2.0.0.a(mcu_api.o)
                0x08001642                MCU_API_get_device_id
 .text.NVMEM_API_get_device_id
                0x08001654       0x2c D:/Documents/Cours_HEI/H4/Programmation_Embarquee/TPs/TP_Emb_1/hei-2019-2020-lab-sens-it-vervisch-botman/sensit-sdk-v2.0.0/sdk/lib\libSENSIT_SDK_V2.0.0.a(nvmem_api.o)
                0x08001654                NVMEM_API_get_device_id
 .text.NVMEM_API_get_frequency_calibration
                0x08001680       0x1c D:/Documents/Cours_HEI/H4/Programmation_Embarquee/TPs/TP_Emb_1/hei-2019-2020-lab-sens-it-vervisch-botman/sensit-sdk-v2.0.0/sdk/lib\libSENSIT_SDK_V2.0.0.a(nvmem_api.o)
                0x08001680                NVMEM_API_get_frequency_calibration
 .text.NVMEM_API_get_radio_configuration
                0x0800169c       0x14 D:/Documents/Cours_HEI/H4/Programmation_Embarquee/TPs/TP_Emb_1/hei-2019-2020-lab-sens-it-vervisch-botman/sensit-sdk-v2.0.0/sdk/lib\libSENSIT_SDK_V2.0.0.a(nvmem_api.o)
                0x0800169c                NVMEM_API_get_radio_configuration
 .text.NVMEM_API_compute_aes
                0x080016b0       0xc8 D:/Documents/Cours_HEI/H4/Programmation_Embarquee/TPs/TP_Emb_1/hei-2019-2020-lab-sens-it-vervisch-botman/sensit-sdk-v2.0.0/sdk/lib\libSENSIT_SDK_V2.0.0.a(nvmem_api.o)
                0x080016b0                NVMEM_API_compute_aes
 .text.NVMEM_API_init_page_index
                0x08001778       0xb4 D:/Documents/Cours_HEI/H4/Programmation_Embarquee/TPs/TP_Emb_1/hei-2019-2020-lab-sens-it-vervisch-botman/sensit-sdk-v2.0.0/sdk/lib\libSENSIT_SDK_V2.0.0.a(nvmem_api.o)
                0x08001778                NVMEM_API_init_page_index
 .text.NVMEM_API_init
                0x0800182c       0xa0 D:/Documents/Cours_HEI/H4/Programmation_Embarquee/TPs/TP_Emb_1/hei-2019-2020-lab-sens-it-vervisch-botman/sensit-sdk-v2.0.0/sdk/lib\libSENSIT_SDK_V2.0.0.a(nvmem_api.o)
                0x0800182c                NVMEM_API_init
 .text.NVMEM_API_set_data
                0x080018cc       0xd8 D:/Documents/Cours_HEI/H4/Programmation_Embarquee/TPs/TP_Emb_1/hei-2019-2020-lab-sens-it-vervisch-botman/sensit-sdk-v2.0.0/sdk/lib\libSENSIT_SDK_V2.0.0.a(nvmem_api.o)
                0x080018cc                NVMEM_API_set_data
 .text.NVMEM_API_get_data
                0x080019a4       0x58 D:/Documents/Cours_HEI/H4/Programmation_Embarquee/TPs/TP_Emb_1/hei-2019-2020-lab-sens-it-vervisch-botman/sensit-sdk-v2.0.0/sdk/lib\libSENSIT_SDK_V2.0.0.a(nvmem_api.o)
                0x080019a4                NVMEM_API_get_data
 .text.RADIO_init
                0x080019fc       0x1c D:/Documents/Cours_HEI/H4/Programmation_Embarquee/TPs/TP_Emb_1/hei-2019-2020-lab-sens-it-vervisch-botman/sensit-sdk-v2.0.0/sdk/lib\libSENSIT_SDK_V2.0.0.a(radio.o)
                0x080019fc                RADIO_init
 .text.RADIO_power_on
                0x08001a18       0x44 D:/Documents/Cours_HEI/H4/Programmation_Embarquee/TPs/TP_Emb_1/hei-2019-2020-lab-sens-it-vervisch-botman/sensit-sdk-v2.0.0/sdk/lib\libSENSIT_SDK_V2.0.0.a(radio.o)
                0x08001a18                RADIO_power_on
 .text.RADIO_power_off
                0x08001a5c       0x2c D:/Documents/Cours_HEI/H4/Programmation_Embarquee/TPs/TP_Emb_1/hei-2019-2020-lab-sens-it-vervisch-botman/sensit-sdk-v2.0.0/sdk/lib\libSENSIT_SDK_V2.0.0.a(radio.o)
                0x08001a5c                RADIO_power_off
 .text.RADIO_get_state
                0x08001a88        0xc D:/Documents/Cours_HEI/H4/Programmation_Embarquee/TPs/TP_Emb_1/hei-2019-2020-lab-sens-it-vervisch-botman/sensit-sdk-v2.0.0/sdk/lib\libSENSIT_SDK_V2.0.0.a(radio.o)
                0x08001a88                RADIO_get_state
 .text.RADIO_set_rf_line
                0x08001a94       0x50 D:/Documents/Cours_HEI/H4/Programmation_Embarquee/TPs/TP_Emb_1/hei-2019-2020-lab-sens-it-vervisch-botman/sensit-sdk-v2.0.0/sdk/lib\libSENSIT_SDK_V2.0.0.a(radio.o)
                0x08001a94                RADIO_set_rf_line
 .text.RADIO_is_600bps
                0x08001ae4       0x18 D:/Documents/Cours_HEI/H4/Programmation_Embarquee/TPs/TP_Emb_1/hei-2019-2020-lab-sens-it-vervisch-botman/sensit-sdk-v2.0.0/sdk/lib\libSENSIT_SDK_V2.0.0.a(radio.o)
                0x08001ae4                RADIO_is_600bps
 .text.RTC_init
                0x08001afc       0x2c D:/Documents/Cours_HEI/H4/Programmation_Embarquee/TPs/TP_Emb_1/hei-2019-2020-lab-sens-it-vervisch-botman/sensit-sdk-v2.0.0/sdk/lib\libSENSIT_SDK_V2.0.0.a(rtc.o)
                0x08001afc                RTC_init
 .text.RTC_get_current_time
                0x08001b28        0xc D:/Documents/Cours_HEI/H4/Programmation_Embarquee/TPs/TP_Emb_1/hei-2019-2020-lab-sens-it-vervisch-botman/sensit-sdk-v2.0.0/sdk/lib\libSENSIT_SDK_V2.0.0.a(rtc.o)
                0x08001b28                RTC_get_current_time
 .text.RTC_set_alarm_timer
                0x08001b34       0x14 D:/Documents/Cours_HEI/H4/Programmation_Embarquee/TPs/TP_Emb_1/hei-2019-2020-lab-sens-it-vervisch-botman/sensit-sdk-v2.0.0/sdk/lib\libSENSIT_SDK_V2.0.0.a(rtc.o)
                0x08001b34                RTC_set_alarm_timer
 .text.RTC_set_rx_timer
                0x08001b48        0xc D:/Documents/Cours_HEI/H4/Programmation_Embarquee/TPs/TP_Emb_1/hei-2019-2020-lab-sens-it-vervisch-botman/sensit-sdk-v2.0.0/sdk/lib\libSENSIT_SDK_V2.0.0.a(rtc.o)
                0x08001b48                RTC_set_rx_timer
 .text.RTC_wait_frame
                0x08001b54       0x2c D:/Documents/Cours_HEI/H4/Programmation_Embarquee/TPs/TP_Emb_1/hei-2019-2020-lab-sens-it-vervisch-botman/sensit-sdk-v2.0.0/sdk/lib\libSENSIT_SDK_V2.0.0.a(rtc.o)
                0x08001b54                RTC_wait_frame
 .text.RTC_IRQHandler
                0x08001b80       0x68 D:/Documents/Cours_HEI/H4/Programmation_Embarquee/TPs/TP_Emb_1/hei-2019-2020-lab-sens-it-vervisch-botman/sensit-sdk-v2.0.0/sdk/lib\libSENSIT_SDK_V2.0.0.a(rtc.o)
                0x08001b80                RTC_IRQHandler
 .text._init    0x08001be8       0x1c D:/Documents/Cours_HEI/H4/Programmation_Embarquee/TPs/TP_Emb_1/hei-2019-2020-lab-sens-it-vervisch-botman/sensit-sdk-v2.0.0/sdk/lib\libSENSIT_SDK_V2.0.0.a(sensit_api.o)
                0x08001be8                _init
 .text.SENSIT_API_configure_radio
                0x08001c04       0x2a D:/Documents/Cours_HEI/H4/Programmation_Embarquee/TPs/TP_Emb_1/hei-2019-2020-lab-sens-it-vervisch-botman/sensit-sdk-v2.0.0/sdk/lib\libSENSIT_SDK_V2.0.0.a(sensit_api.o)
                0x08001c04                SENSIT_API_configure_radio
 .text.SENSIT_API_switch_radio
                0x08001c2e       0x38 D:/Documents/Cours_HEI/H4/Programmation_Embarquee/TPs/TP_Emb_1/hei-2019-2020-lab-sens-it-vervisch-botman/sensit-sdk-v2.0.0/sdk/lib\libSENSIT_SDK_V2.0.0.a(sensit_api.o)
                0x08001c2e                SENSIT_API_switch_radio
 *fill*         0x08001c66        0x2 
 .text.SENSIT_API_reset
                0x08001c68       0x60 D:/Documents/Cours_HEI/H4/Programmation_Embarquee/TPs/TP_Emb_1/hei-2019-2020-lab-sens-it-vervisch-botman/sensit-sdk-v2.0.0/sdk/lib\libSENSIT_SDK_V2.0.0.a(sensit_api.o)
                0x08001c68                SENSIT_API_reset
 .text.SENSIT_API_sleep
                0x08001cc8        0xa D:/Documents/Cours_HEI/H4/Programmation_Embarquee/TPs/TP_Emb_1/hei-2019-2020-lab-sens-it-vervisch-botman/sensit-sdk-v2.0.0/sdk/lib\libSENSIT_SDK_V2.0.0.a(sensit_api.o)
                0x08001cc8                SENSIT_API_sleep
 .text.SENSIT_API_set_rtc_alarm
                0x08001cd2        0xa D:/Documents/Cours_HEI/H4/Programmation_Embarquee/TPs/TP_Emb_1/hei-2019-2020-lab-sens-it-vervisch-botman/sensit-sdk-v2.0.0/sdk/lib\libSENSIT_SDK_V2.0.0.a(sensit_api.o)
                0x08001cd2                SENSIT_API_set_rtc_alarm
 .text.SENSIT_API_configure_button
                0x08001cdc       0x50 D:/Documents/Cours_HEI/H4/Programmation_Embarquee/TPs/TP_Emb_1/hei-2019-2020-lab-sens-it-vervisch-botman/sensit-sdk-v2.0.0/sdk/lib\libSENSIT_SDK_V2.0.0.a(sensit_api.o)
                0x08001cdc                SENSIT_API_configure_button
 .text.SENSIT_API_get_button_state
                0x08001d2c       0x14 D:/Documents/Cours_HEI/H4/Programmation_Embarquee/TPs/TP_Emb_1/hei-2019-2020-lab-sens-it-vervisch-botman/sensit-sdk-v2.0.0/sdk/lib\libSENSIT_SDK_V2.0.0.a(sensit_api.o)
                0x08001d2c                SENSIT_API_get_button_state
 .text.SENSIT_API_set_rgb_led
                0x08001d40       0x30 D:/Documents/Cours_HEI/H4/Programmation_Embarquee/TPs/TP_Emb_1/hei-2019-2020-lab-sens-it-vervisch-botman/sensit-sdk-v2.0.0/sdk/lib\libSENSIT_SDK_V2.0.0.a(sensit_api.o)
                0x08001d40                SENSIT_API_set_rgb_led
 .text.SENSIT_API_set_white_led
                0x08001d70       0x18 D:/Documents/Cours_HEI/H4/Programmation_Embarquee/TPs/TP_Emb_1/hei-2019-2020-lab-sens-it-vervisch-botman/sensit-sdk-v2.0.0/sdk/lib\libSENSIT_SDK_V2.0.0.a(sensit_api.o)
                0x08001d70                SENSIT_API_set_white_led
 .text.SENSIT_API_get_battery_level
                0x08001d88        0xe D:/Documents/Cours_HEI/H4/Programmation_Embarquee/TPs/TP_Emb_1/hei-2019-2020-lab-sens-it-vervisch-botman/sensit-sdk-v2.0.0/sdk/lib\libSENSIT_SDK_V2.0.0.a(sensit_api.o)
                0x08001d88                SENSIT_API_get_battery_level
 .text.SENSIT_API_get_current_time
                0x08001d96        0xe D:/Documents/Cours_HEI/H4/Programmation_Embarquee/TPs/TP_Emb_1/hei-2019-2020-lab-sens-it-vervisch-botman/sensit-sdk-v2.0.0/sdk/lib\libSENSIT_SDK_V2.0.0.a(sensit_api.o)
                0x08001d96                SENSIT_API_get_current_time
 .text.SENSIT_API_wait
                0x08001da4        0xa D:/Documents/Cours_HEI/H4/Programmation_Embarquee/TPs/TP_Emb_1/hei-2019-2020-lab-sens-it-vervisch-botman/sensit-sdk-v2.0.0/sdk/lib\libSENSIT_SDK_V2.0.0.a(sensit_api.o)
                0x08001da4                SENSIT_API_wait
 .text.SENSIT_API_write_read_i2c_bus
                0x08001dae       0x20 D:/Documents/Cours_HEI/H4/Programmation_Embarquee/TPs/TP_Emb_1/hei-2019-2020-lab-sens-it-vervisch-botman/sensit-sdk-v2.0.0/sdk/lib\libSENSIT_SDK_V2.0.0.a(sensit_api.o)
                0x08001dae                SENSIT_API_write_read_i2c_bus
 *fill*         0x08001dce        0x2 
 .text.SENSIT_API_reset_device_sequence_number
                0x08001dd0       0x20 D:/Documents/Cours_HEI/H4/Programmation_Embarquee/TPs/TP_Emb_1/hei-2019-2020-lab-sens-it-vervisch-botman/sensit-sdk-v2.0.0/sdk/lib\libSENSIT_SDK_V2.0.0.a(sensit_api.o)
                0x08001dd0                SENSIT_API_reset_device_sequence_number
 .text.SIGFOX_API_open
                0x08001df0      0x1b4 D:/Documents/Cours_HEI/H4/Programmation_Embarquee/TPs/TP_Emb_1/hei-2019-2020-lab-sens-it-vervisch-botman/sensit-sdk-v2.0.0/sdk/lib\libSENSIT_SDK_V2.0.0.a(sigfox_api.o)
                0x08001df0                SIGFOX_API_open
 .text.SIGFOX_API_send_frame
                0x08001fa4       0x48 D:/Documents/Cours_HEI/H4/Programmation_Embarquee/TPs/TP_Emb_1/hei-2019-2020-lab-sens-it-vervisch-botman/sensit-sdk-v2.0.0/sdk/lib\libSENSIT_SDK_V2.0.0.a(sigfox_api.o)
                0x08001fa4                SIGFOX_API_send_frame
 .text.SIGFOX_API_set_std_config
                0x08001fec       0x90 D:/Documents/Cours_HEI/H4/Programmation_Embarquee/TPs/TP_Emb_1/hei-2019-2020-lab-sens-it-vervisch-botman/sensit-sdk-v2.0.0/sdk/lib\libSENSIT_SDK_V2.0.0.a(sigfox_api.o)
                0x08001fec                SIGFOX_API_set_std_config
 .text.SIGFOX_INT_randomize
                0x0800207c       0x16 D:/Documents/Cours_HEI/H4/Programmation_Embarquee/TPs/TP_Emb_1/hei-2019-2020-lab-sens-it-vervisch-botman/sensit-sdk-v2.0.0/sdk/lib\libSENSIT_SDK_V2.0.0.a(sigfox_internal.o)
                0x0800207c                SIGFOX_INT_randomize
 .text.SIGFOX_INT_get_max_micro_channel
                0x08002092       0x30 D:/Documents/Cours_HEI/H4/Programmation_Embarquee/TPs/TP_Emb_1/hei-2019-2020-lab-sens-it-vervisch-botman/sensit-sdk-v2.0.0/sdk/lib\libSENSIT_SDK_V2.0.0.a(sigfox_internal.o)
                0x08002092                SIGFOX_INT_get_max_micro_channel
 .text.SIGFOX_INT_get_macro_channel_index
                0x080020c2       0x5a D:/Documents/Cours_HEI/H4/Programmation_Embarquee/TPs/TP_Emb_1/hei-2019-2020-lab-sens-it-vervisch-botman/sensit-sdk-v2.0.0/sdk/lib\libSENSIT_SDK_V2.0.0.a(sigfox_internal.o)
                0x080020c2                SIGFOX_INT_get_macro_channel_index
 .text.SIGFOX_INT_dc_lbt_channel_pn_max
                0x0800211c       0x30 D:/Documents/Cours_HEI/H4/Programmation_Embarquee/TPs/TP_Emb_1/hei-2019-2020-lab-sens-it-vervisch-botman/sensit-sdk-v2.0.0/sdk/lib\libSENSIT_SDK_V2.0.0.a(sigfox_internal.o)
                0x0800211c                SIGFOX_INT_dc_lbt_channel_pn_max
 .text.SIGFOX_INT_dc_lbt_channel_pn_min
                0x0800214c       0x22 D:/Documents/Cours_HEI/H4/Programmation_Embarquee/TPs/TP_Emb_1/hei-2019-2020-lab-sens-it-vervisch-botman/sensit-sdk-v2.0.0/sdk/lib\libSENSIT_SDK_V2.0.0.a(sigfox_internal.o)
                0x0800214c                SIGFOX_INT_dc_lbt_channel_pn_min
 .text.RETURN_CODE
                0x0800216e        0x8 D:/Documents/Cours_HEI/H4/Programmation_Embarquee/TPs/TP_Emb_1/hei-2019-2020-lab-sens-it-vervisch-botman/sensit-sdk-v2.0.0/sdk/lib\libSENSIT_SDK_V2.0.0.a(sigfox_internal.o)
                0x0800216e                RETURN_CODE
 *fill*         0x08002176        0x2 
 .text.SIGFOX_INT_compute_channels
                0x08002178      0x134 D:/Documents/Cours_HEI/H4/Programmation_Embarquee/TPs/TP_Emb_1/hei-2019-2020-lab-sens-it-vervisch-botman/sensit-sdk-v2.0.0/sdk/lib\libSENSIT_SDK_V2.0.0.a(sigfox_internal.o)
                0x08002178                SIGFOX_INT_compute_channels
 .text.SIGFOX_INT_compute_carrier_sense_frequency
                0x080022ac       0x2e D:/Documents/Cours_HEI/H4/Programmation_Embarquee/TPs/TP_Emb_1/hei-2019-2020-lab-sens-it-vervisch-botman/sensit-sdk-v2.0.0/sdk/lib\libSENSIT_SDK_V2.0.0.a(sigfox_internal.o)
                0x080022ac                SIGFOX_INT_compute_carrier_sense_frequency
 .text.SIGFOX_INT_store_nvm
                0x080022da       0x32 D:/Documents/Cours_HEI/H4/Programmation_Embarquee/TPs/TP_Emb_1/hei-2019-2020-lab-sens-it-vervisch-botman/sensit-sdk-v2.0.0/sdk/lib\libSENSIT_SDK_V2.0.0.a(sigfox_internal.o)
                0x080022da                SIGFOX_INT_store_nvm
 .text.SIGFOX_INT_build_frame
                0x0800230c      0x1da D:/Documents/Cours_HEI/H4/Programmation_Embarquee/TPs/TP_Emb_1/hei-2019-2020-lab-sens-it-vervisch-botman/sensit-sdk-v2.0.0/sdk/lib\libSENSIT_SDK_V2.0.0.a(sigfox_internal.o)
                0x0800230c                SIGFOX_INT_build_frame
 *fill*         0x080024e6        0x2 
 .text.SIGFOX_INT_prepare_transmission
                0x080024e8       0x88 D:/Documents/Cours_HEI/H4/Programmation_Embarquee/TPs/TP_Emb_1/hei-2019-2020-lab-sens-it-vervisch-botman/sensit-sdk-v2.0.0/sdk/lib\libSENSIT_SDK_V2.0.0.a(sigfox_internal.o)
                0x080024e8                SIGFOX_INT_prepare_transmission
 .text.SIGFOX_INT_send_single_frame
                0x08002570       0x98 D:/Documents/Cours_HEI/H4/Programmation_Embarquee/TPs/TP_Emb_1/hei-2019-2020-lab-sens-it-vervisch-botman/sensit-sdk-v2.0.0/sdk/lib\libSENSIT_SDK_V2.0.0.a(sigfox_internal.o)
                0x08002570                SIGFOX_INT_send_single_frame
 .text.SIGFOX_INT_execute_carrier_sense
                0x08002608       0x3a D:/Documents/Cours_HEI/H4/Programmation_Embarquee/TPs/TP_Emb_1/hei-2019-2020-lab-sens-it-vervisch-botman/sensit-sdk-v2.0.0/sdk/lib\libSENSIT_SDK_V2.0.0.a(sigfox_internal.o)
                0x08002608                SIGFOX_INT_execute_carrier_sense
 .text.SIGFOX_INT_downlink_configuration
                0x08002642       0x4c D:/Documents/Cours_HEI/H4/Programmation_Embarquee/TPs/TP_Emb_1/hei-2019-2020-lab-sens-it-vervisch-botman/sensit-sdk-v2.0.0/sdk/lib\libSENSIT_SDK_V2.0.0.a(sigfox_internal.o)
                0x08002642                SIGFOX_INT_downlink_configuration
 .text.SIGFOX_INT_get_received_frames
                0x0800268e      0x10a D:/Documents/Cours_HEI/H4/Programmation_Embarquee/TPs/TP_Emb_1/hei-2019-2020-lab-sens-it-vervisch-botman/sensit-sdk-v2.0.0/sdk/lib\libSENSIT_SDK_V2.0.0.a(sigfox_internal.o)
                0x0800268e                SIGFOX_INT_get_received_frames
 .text.SIGFOX_INT_process_downlink
                0x08002798       0x46 D:/Documents/Cours_HEI/H4/Programmation_Embarquee/TPs/TP_Emb_1/hei-2019-2020-lab-sens-it-vervisch-botman/sensit-sdk-v2.0.0/sdk/lib\libSENSIT_SDK_V2.0.0.a(sigfox_internal.o)
                0x08002798                SIGFOX_INT_process_downlink
 *fill*         0x080027de        0x2 
 .text.SIGFOX_INT_compute_uplink_frequency
                0x080027e0       0x94 D:/Documents/Cours_HEI/H4/Programmation_Embarquee/TPs/TP_Emb_1/hei-2019-2020-lab-sens-it-vervisch-botman/sensit-sdk-v2.0.0/sdk/lib\libSENSIT_SDK_V2.0.0.a(sigfox_internal.o)
                0x080027e0                SIGFOX_INT_compute_uplink_frequency
 .text.SIGFOX_INT_process_uplink
                0x08002874      0x28c D:/Documents/Cours_HEI/H4/Programmation_Embarquee/TPs/TP_Emb_1/hei-2019-2020-lab-sens-it-vervisch-botman/sensit-sdk-v2.0.0/sdk/lib\libSENSIT_SDK_V2.0.0.a(sigfox_internal.o)
                0x08002874                SIGFOX_INT_process_uplink
 .text.SIGFOX_INT_execute_communication_sequence
                0x08002b00      0x118 D:/Documents/Cours_HEI/H4/Programmation_Embarquee/TPs/TP_Emb_1/hei-2019-2020-lab-sens-it-vervisch-botman/sensit-sdk-v2.0.0/sdk/lib\libSENSIT_SDK_V2.0.0.a(sigfox_internal.o)
                0x08002b00                SIGFOX_INT_execute_communication_sequence
 .text.SIGFOX_INT_get_device_id
                0x08002c18       0x18 D:/Documents/Cours_HEI/H4/Programmation_Embarquee/TPs/TP_Emb_1/hei-2019-2020-lab-sens-it-vervisch-botman/sensit-sdk-v2.0.0/sdk/lib\libSENSIT_SDK_V2.0.0.a(sigfox_internal.o)
                0x08002c18                SIGFOX_INT_get_device_id
 .text.SIGFOX_PN_next_pn
                0x08002c30       0x50 D:/Documents/Cours_HEI/H4/Programmation_Embarquee/TPs/TP_Emb_1/hei-2019-2020-lab-sens-it-vervisch-botman/sensit-sdk-v2.0.0/sdk/lib\libSENSIT_SDK_V2.0.0.a(sigfox_pn.o)
                0x08002c30                SIGFOX_PN_next_pn
 .text.SIGFOX_SCRAMB_compute
                0x08002c80       0x8c D:/Documents/Cours_HEI/H4/Programmation_Embarquee/TPs/TP_Emb_1/hei-2019-2020-lab-sens-it-vervisch-botman/sensit-sdk-v2.0.0/sdk/lib\libSENSIT_SDK_V2.0.0.a(sigfox_scramb.o)
                0x08002c80                SIGFOX_SCRAMB_compute
 .text.SLEEP_handler
                0x08002d0c       0x88 D:/Documents/Cours_HEI/H4/Programmation_Embarquee/TPs/TP_Emb_1/hei-2019-2020-lab-sens-it-vervisch-botman/sensit-sdk-v2.0.0/sdk/lib\libSENSIT_SDK_V2.0.0.a(sleep.o)
                0x08002d0c                SLEEP_handler
 .text.SPI_init
                0x08002d94       0x30 D:/Documents/Cours_HEI/H4/Programmation_Embarquee/TPs/TP_Emb_1/hei-2019-2020-lab-sens-it-vervisch-botman/sensit-sdk-v2.0.0/sdk/lib\libSENSIT_SDK_V2.0.0.a(spi.o)
                0x08002d94                SPI_init
 .text.SPI_disable
                0x08002dc4       0x34 D:/Documents/Cours_HEI/H4/Programmation_Embarquee/TPs/TP_Emb_1/hei-2019-2020-lab-sens-it-vervisch-botman/sensit-sdk-v2.0.0/sdk/lib\libSENSIT_SDK_V2.0.0.a(spi.o)
                0x08002dc4                SPI_disable
 .text.SPI_enable
                0x08002df8       0x30 D:/Documents/Cours_HEI/H4/Programmation_Embarquee/TPs/TP_Emb_1/hei-2019-2020-lab-sens-it-vervisch-botman/sensit-sdk-v2.0.0/sdk/lib\libSENSIT_SDK_V2.0.0.a(spi.o)
                0x08002df8                SPI_enable
 .text.SPI_write_read
                0x08002e28       0x2c D:/Documents/Cours_HEI/H4/Programmation_Embarquee/TPs/TP_Emb_1/hei-2019-2020-lab-sens-it-vervisch-botman/sensit-sdk-v2.0.0/sdk/lib\libSENSIT_SDK_V2.0.0.a(spi.o)
                0x08002e28                SPI_write_read
 .text.Reset_Handler
                0x08002e54       0x80 D:/Documents/Cours_HEI/H4/Programmation_Embarquee/TPs/TP_Emb_1/hei-2019-2020-lab-sens-it-vervisch-botman/sensit-sdk-v2.0.0/sdk/lib\libSENSIT_SDK_V2.0.0.a(startup_stm32f042x6.o)
                0x08002e54                Reset_Handler
 .text.Default_Handler
                0x08002ed4        0x2 D:/Documents/Cours_HEI/H4/Programmation_Embarquee/TPs/TP_Emb_1/hei-2019-2020-lab-sens-it-vervisch-botman/sensit-sdk-v2.0.0/sdk/lib\libSENSIT_SDK_V2.0.0.a(startup_stm32f042x6.o)
                0x08002ed4                TIM1_CC_IRQHandler
                0x08002ed4                TSC_IRQHandler
                0x08002ed4                SysTick_Handler
                0x08002ed4                PendSV_Handler
                0x08002ed4                I2C1_IRQHandler
                0x08002ed4                RCC_CRS_IRQHandler
                0x08002ed4                SPI1_IRQHandler
                0x08002ed4                EXTI2_3_IRQHandler
                0x08002ed4                ADC1_IRQHandler
                0x08002ed4                TIM17_IRQHandler
                0x08002ed4                CEC_CAN_IRQHandler
                0x08002ed4                PVD_VDDIO2_IRQHandler
                0x08002ed4                TIM3_IRQHandler
                0x08002ed4                DMA1_Channel1_IRQHandler
                0x08002ed4                Default_Handler
                0x08002ed4                TIM14_IRQHandler
                0x08002ed4                DMA1_Channel4_5_IRQHandler
                0x08002ed4                EXTI0_1_IRQHandler
                0x08002ed4                SPI2_IRQHandler
                0x08002ed4                SVC_Handler
                0x08002ed4                DMA1_Channel2_3_IRQHandler
                0x08002ed4                USART2_IRQHandler
                0x08002ed4                FLASH_IRQHandler
                0x08002ed4                TIM1_BRK_UP_TRG_COM_IRQHandler
 *fill*         0x08002ed6        0x2 
 .text.SystemInit
                0x08002ed8      0x178 D:/Documents/Cours_HEI/H4/Programmation_Embarquee/TPs/TP_Emb_1/hei-2019-2020-lab-sens-it-vervisch-botman/sensit-sdk-v2.0.0/sdk/lib\libSENSIT_SDK_V2.0.0.a(system_stm32f0xx.o)
                0x08002ed8                SystemInit
 .text.SYSTICK_wait_ms
                0x08003050       0x84 D:/Documents/Cours_HEI/H4/Programmation_Embarquee/TPs/TP_Emb_1/hei-2019-2020-lab-sens-it-vervisch-botman/sensit-sdk-v2.0.0/sdk/lib\libSENSIT_SDK_V2.0.0.a(systick.o)
                0x08003050                SYSTICK_wait_ms
 .text.SYSTICK_wait_tick
                0x080030d4       0x38 D:/Documents/Cours_HEI/H4/Programmation_Embarquee/TPs/TP_Emb_1/hei-2019-2020-lab-sens-it-vervisch-botman/sensit-sdk-v2.0.0/sdk/lib\libSENSIT_SDK_V2.0.0.a(systick.o)
                0x080030d4                SYSTICK_wait_tick
 .text.USART1_IRQHandler
                0x0800310c       0x68 D:/Documents/Cours_HEI/H4/Programmation_Embarquee/TPs/TP_Emb_1/hei-2019-2020-lab-sens-it-vervisch-botman/sensit-sdk-v2.0.0/sdk/lib\libSENSIT_SDK_V2.0.0.a(uart.o)
                0x0800310c                USART1_IRQHandler
 .text.HAL_PCD_SetupStageCallback
                0x08003174       0x14 D:/Documents/Cours_HEI/H4/Programmation_Embarquee/TPs/TP_Emb_1/hei-2019-2020-lab-sens-it-vervisch-botman/sensit-sdk-v2.0.0/sdk/lib\libSENSIT_SDK_V2.0.0.a(usbd_conf.o)
                0x08003174                HAL_PCD_SetupStageCallback
 .text.HAL_PCD_DataOutStageCallback
                0x08003188       0x18 D:/Documents/Cours_HEI/H4/Programmation_Embarquee/TPs/TP_Emb_1/hei-2019-2020-lab-sens-it-vervisch-botman/sensit-sdk-v2.0.0/sdk/lib\libSENSIT_SDK_V2.0.0.a(usbd_conf.o)
                0x08003188                HAL_PCD_DataOutStageCallback
 .text.HAL_PCD_DataInStageCallback
                0x080031a0       0x16 D:/Documents/Cours_HEI/H4/Programmation_Embarquee/TPs/TP_Emb_1/hei-2019-2020-lab-sens-it-vervisch-botman/sensit-sdk-v2.0.0/sdk/lib\libSENSIT_SDK_V2.0.0.a(usbd_conf.o)
                0x080031a0                HAL_PCD_DataInStageCallback
 .text.HAL_PCD_SOFCallback
                0x080031b6        0xe D:/Documents/Cours_HEI/H4/Programmation_Embarquee/TPs/TP_Emb_1/hei-2019-2020-lab-sens-it-vervisch-botman/sensit-sdk-v2.0.0/sdk/lib\libSENSIT_SDK_V2.0.0.a(usbd_conf.o)
                0x080031b6                HAL_PCD_SOFCallback
 .text.HAL_PCD_ResetCallback
                0x080031c4       0x18 D:/Documents/Cours_HEI/H4/Programmation_Embarquee/TPs/TP_Emb_1/hei-2019-2020-lab-sens-it-vervisch-botman/sensit-sdk-v2.0.0/sdk/lib\libSENSIT_SDK_V2.0.0.a(usbd_conf.o)
                0x080031c4                HAL_PCD_ResetCallback
 .text.HAL_PCD_SuspendCallback
                0x080031dc        0xe D:/Documents/Cours_HEI/H4/Programmation_Embarquee/TPs/TP_Emb_1/hei-2019-2020-lab-sens-it-vervisch-botman/sensit-sdk-v2.0.0/sdk/lib\libSENSIT_SDK_V2.0.0.a(usbd_conf.o)
                0x080031dc                HAL_PCD_SuspendCallback
 .text.HAL_PCD_ResumeCallback
                0x080031ea        0xe D:/Documents/Cours_HEI/H4/Programmation_Embarquee/TPs/TP_Emb_1/hei-2019-2020-lab-sens-it-vervisch-botman/sensit-sdk-v2.0.0/sdk/lib\libSENSIT_SDK_V2.0.0.a(usbd_conf.o)
                0x080031ea                HAL_PCD_ResumeCallback
 .text.USBD_LL_OpenEP
                0x080031f8       0x16 D:/Documents/Cours_HEI/H4/Programmation_Embarquee/TPs/TP_Emb_1/hei-2019-2020-lab-sens-it-vervisch-botman/sensit-sdk-v2.0.0/sdk/lib\libSENSIT_SDK_V2.0.0.a(usbd_conf.o)
                0x080031f8                USBD_LL_OpenEP
 .text.USBD_LL_StallEP
                0x0800320e       0x10 D:/Documents/Cours_HEI/H4/Programmation_Embarquee/TPs/TP_Emb_1/hei-2019-2020-lab-sens-it-vervisch-botman/sensit-sdk-v2.0.0/sdk/lib\libSENSIT_SDK_V2.0.0.a(usbd_conf.o)
                0x0800320e                USBD_LL_StallEP
 .text.USBD_LL_ClearStallEP
                0x0800321e       0x10 D:/Documents/Cours_HEI/H4/Programmation_Embarquee/TPs/TP_Emb_1/hei-2019-2020-lab-sens-it-vervisch-botman/sensit-sdk-v2.0.0/sdk/lib\libSENSIT_SDK_V2.0.0.a(usbd_conf.o)
                0x0800321e                USBD_LL_ClearStallEP
 .text.USBD_LL_IsStallEP
                0x0800322e       0x26 D:/Documents/Cours_HEI/H4/Programmation_Embarquee/TPs/TP_Emb_1/hei-2019-2020-lab-sens-it-vervisch-botman/sensit-sdk-v2.0.0/sdk/lib\libSENSIT_SDK_V2.0.0.a(usbd_conf.o)
                0x0800322e                USBD_LL_IsStallEP
 .text.USBD_LL_SetUSBAddress
                0x08003254       0x10 D:/Documents/Cours_HEI/H4/Programmation_Embarquee/TPs/TP_Emb_1/hei-2019-2020-lab-sens-it-vervisch-botman/sensit-sdk-v2.0.0/sdk/lib\libSENSIT_SDK_V2.0.0.a(usbd_conf.o)
                0x08003254                USBD_LL_SetUSBAddress
 .text.USBD_LL_Transmit
                0x08003264       0x10 D:/Documents/Cours_HEI/H4/Programmation_Embarquee/TPs/TP_Emb_1/hei-2019-2020-lab-sens-it-vervisch-botman/sensit-sdk-v2.0.0/sdk/lib\libSENSIT_SDK_V2.0.0.a(usbd_conf.o)
                0x08003264                USBD_LL_Transmit
 .text.USBD_LL_PrepareReceive
                0x08003274       0x10 D:/Documents/Cours_HEI/H4/Programmation_Embarquee/TPs/TP_Emb_1/hei-2019-2020-lab-sens-it-vervisch-botman/sensit-sdk-v2.0.0/sdk/lib\libSENSIT_SDK_V2.0.0.a(usbd_conf.o)
                0x08003274                USBD_LL_PrepareReceive
 .text.USB_IRQHandler
                0x08003284       0x10 D:/Documents/Cours_HEI/H4/Programmation_Embarquee/TPs/TP_Emb_1/hei-2019-2020-lab-sens-it-vervisch-botman/sensit-sdk-v2.0.0/sdk/lib\libSENSIT_SDK_V2.0.0.a(usbd_conf.o)
                0x08003284                USB_IRQHandler
 .text.USBD_SetClassConfig
                0x08003294       0x1a D:/Documents/Cours_HEI/H4/Programmation_Embarquee/TPs/TP_Emb_1/hei-2019-2020-lab-sens-it-vervisch-botman/sensit-sdk-v2.0.0/sdk/lib\libSENSIT_SDK_V2.0.0.a(usbd_core.o)
                0x08003294                USBD_SetClassConfig
 .text.USBD_ClrClassConfig
                0x080032ae       0x10 D:/Documents/Cours_HEI/H4/Programmation_Embarquee/TPs/TP_Emb_1/hei-2019-2020-lab-sens-it-vervisch-botman/sensit-sdk-v2.0.0/sdk/lib\libSENSIT_SDK_V2.0.0.a(usbd_core.o)
                0x080032ae                USBD_ClrClassConfig
 *fill*         0x080032be        0x2 
 .text.USBD_LL_SetupStage
                0x080032c0       0x68 D:/Documents/Cours_HEI/H4/Programmation_Embarquee/TPs/TP_Emb_1/hei-2019-2020-lab-sens-it-vervisch-botman/sensit-sdk-v2.0.0/sdk/lib\libSENSIT_SDK_V2.0.0.a(usbd_core.o)
                0x080032c0                USBD_LL_SetupStage
 .text.USBD_LL_DataOutStage
                0x08003328       0x74 D:/Documents/Cours_HEI/H4/Programmation_Embarquee/TPs/TP_Emb_1/hei-2019-2020-lab-sens-it-vervisch-botman/sensit-sdk-v2.0.0/sdk/lib\libSENSIT_SDK_V2.0.0.a(usbd_core.o)
                0x08003328                USBD_LL_DataOutStage
 .text.USBD_LL_DataInStage
                0x0800339c       0xac D:/Documents/Cours_HEI/H4/Programmation_Embarquee/TPs/TP_Emb_1/hei-2019-2020-lab-sens-it-vervisch-botman/sensit-sdk-v2.0.0/sdk/lib\libSENSIT_SDK_V2.0.0.a(usbd_core.o)
                0x0800339c                USBD_LL_DataInStage
 .text.USBD_LL_Reset
                0x08003448       0x48 D:/Documents/Cours_HEI/H4/Programmation_Embarquee/TPs/TP_Emb_1/hei-2019-2020-lab-sens-it-vervisch-botman/sensit-sdk-v2.0.0/sdk/lib\libSENSIT_SDK_V2.0.0.a(usbd_core.o)
                0x08003448                USBD_LL_Reset
 .text.USBD_LL_SetSpeed
                0x08003490        0x6 D:/Documents/Cours_HEI/H4/Programmation_Embarquee/TPs/TP_Emb_1/hei-2019-2020-lab-sens-it-vervisch-botman/sensit-sdk-v2.0.0/sdk/lib\libSENSIT_SDK_V2.0.0.a(usbd_core.o)
                0x08003490                USBD_LL_SetSpeed
 .text.USBD_LL_Suspend
                0x08003496       0x16 D:/Documents/Cours_HEI/H4/Programmation_Embarquee/TPs/TP_Emb_1/hei-2019-2020-lab-sens-it-vervisch-botman/sensit-sdk-v2.0.0/sdk/lib\libSENSIT_SDK_V2.0.0.a(usbd_core.o)
                0x08003496                USBD_LL_Suspend
 .text.USBD_LL_Resume
                0x080034ac        0xe D:/Documents/Cours_HEI/H4/Programmation_Embarquee/TPs/TP_Emb_1/hei-2019-2020-lab-sens-it-vervisch-botman/sensit-sdk-v2.0.0/sdk/lib\libSENSIT_SDK_V2.0.0.a(usbd_core.o)
                0x080034ac                USBD_LL_Resume
 .text.USBD_LL_SOF
                0x080034ba       0x1e D:/Documents/Cours_HEI/H4/Programmation_Embarquee/TPs/TP_Emb_1/hei-2019-2020-lab-sens-it-vervisch-botman/sensit-sdk-v2.0.0/sdk/lib\libSENSIT_SDK_V2.0.0.a(usbd_core.o)
                0x080034ba                USBD_LL_SOF
 .text.USBD_CtlError.constprop.0
                0x080034d8       0x14 D:/Documents/Cours_HEI/H4/Programmation_Embarquee/TPs/TP_Emb_1/hei-2019-2020-lab-sens-it-vervisch-botman/sensit-sdk-v2.0.0/sdk/lib\libSENSIT_SDK_V2.0.0.a(usbd_ctlreq.o)
 .text.USBD_StdDevReq
                0x080034ec      0x224 D:/Documents/Cours_HEI/H4/Programmation_Embarquee/TPs/TP_Emb_1/hei-2019-2020-lab-sens-it-vervisch-botman/sensit-sdk-v2.0.0/sdk/lib\libSENSIT_SDK_V2.0.0.a(usbd_ctlreq.o)
                0x080034ec                USBD_StdDevReq
 .text.USBD_StdItfReq
                0x08003710       0x38 D:/Documents/Cours_HEI/H4/Programmation_Embarquee/TPs/TP_Emb_1/hei-2019-2020-lab-sens-it-vervisch-botman/sensit-sdk-v2.0.0/sdk/lib\libSENSIT_SDK_V2.0.0.a(usbd_ctlreq.o)
                0x08003710                USBD_StdItfReq
 .text.USBD_StdEPReq
                0x08003748       0xd4 D:/Documents/Cours_HEI/H4/Programmation_Embarquee/TPs/TP_Emb_1/hei-2019-2020-lab-sens-it-vervisch-botman/sensit-sdk-v2.0.0/sdk/lib\libSENSIT_SDK_V2.0.0.a(usbd_ctlreq.o)
                0x08003748                USBD_StdEPReq
 .text.USBD_ParseSetupRequest
                0x0800381c       0x28 D:/Documents/Cours_HEI/H4/Programmation_Embarquee/TPs/TP_Emb_1/hei-2019-2020-lab-sens-it-vervisch-botman/sensit-sdk-v2.0.0/sdk/lib\libSENSIT_SDK_V2.0.0.a(usbd_ctlreq.o)
                0x0800381c                USBD_ParseSetupRequest
 .text.USBD_CtlSendData
                0x08003844       0x1c D:/Documents/Cours_HEI/H4/Programmation_Embarquee/TPs/TP_Emb_1/hei-2019-2020-lab-sens-it-vervisch-botman/sensit-sdk-v2.0.0/sdk/lib\libSENSIT_SDK_V2.0.0.a(usbd_ioreq.o)
                0x08003844                USBD_CtlSendData
 .text.USBD_CtlContinueSendData
                0x08003860       0x10 D:/Documents/Cours_HEI/H4/Programmation_Embarquee/TPs/TP_Emb_1/hei-2019-2020-lab-sens-it-vervisch-botman/sensit-sdk-v2.0.0/sdk/lib\libSENSIT_SDK_V2.0.0.a(usbd_ioreq.o)
                0x08003860                USBD_CtlContinueSendData
 .text.USBD_CtlContinueRx
                0x08003870       0x10 D:/Documents/Cours_HEI/H4/Programmation_Embarquee/TPs/TP_Emb_1/hei-2019-2020-lab-sens-it-vervisch-botman/sensit-sdk-v2.0.0/sdk/lib\libSENSIT_SDK_V2.0.0.a(usbd_ioreq.o)
                0x08003870                USBD_CtlContinueRx
 .text.USBD_CtlSendStatus
                0x08003880       0x18 D:/Documents/Cours_HEI/H4/Programmation_Embarquee/TPs/TP_Emb_1/hei-2019-2020-lab-sens-it-vervisch-botman/sensit-sdk-v2.0.0/sdk/lib\libSENSIT_SDK_V2.0.0.a(usbd_ioreq.o)
                0x08003880                USBD_CtlSendStatus
 .text.USBD_CtlReceiveStatus
                0x08003898       0x18 D:/Documents/Cours_HEI/H4/Programmation_Embarquee/TPs/TP_Emb_1/hei-2019-2020-lab-sens-it-vervisch-botman/sensit-sdk-v2.0.0/sdk/lib\libSENSIT_SDK_V2.0.0.a(usbd_ioreq.o)
                0x08003898                USBD_CtlReceiveStatus
 .text.WATCHDOG_clear
                0x080038b0       0x10 D:/Documents/Cours_HEI/H4/Programmation_Embarquee/TPs/TP_Emb_1/hei-2019-2020-lab-sens-it-vervisch-botman/sensit-sdk-v2.0.0/sdk/lib\libSENSIT_SDK_V2.0.0.a(watchdog.o)
                0x080038b0                WATCHDOG_clear
 .text.ADC_init
                0x080038c0       0x88 D:/Documents/Cours_HEI/H4/Programmation_Embarquee/TPs/TP_Emb_1/hei-2019-2020-lab-sens-it-vervisch-botman/sensit-sdk-v2.0.0/sdk/lib\libSENSIT_SDK_V2.0.0.a(adc.o)
                0x080038c0                ADC_init
 .text.ADC_measure_battery
                0x08003948       0x84 D:/Documents/Cours_HEI/H4/Programmation_Embarquee/TPs/TP_Emb_1/hei-2019-2020-lab-sens-it-vervisch-botman/sensit-sdk-v2.0.0/sdk/lib\libSENSIT_SDK_V2.0.0.a(adc.o)
                0x08003948                ADC_measure_battery
 .text.ADC_get_last_battery_level
                0x080039cc        0xc D:/Documents/Cours_HEI/H4/Programmation_Embarquee/TPs/TP_Emb_1/hei-2019-2020-lab-sens-it-vervisch-botman/sensit-sdk-v2.0.0/sdk/lib\libSENSIT_SDK_V2.0.0.a(adc.o)
                0x080039cc                ADC_get_last_battery_level
 .text.ADC_get_battery_level
                0x080039d8       0x10 D:/Documents/Cours_HEI/H4/Programmation_Embarquee/TPs/TP_Emb_1/hei-2019-2020-lab-sens-it-vervisch-botman/sensit-sdk-v2.0.0/sdk/lib\libSENSIT_SDK_V2.0.0.a(adc.o)
                0x080039d8                ADC_get_battery_level
 .text.ADC_measure_temperature
                0x080039e8       0x68 D:/Documents/Cours_HEI/H4/Programmation_Embarquee/TPs/TP_Emb_1/hei-2019-2020-lab-sens-it-vervisch-botman/sensit-sdk-v2.0.0/sdk/lib\libSENSIT_SDK_V2.0.0.a(adc.o)
                0x080039e8                ADC_measure_temperature
 .text.AESEncode
                0x08003a50      0x1c0 D:/Documents/Cours_HEI/H4/Programmation_Embarquee/TPs/TP_Emb_1/hei-2019-2020-lab-sens-it-vervisch-botman/sensit-sdk-v2.0.0/sdk/lib\libSENSIT_SDK_V2.0.0.a(aes.o)
                0x08003a50                AESEncode
 .text.calibReadHSI48clk
                0x08003c10       0x84 D:/Documents/Cours_HEI/H4/Programmation_Embarquee/TPs/TP_Emb_1/hei-2019-2020-lab-sens-it-vervisch-botman/sensit-sdk-v2.0.0/sdk/lib\libSENSIT_SDK_V2.0.0.a(calib.o)
 .text.calibRTCclkIsCalibrated
                0x08003c94      0x1a0 D:/Documents/Cours_HEI/H4/Programmation_Embarquee/TPs/TP_Emb_1/hei-2019-2020-lab-sens-it-vervisch-botman/sensit-sdk-v2.0.0/sdk/lib\libSENSIT_SDK_V2.0.0.a(calib.o)
                0x08003c94                calibRTCclkIsCalibrated
 .text.calibHSI48clkIsCalibrated
                0x08003e34       0x90 D:/Documents/Cours_HEI/H4/Programmation_Embarquee/TPs/TP_Emb_1/hei-2019-2020-lab-sens-it-vervisch-botman/sensit-sdk-v2.0.0/sdk/lib\libSENSIT_SDK_V2.0.0.a(calib.o)
                0x08003e34                calibHSI48clkIsCalibrated
 .text.CC1125_send_strobe
                0x08003ec4       0x2c D:/Documents/Cours_HEI/H4/Programmation_Embarquee/TPs/TP_Emb_1/hei-2019-2020-lab-sens-it-vervisch-botman/sensit-sdk-v2.0.0/sdk/lib\libSENSIT_SDK_V2.0.0.a(cc1125.o)
                0x08003ec4                CC1125_send_strobe
 .text.CC1125_write_reg
                0x08003ef0       0x54 D:/Documents/Cours_HEI/H4/Programmation_Embarquee/TPs/TP_Emb_1/hei-2019-2020-lab-sens-it-vervisch-botman/sensit-sdk-v2.0.0/sdk/lib\libSENSIT_SDK_V2.0.0.a(cc1125.o)
                0x08003ef0                CC1125_write_reg
 .text.CC1125_read_reg
                0x08003f44       0x54 D:/Documents/Cours_HEI/H4/Programmation_Embarquee/TPs/TP_Emb_1/hei-2019-2020-lab-sens-it-vervisch-botman/sensit-sdk-v2.0.0/sdk/lib\libSENSIT_SDK_V2.0.0.a(cc1125.o)
                0x08003f44                CC1125_read_reg
 .text.CC1125_output_clock
                0x08003f98       0x18 D:/Documents/Cours_HEI/H4/Programmation_Embarquee/TPs/TP_Emb_1/hei-2019-2020-lab-sens-it-vervisch-botman/sensit-sdk-v2.0.0/sdk/lib\libSENSIT_SDK_V2.0.0.a(cc1125.o)
                0x08003f98                CC1125_output_clock
 .text.CRC_compute
                0x08003fb0       0x4c D:/Documents/Cours_HEI/H4/Programmation_Embarquee/TPs/TP_Emb_1/hei-2019-2020-lab-sens-it-vervisch-botman/sensit-sdk-v2.0.0/sdk/lib\libSENSIT_SDK_V2.0.0.a(crc.o)
                0x08003fb0                CRC_compute
 .text.FLASH_unlock
                0x08003ffc       0x3c D:/Documents/Cours_HEI/H4/Programmation_Embarquee/TPs/TP_Emb_1/hei-2019-2020-lab-sens-it-vervisch-botman/sensit-sdk-v2.0.0/sdk/lib\libSENSIT_SDK_V2.0.0.a(flash.o)
                0x08003ffc                FLASH_unlock
 .text.FLASH_lock
                0x08004038       0x14 D:/Documents/Cours_HEI/H4/Programmation_Embarquee/TPs/TP_Emb_1/hei-2019-2020-lab-sens-it-vervisch-botman/sensit-sdk-v2.0.0/sdk/lib\libSENSIT_SDK_V2.0.0.a(flash.o)
                0x08004038                FLASH_lock
 .text.FLASH_write
                0x0800404c       0x40 D:/Documents/Cours_HEI/H4/Programmation_Embarquee/TPs/TP_Emb_1/hei-2019-2020-lab-sens-it-vervisch-botman/sensit-sdk-v2.0.0/sdk/lib\libSENSIT_SDK_V2.0.0.a(flash.o)
                0x0800404c                FLASH_write
 .text.FLASH_erase_page
                0x0800408c       0x90 D:/Documents/Cours_HEI/H4/Programmation_Embarquee/TPs/TP_Emb_1/hei-2019-2020-lab-sens-it-vervisch-botman/sensit-sdk-v2.0.0/sdk/lib\libSENSIT_SDK_V2.0.0.a(flash.o)
                0x0800408c                FLASH_erase_page
 .text._handler
                0x0800411c       0x44 D:/Documents/Cours_HEI/H4/Programmation_Embarquee/TPs/TP_Emb_1/hei-2019-2020-lab-sens-it-vervisch-botman/sensit-sdk-v2.0.0/sdk/lib\libSENSIT_SDK_V2.0.0.a(gpio.o)
 .text.GPIO_init
                0x08004160       0xcc D:/Documents/Cours_HEI/H4/Programmation_Embarquee/TPs/TP_Emb_1/hei-2019-2020-lab-sens-it-vervisch-botman/sensit-sdk-v2.0.0/sdk/lib\libSENSIT_SDK_V2.0.0.a(gpio.o)
                0x08004160                GPIO_init
 .text.EXTI4_15_IRQHandler
                0x0800422c       0x88 D:/Documents/Cours_HEI/H4/Programmation_Embarquee/TPs/TP_Emb_1/hei-2019-2020-lab-sens-it-vervisch-botman/sensit-sdk-v2.0.0/sdk/lib\libSENSIT_SDK_V2.0.0.a(gpio.o)
                0x0800422c                EXTI4_15_IRQHandler
 .text.HardFault_Handler
                0x080042b4        0x8 D:/Documents/Cours_HEI/H4/Programmation_Embarquee/TPs/TP_Emb_1/hei-2019-2020-lab-sens-it-vervisch-botman/sensit-sdk-v2.0.0/sdk/lib\libSENSIT_SDK_V2.0.0.a(gpio.o)
                0x080042b4                HardFault_Handler
 .text.NMI_Handler
                0x080042bc        0x8 D:/Documents/Cours_HEI/H4/Programmation_Embarquee/TPs/TP_Emb_1/hei-2019-2020-lab-sens-it-vervisch-botman/sensit-sdk-v2.0.0/sdk/lib\libSENSIT_SDK_V2.0.0.a(gpio.o)
                0x080042bc                NMI_Handler
 .text.WWDG_IRQHandler
                0x080042c4        0x8 D:/Documents/Cours_HEI/H4/Programmation_Embarquee/TPs/TP_Emb_1/hei-2019-2020-lab-sens-it-vervisch-botman/sensit-sdk-v2.0.0/sdk/lib\libSENSIT_SDK_V2.0.0.a(gpio.o)
                0x080042c4                WWDG_IRQHandler
 .text.I2C_init
                0x080042cc       0x30 D:/Documents/Cours_HEI/H4/Programmation_Embarquee/TPs/TP_Emb_1/hei-2019-2020-lab-sens-it-vervisch-botman/sensit-sdk-v2.0.0/sdk/lib\libSENSIT_SDK_V2.0.0.a(i2c.o)
                0x080042cc                I2C_init
 .text.I2C_write_read
                0x080042fc      0x160 D:/Documents/Cours_HEI/H4/Programmation_Embarquee/TPs/TP_Emb_1/hei-2019-2020-lab-sens-it-vervisch-botman/sensit-sdk-v2.0.0/sdk/lib\libSENSIT_SDK_V2.0.0.a(i2c.o)
                0x080042fc                I2C_write_read
 .text.LED_set_toggle_color
                0x0800445c        0xc D:/Documents/Cours_HEI/H4/Programmation_Embarquee/TPs/TP_Emb_1/hei-2019-2020-lab-sens-it-vervisch-botman/sensit-sdk-v2.0.0/sdk/lib\libSENSIT_SDK_V2.0.0.a(led.o)
                0x0800445c                LED_set_toggle_color
 .text.LED_toggle
                0x08004468       0x5c D:/Documents/Cours_HEI/H4/Programmation_Embarquee/TPs/TP_Emb_1/hei-2019-2020-lab-sens-it-vervisch-botman/sensit-sdk-v2.0.0/sdk/lib\libSENSIT_SDK_V2.0.0.a(led.o)
                0x08004468                LED_toggle
 .text.my_memcpy
                0x080044c4       0x1c D:/Documents/Cours_HEI/H4/Programmation_Embarquee/TPs/TP_Emb_1/hei-2019-2020-lab-sens-it-vervisch-botman/sensit-sdk-v2.0.0/sdk/lib\libSENSIT_SDK_V2.0.0.a(my_string.o)
                0x080044c4                my_memcpy
 .text.my_memcmp
                0x080044e0       0x1c D:/Documents/Cours_HEI/H4/Programmation_Embarquee/TPs/TP_Emb_1/hei-2019-2020-lab-sens-it-vervisch-botman/sensit-sdk-v2.0.0/sdk/lib\libSENSIT_SDK_V2.0.0.a(my_string.o)
                0x080044e0                my_memcmp
 .text.RF_API_init
                0x080044fc       0x64 D:/Documents/Cours_HEI/H4/Programmation_Embarquee/TPs/TP_Emb_1/hei-2019-2020-lab-sens-it-vervisch-botman/sensit-sdk-v2.0.0/sdk/lib\libSENSIT_SDK_V2.0.0.a(rf_api.o)
                0x080044fc                RF_API_init
 .text.RF_API_stop
                0x08004560       0x28 D:/Documents/Cours_HEI/H4/Programmation_Embarquee/TPs/TP_Emb_1/hei-2019-2020-lab-sens-it-vervisch-botman/sensit-sdk-v2.0.0/sdk/lib\libSENSIT_SDK_V2.0.0.a(rf_api.o)
                0x08004560                RF_API_stop
 .text.RF_API_send
                0x08004588       0x3c D:/Documents/Cours_HEI/H4/Programmation_Embarquee/TPs/TP_Emb_1/hei-2019-2020-lab-sens-it-vervisch-botman/sensit-sdk-v2.0.0/sdk/lib\libSENSIT_SDK_V2.0.0.a(rf_api.o)
                0x08004588                RF_API_send
 .text.RF_API_change_frequency
                0x080045c4      0x180 D:/Documents/Cours_HEI/H4/Programmation_Embarquee/TPs/TP_Emb_1/hei-2019-2020-lab-sens-it-vervisch-botman/sensit-sdk-v2.0.0/sdk/lib\libSENSIT_SDK_V2.0.0.a(rf_api.o)
                0x080045c4                RF_API_change_frequency
 .text.RF_API_wait_frame
                0x08004744       0xe0 D:/Documents/Cours_HEI/H4/Programmation_Embarquee/TPs/TP_Emb_1/hei-2019-2020-lab-sens-it-vervisch-botman/sensit-sdk-v2.0.0/sdk/lib\libSENSIT_SDK_V2.0.0.a(rf_api.o)
                0x08004744                RF_API_wait_frame
 .text.RF_API_wait_for_clear_channel
                0x08004824       0xb0 D:/Documents/Cours_HEI/H4/Programmation_Embarquee/TPs/TP_Emb_1/hei-2019-2020-lab-sens-it-vervisch-botman/sensit-sdk-v2.0.0/sdk/lib\libSENSIT_SDK_V2.0.0.a(rf_api.o)
                0x08004824                RF_API_wait_for_clear_channel
 .text.SIGFOX_CRC_crc16
                0x080048d4       0x3c D:/Documents/Cours_HEI/H4/Programmation_Embarquee/TPs/TP_Emb_1/hei-2019-2020-lab-sens-it-vervisch-botman/sensit-sdk-v2.0.0/sdk/lib\libSENSIT_SDK_V2.0.0.a(sigfox_crc.o)
                0x080048d4                SIGFOX_CRC_crc16
 .text.SIGFOX_CRC_crc8
                0x08004910       0x34 D:/Documents/Cours_HEI/H4/Programmation_Embarquee/TPs/TP_Emb_1/hei-2019-2020-lab-sens-it-vervisch-botman/sensit-sdk-v2.0.0/sdk/lib\libSENSIT_SDK_V2.0.0.a(sigfox_crc.o)
                0x08004910                SIGFOX_CRC_crc8
 .text.SIGFOX_DECODE_dewhitening_pn
                0x08004944       0x26 D:/Documents/Cours_HEI/H4/Programmation_Embarquee/TPs/TP_Emb_1/hei-2019-2020-lab-sens-it-vervisch-botman/sensit-sdk-v2.0.0/sdk/lib\libSENSIT_SDK_V2.0.0.a(sigfox_decode.o)
 *fill*         0x0800496a        0x2 
 .text.SIGFOX_DECODE_decode_frame
                0x0800496c      0x164 D:/Documents/Cours_HEI/H4/Programmation_Embarquee/TPs/TP_Emb_1/hei-2019-2020-lab-sens-it-vervisch-botman/sensit-sdk-v2.0.0/sdk/lib\libSENSIT_SDK_V2.0.0.a(sigfox_decode.o)
                0x0800496c                SIGFOX_DECODE_decode_frame
 .text.SIGFOX_HMAC_compute_aes
                0x08004ad0       0x54 D:/Documents/Cours_HEI/H4/Programmation_Embarquee/TPs/TP_Emb_1/hei-2019-2020-lab-sens-it-vervisch-botman/sensit-sdk-v2.0.0/sdk/lib\libSENSIT_SDK_V2.0.0.a(sigfox_hmac.o)
                0x08004ad0                SIGFOX_HMAC_compute_aes
 .text.PCD_WritePMA
                0x08004b24       0x28 D:/Documents/Cours_HEI/H4/Programmation_Embarquee/TPs/TP_Emb_1/hei-2019-2020-lab-sens-it-vervisch-botman/sensit-sdk-v2.0.0/sdk/lib\libSENSIT_SDK_V2.0.0.a(stm32f0xx_hal_pcd.o)
 .text.PCD_ReadPMA
                0x08004b4c       0x20 D:/Documents/Cours_HEI/H4/Programmation_Embarquee/TPs/TP_Emb_1/hei-2019-2020-lab-sens-it-vervisch-botman/sensit-sdk-v2.0.0/sdk/lib\libSENSIT_SDK_V2.0.0.a(stm32f0xx_hal_pcd.o)
 .text.HAL_PCD_SetAddress
                0x08004b6c       0x2c D:/Documents/Cours_HEI/H4/Programmation_Embarquee/TPs/TP_Emb_1/hei-2019-2020-lab-sens-it-vervisch-botman/sensit-sdk-v2.0.0/sdk/lib\libSENSIT_SDK_V2.0.0.a(stm32f0xx_hal_pcd.o)
                0x08004b6c                HAL_PCD_SetAddress
 .text.HAL_PCD_EP_Open
                0x08004b98      0x2b0 D:/Documents/Cours_HEI/H4/Programmation_Embarquee/TPs/TP_Emb_1/hei-2019-2020-lab-sens-it-vervisch-botman/sensit-sdk-v2.0.0/sdk/lib\libSENSIT_SDK_V2.0.0.a(stm32f0xx_hal_pcd.o)
                0x08004b98                HAL_PCD_EP_Open
 .text.HAL_PCD_EP_Receive
                0x08004e48       0xe8 D:/Documents/Cours_HEI/H4/Programmation_Embarquee/TPs/TP_Emb_1/hei-2019-2020-lab-sens-it-vervisch-botman/sensit-sdk-v2.0.0/sdk/lib\libSENSIT_SDK_V2.0.0.a(stm32f0xx_hal_pcd.o)
                0x08004e48                HAL_PCD_EP_Receive
 .text.HAL_PCD_EP_Transmit
                0x08004f30      0x1e4 D:/Documents/Cours_HEI/H4/Programmation_Embarquee/TPs/TP_Emb_1/hei-2019-2020-lab-sens-it-vervisch-botman/sensit-sdk-v2.0.0/sdk/lib\libSENSIT_SDK_V2.0.0.a(stm32f0xx_hal_pcd.o)
                0x08004f30                HAL_PCD_EP_Transmit
 .text.HAL_PCD_IRQHandler
                0x08005114      0x464 D:/Documents/Cours_HEI/H4/Programmation_Embarquee/TPs/TP_Emb_1/hei-2019-2020-lab-sens-it-vervisch-botman/sensit-sdk-v2.0.0/sdk/lib\libSENSIT_SDK_V2.0.0.a(stm32f0xx_hal_pcd.o)
                0x08005114                HAL_PCD_IRQHandler
 .text.HAL_PCD_EP_SetStall
                0x08005578       0x90 D:/Documents/Cours_HEI/H4/Programmation_Embarquee/TPs/TP_Emb_1/hei-2019-2020-lab-sens-it-vervisch-botman/sensit-sdk-v2.0.0/sdk/lib\libSENSIT_SDK_V2.0.0.a(stm32f0xx_hal_pcd.o)
                0x08005578                HAL_PCD_EP_SetStall
 .text.HAL_PCD_EP_ClrStall
                0x08005608       0xbc D:/Documents/Cours_HEI/H4/Programmation_Embarquee/TPs/TP_Emb_1/hei-2019-2020-lab-sens-it-vervisch-botman/sensit-sdk-v2.0.0/sdk/lib\libSENSIT_SDK_V2.0.0.a(stm32f0xx_hal_pcd.o)
                0x08005608                HAL_PCD_EP_ClrStall
 .text.MODULATION_ramp_up
                0x080056c4       0x28 D:/Documents/Cours_HEI/H4/Programmation_Embarquee/TPs/TP_Emb_1/hei-2019-2020-lab-sens-it-vervisch-botman/sensit-sdk-v2.0.0/sdk/lib\libSENSIT_SDK_V2.0.0.a(modulation.o)
 .text.MODULATION_ramp_down
                0x080056ec       0x2c D:/Documents/Cours_HEI/H4/Programmation_Embarquee/TPs/TP_Emb_1/hei-2019-2020-lab-sens-it-vervisch-botman/sensit-sdk-v2.0.0/sdk/lib\libSENSIT_SDK_V2.0.0.a(modulation.o)
 .text.MODULATION_init
                0x08005718       0xe0 D:/Documents/Cours_HEI/H4/Programmation_Embarquee/TPs/TP_Emb_1/hei-2019-2020-lab-sens-it-vervisch-botman/sensit-sdk-v2.0.0/sdk/lib\libSENSIT_SDK_V2.0.0.a(modulation.o)
                0x08005718                MODULATION_init
 .text.MODULATION_stop
                0x080057f8       0x3c D:/Documents/Cours_HEI/H4/Programmation_Embarquee/TPs/TP_Emb_1/hei-2019-2020-lab-sens-it-vervisch-botman/sensit-sdk-v2.0.0/sdk/lib\libSENSIT_SDK_V2.0.0.a(modulation.o)
                0x080057f8                MODULATION_stop
 .text.MODULATION_process
                0x08005834       0xa4 D:/Documents/Cours_HEI/H4/Programmation_Embarquee/TPs/TP_Emb_1/hei-2019-2020-lab-sens-it-vervisch-botman/sensit-sdk-v2.0.0/sdk/lib\libSENSIT_SDK_V2.0.0.a(modulation.o)
                0x08005834                MODULATION_process
 .text.TIM2_IRQHandler
                0x080058d8       0x2c D:/Documents/Cours_HEI/H4/Programmation_Embarquee/TPs/TP_Emb_1/hei-2019-2020-lab-sens-it-vervisch-botman/sensit-sdk-v2.0.0/sdk/lib\libSENSIT_SDK_V2.0.0.a(modulation.o)
                0x080058d8                TIM2_IRQHandler
 .text.__libc_init_array
                0x08005904       0x44 d:/program files/iti-temp/8-2019-q3-update/bin/../lib/gcc/arm-none-eabi/8.3.1/../../../../arm-none-eabi/lib/thumb/v6-m/nofp\libc.a(lib_a-init.o)
                0x08005904                __libc_init_array
 .text.memset   0x08005948       0xa8 d:/program files/iti-temp/8-2019-q3-update/bin/../lib/gcc/arm-none-eabi/8.3.1/../../../../arm-none-eabi/lib/thumb/v6-m/nofp\libc.a(lib_a-memset.o)
                0x08005948                memset
 *(.glue_7)
 .glue_7        0x080059f0        0x0 linker stubs
 *(.glue_7t)
 .glue_7t       0x080059f0        0x0 linker stubs
 *(.eh_frame)
 *(.init)
 *(.fini)
                0x080059f0                . = ALIGN (0x4)
                0x080059f0                _etext = .

.vfp11_veneer   0x080059f0        0x0
 .vfp11_veneer  0x080059f0        0x0 linker stubs

.v4_bx          0x080059f0        0x0
 .v4_bx         0x080059f0        0x0 linker stubs

.iplt           0x080059f0        0x0
 .iplt          0x080059f0        0x0 D:/Documents/Cours_HEI/H4/Programmation_Embarquee/TPs/TP_Emb_1/hei-2019-2020-lab-sens-it-vervisch-botman/sensit-sdk-v2.0.0/sdk/obj/error.o

.rodata         0x080059f0      0x3f4
                0x080059f0                . = ALIGN (0x4)
 *(.rodata)
 .rodata        0x080059f0       0x10 D:/Documents/Cours_HEI/H4/Programmation_Embarquee/TPs/TP_Emb_1/hei-2019-2020-lab-sens-it-vervisch-botman/sensit-sdk-v2.0.0/sdk/lib\libSENSIT_SDK_V2.0.0.a(nvmem_api.o)
 .rodata        0x08005a00       0x34 D:/Documents/Cours_HEI/H4/Programmation_Embarquee/TPs/TP_Emb_1/hei-2019-2020-lab-sens-it-vervisch-botman/sensit-sdk-v2.0.0/sdk/lib\libSENSIT_SDK_V2.0.0.a(sigfox_internal.o)
                0x08005a00                fsync_lut_tx
                0x08005a24                public_key
 .rodata        0x08005a34       0x10 D:/Documents/Cours_HEI/H4/Programmation_Embarquee/TPs/TP_Emb_1/hei-2019-2020-lab-sens-it-vervisch-botman/sensit-sdk-v2.0.0/sdk/lib\libSENSIT_SDK_V2.0.0.a(sigfox_scramb.o)
 .rodata        0x08005a44      0x100 D:/Documents/Cours_HEI/H4/Programmation_Embarquee/TPs/TP_Emb_1/hei-2019-2020-lab-sens-it-vervisch-botman/sensit-sdk-v2.0.0/sdk/lib\libSENSIT_SDK_V2.0.0.a(aes.o)
                0x08005a44                STable
 .rodata        0x08005b44      0x190 D:/Documents/Cours_HEI/H4/Programmation_Embarquee/TPs/TP_Emb_1/hei-2019-2020-lab-sens-it-vervisch-botman/sensit-sdk-v2.0.0/sdk/lib\libSENSIT_SDK_V2.0.0.a(rf_api.o)
 .rodata        0x08005cd4       0x20 D:/Documents/Cours_HEI/H4/Programmation_Embarquee/TPs/TP_Emb_1/hei-2019-2020-lab-sens-it-vervisch-botman/sensit-sdk-v2.0.0/sdk/lib\libSENSIT_SDK_V2.0.0.a(sigfox_decode.o)
                0x08005cd4                pow_alpha
                0x08005ce4                log_alpha
 .rodata        0x08005cf4       0xac d:/program files/iti-temp/8-2019-q3-update/bin/../lib/gcc/arm-none-eabi/8.3.1/thumb/v6-m/nofp\libgcc.a(divsf3.o)
 .rodata        0x08005da0       0x40 d:/program files/iti-temp/8-2019-q3-update/bin/../lib/gcc/arm-none-eabi/8.3.1/thumb/v6-m/nofp\libgcc.a(mulsf3.o)
 *(.rodata*)
 .rodata.str1.1
                0x08005de0        0x3 D:/Documents/Cours_HEI/H4/Programmation_Embarquee/TPs/TP_Emb_1/hei-2019-2020-lab-sens-it-vervisch-botman/sensit-sdk-v2.0.0/sdk/obj/main.o
                0x08005de4                . = ALIGN (0x4)
 *fill*         0x08005de3        0x1 

.rel.dyn        0x08005de4        0x0
 .rel.iplt      0x08005de4        0x0 D:/Documents/Cours_HEI/H4/Programmation_Embarquee/TPs/TP_Emb_1/hei-2019-2020-lab-sens-it-vervisch-botman/sensit-sdk-v2.0.0/sdk/obj/error.o

.ARM.extab      0x08005de4        0x0
                0x08005de4                . = ALIGN (0x4)
 *(.ARM.extab* .gnu.linkonce.armextab.*)
                0x08005de4                . = ALIGN (0x4)

.ARM            0x08005de4        0x0
                0x08005de4                . = ALIGN (0x4)
                0x08005de4                __exidx_start = .
 *(.ARM.exidx*)
                0x08005de4                __exidx_end = .
                0x08005de4                . = ALIGN (0x4)

.preinit_array  0x08005de4        0x0
                0x08005de4                . = ALIGN (0x4)
                0x08005de4                PROVIDE (__preinit_array_start = .)
 *(.preinit_array*)
                0x08005de4                PROVIDE (__preinit_array_end = .)
                0x08005de4                . = ALIGN (0x4)

.init_array     0x08005de4        0x0
                0x08005de4                . = ALIGN (0x4)
                0x08005de4                PROVIDE (__init_array_start = .)
 *(SORT_BY_NAME(.init_array.*))
 *(.init_array*)
                0x08005de4                PROVIDE (__init_array_end = .)
                0x08005de4                . = ALIGN (0x4)

.fini_array     0x08005de4        0x0
                0x08005de4                . = ALIGN (0x4)
                [!provide]                PROVIDE (__fini_array_start = .)
 *(SORT_BY_NAME(.fini_array.*))
 *(.fini_array*)
                [!provide]                PROVIDE (__fini_array_end = .)
                0x08005de4                . = ALIGN (0x4)
                0x08005de4                _sidata = LOADADDR (.data)

.data           0x20000000      0x1e8 load address 0x08005de4
                0x20000000                . = ALIGN (0x4)
                0x20000000                _sdata = .
 *(.data)
 .data          0x20000000        0x2 D:/Documents/Cours_HEI/H4/Programmation_Embarquee/TPs/TP_Emb_1/hei-2019-2020-lab-sens-it-vervisch-botman/sensit-sdk-v2.0.0/sdk/obj/battery.o
 *fill*         0x20000002        0x2 
 .data          0x20000004       0xa0 D:/Documents/Cours_HEI/H4/Programmation_Embarquee/TPs/TP_Emb_1/hei-2019-2020-lab-sens-it-vervisch-botman/sensit-sdk-v2.0.0/sdk/obj/radio_api.o
 .data          0x200000a4       0x10 D:/Documents/Cours_HEI/H4/Programmation_Embarquee/TPs/TP_Emb_1/hei-2019-2020-lab-sens-it-vervisch-botman/sensit-sdk-v2.0.0/sdk/obj/main.o
                0x200000a4                firmware_version
 .data          0x200000b4       0x15 D:/Documents/Cours_HEI/H4/Programmation_Embarquee/TPs/TP_Emb_1/hei-2019-2020-lab-sens-it-vervisch-botman/sensit-sdk-v2.0.0/sdk/lib\libSENSIT_SDK_V2.0.0.a(nvmem_api.o)
 .data          0x200000c9        0x1 D:/Documents/Cours_HEI/H4/Programmation_Embarquee/TPs/TP_Emb_1/hei-2019-2020-lab-sens-it-vervisch-botman/sensit-sdk-v2.0.0/sdk/lib\libSENSIT_SDK_V2.0.0.a(radio.o)
 .data          0x200000ca      0x11d D:/Documents/Cours_HEI/H4/Programmation_Embarquee/TPs/TP_Emb_1/hei-2019-2020-lab-sens-it-vervisch-botman/sensit-sdk-v2.0.0/sdk/lib\libSENSIT_SDK_V2.0.0.a(modulation.o)
 *(.data*)
                0x200001e8                . = ALIGN (0x4)
 *fill*         0x200001e7        0x1 
                0x200001e8                _edata = .

.igot.plt       0x200001e8        0x0 load address 0x08005fcc
 .igot.plt      0x200001e8        0x0 D:/Documents/Cours_HEI/H4/Programmation_Embarquee/TPs/TP_Emb_1/hei-2019-2020-lab-sens-it-vervisch-botman/sensit-sdk-v2.0.0/sdk/obj/error.o
                0x200001e8                . = ALIGN (0x4)

.bss            0x200001e8      0x5d0 load address 0x08005fcc
                0x200001e8                _sbss = .
                0x200001e8                __bss_start__ = _sbss
 *(.bss)
 .bss           0x200001e8        0x1 D:/Documents/Cours_HEI/H4/Programmation_Embarquee/TPs/TP_Emb_1/hei-2019-2020-lab-sens-it-vervisch-botman/sensit-sdk-v2.0.0/sdk/obj/radio_api.o
 *fill*         0x200001e9        0x3 
 .bss           0x200001ec       0x50 D:/Documents/Cours_HEI/H4/Programmation_Embarquee/TPs/TP_Emb_1/hei-2019-2020-lab-sens-it-vervisch-botman/sensit-sdk-v2.0.0/sdk/obj/etsi.o
 .bss           0x2000023c       0x10 D:/Documents/Cours_HEI/H4/Programmation_Embarquee/TPs/TP_Emb_1/hei-2019-2020-lab-sens-it-vervisch-botman/sensit-sdk-v2.0.0/sdk/obj/fcc.o
 .bss           0x2000024c       0x10 D:/Documents/Cours_HEI/H4/Programmation_Embarquee/TPs/TP_Emb_1/hei-2019-2020-lab-sens-it-vervisch-botman/sensit-sdk-v2.0.0/sdk/obj/hts221.o
 .bss           0x2000025c       0xa8 D:/Documents/Cours_HEI/H4/Programmation_Embarquee/TPs/TP_Emb_1/hei-2019-2020-lab-sens-it-vervisch-botman/sensit-sdk-v2.0.0/sdk/lib\libSENSIT_SDK_V2.0.0.a(mcu_api.o)
 .bss           0x20000304       0x14 D:/Documents/Cours_HEI/H4/Programmation_Embarquee/TPs/TP_Emb_1/hei-2019-2020-lab-sens-it-vervisch-botman/sensit-sdk-v2.0.0/sdk/lib\libSENSIT_SDK_V2.0.0.a(nvmem_api.o)
 .bss           0x20000318        0x1 D:/Documents/Cours_HEI/H4/Programmation_Embarquee/TPs/TP_Emb_1/hei-2019-2020-lab-sens-it-vervisch-botman/sensit-sdk-v2.0.0/sdk/lib\libSENSIT_SDK_V2.0.0.a(radio.o)
 *fill*         0x20000319        0x3 
 .bss           0x2000031c        0xc D:/Documents/Cours_HEI/H4/Programmation_Embarquee/TPs/TP_Emb_1/hei-2019-2020-lab-sens-it-vervisch-botman/sensit-sdk-v2.0.0/sdk/lib\libSENSIT_SDK_V2.0.0.a(rtc.o)
                0x2000031c                rtc_current_time
                0x20000320                rtc_alarm_timer
                0x20000324                rx_timer
 .bss           0x20000328        0x1 D:/Documents/Cours_HEI/H4/Programmation_Embarquee/TPs/TP_Emb_1/hei-2019-2020-lab-sens-it-vervisch-botman/sensit-sdk-v2.0.0/sdk/lib\libSENSIT_SDK_V2.0.0.a(sigfox_api.o)
                0x20000328                g_state
 .bss           0x20000329        0x1 D:/Documents/Cours_HEI/H4/Programmation_Embarquee/TPs/TP_Emb_1/hei-2019-2020-lab-sens-it-vervisch-botman/sensit-sdk-v2.0.0/sdk/lib\libSENSIT_SDK_V2.0.0.a(sleep.o)
 .bss           0x2000032a      0x204 D:/Documents/Cours_HEI/H4/Programmation_Embarquee/TPs/TP_Emb_1/hei-2019-2020-lab-sens-it-vervisch-botman/sensit-sdk-v2.0.0/sdk/lib\libSENSIT_SDK_V2.0.0.a(uart.o)
 .bss           0x2000052e        0x1 D:/Documents/Cours_HEI/H4/Programmation_Embarquee/TPs/TP_Emb_1/hei-2019-2020-lab-sens-it-vervisch-botman/sensit-sdk-v2.0.0/sdk/lib\libSENSIT_SDK_V2.0.0.a(usbd_ctlreq.o)
 *fill*         0x2000052f        0x1 
 .bss           0x20000530        0x4 D:/Documents/Cours_HEI/H4/Programmation_Embarquee/TPs/TP_Emb_1/hei-2019-2020-lab-sens-it-vervisch-botman/sensit-sdk-v2.0.0/sdk/lib\libSENSIT_SDK_V2.0.0.a(adc.o)
 .bss           0x20000534        0xc D:/Documents/Cours_HEI/H4/Programmation_Embarquee/TPs/TP_Emb_1/hei-2019-2020-lab-sens-it-vervisch-botman/sensit-sdk-v2.0.0/sdk/lib\libSENSIT_SDK_V2.0.0.a(calib.o)
 .bss           0x20000540        0x1 D:/Documents/Cours_HEI/H4/Programmation_Embarquee/TPs/TP_Emb_1/hei-2019-2020-lab-sens-it-vervisch-botman/sensit-sdk-v2.0.0/sdk/lib\libSENSIT_SDK_V2.0.0.a(led.o)
 *fill*         0x20000541        0x3 
 .bss           0x20000544       0x1d D:/Documents/Cours_HEI/H4/Programmation_Embarquee/TPs/TP_Emb_1/hei-2019-2020-lab-sens-it-vervisch-botman/sensit-sdk-v2.0.0/sdk/lib\libSENSIT_SDK_V2.0.0.a(modulation.o)
 *(.bss*)
 *(COMMON)
 COMMON         0x20000561        0x1 D:/Documents/Cours_HEI/H4/Programmation_Embarquee/TPs/TP_Emb_1/hei-2019-2020-lab-sens-it-vervisch-botman/sensit-sdk-v2.0.0/sdk/obj/error.o
                0x20000561                pending_interrupt
 *fill*         0x20000562        0x2 
 COMMON         0x20000564        0x9 D:/Documents/Cours_HEI/H4/Programmation_Embarquee/TPs/TP_Emb_1/hei-2019-2020-lab-sens-it-vervisch-botman/sensit-sdk-v2.0.0/sdk/lib\libSENSIT_SDK_V2.0.0.a(mcu_api.o)
                0x20000564                sleep_end
                0x20000568                cs_timer
                0x2000056c                tx_end
 *fill*         0x2000056d        0x3 
 COMMON         0x20000570        0x4 D:/Documents/Cours_HEI/H4/Programmation_Embarquee/TPs/TP_Emb_1/hei-2019-2020-lab-sens-it-vervisch-botman/sensit-sdk-v2.0.0/sdk/lib\libSENSIT_SDK_V2.0.0.a(rtc.o)
                0x20000570                rtc_alarm_reload
 COMMON         0x20000574        0x4 D:/Documents/Cours_HEI/H4/Programmation_Embarquee/TPs/TP_Emb_1/hei-2019-2020-lab-sens-it-vervisch-botman/sensit-sdk-v2.0.0/sdk/lib\libSENSIT_SDK_V2.0.0.a(sigfox_api.o)
                0x20000574                rs
 COMMON         0x20000578      0x220 D:/Documents/Cours_HEI/H4/Programmation_Embarquee/TPs/TP_Emb_1/hei-2019-2020-lab-sens-it-vervisch-botman/sensit-sdk-v2.0.0/sdk/lib\libSENSIT_SDK_V2.0.0.a(usbd_conf.o)
                0x20000578                hpcd_USB_FS
 COMMON         0x20000798       0x20 D:/Documents/Cours_HEI/H4/Programmation_Embarquee/TPs/TP_Emb_1/hei-2019-2020-lab-sens-it-vervisch-botman/sensit-sdk-v2.0.0/sdk/lib\libSENSIT_SDK_V2.0.0.a(sigfox_hmac.o)
                0x20000798                aes_in
                0x200007b8                . = ALIGN (0x4)
                0x200007b8                _ebss = .
                0x200007b8                __bss_end__ = _ebss

._user_heap_stack
                0x200007b8      0x400 load address 0x08005fcc
                0x200007b8                . = ALIGN (0x8)
                [!provide]                PROVIDE (end = .)
                [!provide]                PROVIDE (_end = .)
                0x200007b8                . = (. + _Min_Heap_Size)
                0x20000bb8                . = (. + _Min_Stack_Size)
 *fill*         0x200007b8      0x400 
                0x20000bb8                . = ALIGN (0x8)

/DISCARD/
 libc.a(*)
 libm.a(*)
 libgcc.a(*)

.ARM.attributes
                0x00000000       0x2a
 *(.ARM.attributes)
 .ARM.attributes
                0x00000000       0x2c D:/Documents/Cours_HEI/H4/Programmation_Embarquee/TPs/TP_Emb_1/hei-2019-2020-lab-sens-it-vervisch-botman/sensit-sdk-v2.0.0/sdk/obj/error.o
 .ARM.attributes
                0x0000002c       0x2c D:/Documents/Cours_HEI/H4/Programmation_Embarquee/TPs/TP_Emb_1/hei-2019-2020-lab-sens-it-vervisch-botman/sensit-sdk-v2.0.0/sdk/obj/button.o
 .ARM.attributes
                0x00000058       0x2c D:/Documents/Cours_HEI/H4/Programmation_Embarquee/TPs/TP_Emb_1/hei-2019-2020-lab-sens-it-vervisch-botman/sensit-sdk-v2.0.0/sdk/obj/battery.o
 .ARM.attributes
                0x00000084       0x2c D:/Documents/Cours_HEI/H4/Programmation_Embarquee/TPs/TP_Emb_1/hei-2019-2020-lab-sens-it-vervisch-botman/sensit-sdk-v2.0.0/sdk/obj/callback.o
 .ARM.attributes
                0x000000b0       0x2c D:/Documents/Cours_HEI/H4/Programmation_Embarquee/TPs/TP_Emb_1/hei-2019-2020-lab-sens-it-vervisch-botman/sensit-sdk-v2.0.0/sdk/obj/radio_api.o
 .ARM.attributes
                0x000000dc       0x2c D:/Documents/Cours_HEI/H4/Programmation_Embarquee/TPs/TP_Emb_1/hei-2019-2020-lab-sens-it-vervisch-botman/sensit-sdk-v2.0.0/sdk/obj/etsi.o
 .ARM.attributes
                0x00000108       0x2c D:/Documents/Cours_HEI/H4/Programmation_Embarquee/TPs/TP_Emb_1/hei-2019-2020-lab-sens-it-vervisch-botman/sensit-sdk-v2.0.0/sdk/obj/fcc.o
 .ARM.attributes
                0x00000134       0x2c D:/Documents/Cours_HEI/H4/Programmation_Embarquee/TPs/TP_Emb_1/hei-2019-2020-lab-sens-it-vervisch-botman/sensit-sdk-v2.0.0/sdk/obj/hts221.o
 .ARM.attributes
                0x00000160       0x2c D:/Documents/Cours_HEI/H4/Programmation_Embarquee/TPs/TP_Emb_1/hei-2019-2020-lab-sens-it-vervisch-botman/sensit-sdk-v2.0.0/sdk/obj/ltr329.o
 .ARM.attributes
                0x0000018c       0x2c D:/Documents/Cours_HEI/H4/Programmation_Embarquee/TPs/TP_Emb_1/hei-2019-2020-lab-sens-it-vervisch-botman/sensit-sdk-v2.0.0/sdk/obj/fxos8700.o
 .ARM.attributes
                0x000001b8       0x2c D:/Documents/Cours_HEI/H4/Programmation_Embarquee/TPs/TP_Emb_1/hei-2019-2020-lab-sens-it-vervisch-botman/sensit-sdk-v2.0.0/sdk/obj/main.o
 .ARM.attributes
                0x000001e4       0x31 D:/Documents/Cours_HEI/H4/Programmation_Embarquee/TPs/TP_Emb_1/hei-2019-2020-lab-sens-it-vervisch-botman/sensit-sdk-v2.0.0/sdk/lib\libSENSIT_SDK_V2.0.0.a(mcu_api.o)
 .ARM.attributes
                0x00000215       0x31 D:/Documents/Cours_HEI/H4/Programmation_Embarquee/TPs/TP_Emb_1/hei-2019-2020-lab-sens-it-vervisch-botman/sensit-sdk-v2.0.0/sdk/lib\libSENSIT_SDK_V2.0.0.a(nvmem_api.o)
 .ARM.attributes
                0x00000246       0x31 D:/Documents/Cours_HEI/H4/Programmation_Embarquee/TPs/TP_Emb_1/hei-2019-2020-lab-sens-it-vervisch-botman/sensit-sdk-v2.0.0/sdk/lib\libSENSIT_SDK_V2.0.0.a(radio.o)
 .ARM.attributes
                0x00000277       0x31 D:/Documents/Cours_HEI/H4/Programmation_Embarquee/TPs/TP_Emb_1/hei-2019-2020-lab-sens-it-vervisch-botman/sensit-sdk-v2.0.0/sdk/lib\libSENSIT_SDK_V2.0.0.a(rtc.o)
 .ARM.attributes
                0x000002a8       0x31 D:/Documents/Cours_HEI/H4/Programmation_Embarquee/TPs/TP_Emb_1/hei-2019-2020-lab-sens-it-vervisch-botman/sensit-sdk-v2.0.0/sdk/lib\libSENSIT_SDK_V2.0.0.a(sensit_api.o)
 .ARM.attributes
                0x000002d9       0x31 D:/Documents/Cours_HEI/H4/Programmation_Embarquee/TPs/TP_Emb_1/hei-2019-2020-lab-sens-it-vervisch-botman/sensit-sdk-v2.0.0/sdk/lib\libSENSIT_SDK_V2.0.0.a(sigfox_api.o)
 .ARM.attributes
                0x0000030a       0x31 D:/Documents/Cours_HEI/H4/Programmation_Embarquee/TPs/TP_Emb_1/hei-2019-2020-lab-sens-it-vervisch-botman/sensit-sdk-v2.0.0/sdk/lib\libSENSIT_SDK_V2.0.0.a(sigfox_internal.o)
 .ARM.attributes
                0x0000033b       0x31 D:/Documents/Cours_HEI/H4/Programmation_Embarquee/TPs/TP_Emb_1/hei-2019-2020-lab-sens-it-vervisch-botman/sensit-sdk-v2.0.0/sdk/lib\libSENSIT_SDK_V2.0.0.a(sigfox_pn.o)
 .ARM.attributes
                0x0000036c       0x31 D:/Documents/Cours_HEI/H4/Programmation_Embarquee/TPs/TP_Emb_1/hei-2019-2020-lab-sens-it-vervisch-botman/sensit-sdk-v2.0.0/sdk/lib\libSENSIT_SDK_V2.0.0.a(sigfox_scramb.o)
 .ARM.attributes
                0x0000039d       0x31 D:/Documents/Cours_HEI/H4/Programmation_Embarquee/TPs/TP_Emb_1/hei-2019-2020-lab-sens-it-vervisch-botman/sensit-sdk-v2.0.0/sdk/lib\libSENSIT_SDK_V2.0.0.a(sleep.o)
 .ARM.attributes
                0x000003ce       0x31 D:/Documents/Cours_HEI/H4/Programmation_Embarquee/TPs/TP_Emb_1/hei-2019-2020-lab-sens-it-vervisch-botman/sensit-sdk-v2.0.0/sdk/lib\libSENSIT_SDK_V2.0.0.a(spi.o)
 .ARM.attributes
                0x000003ff       0x21 D:/Documents/Cours_HEI/H4/Programmation_Embarquee/TPs/TP_Emb_1/hei-2019-2020-lab-sens-it-vervisch-botman/sensit-sdk-v2.0.0/sdk/lib\libSENSIT_SDK_V2.0.0.a(startup_stm32f042x6.o)
 .ARM.attributes
                0x00000420       0x31 D:/Documents/Cours_HEI/H4/Programmation_Embarquee/TPs/TP_Emb_1/hei-2019-2020-lab-sens-it-vervisch-botman/sensit-sdk-v2.0.0/sdk/lib\libSENSIT_SDK_V2.0.0.a(system_stm32f0xx.o)
 .ARM.attributes
                0x00000451       0x31 D:/Documents/Cours_HEI/H4/Programmation_Embarquee/TPs/TP_Emb_1/hei-2019-2020-lab-sens-it-vervisch-botman/sensit-sdk-v2.0.0/sdk/lib\libSENSIT_SDK_V2.0.0.a(systick.o)
 .ARM.attributes
                0x00000482       0x31 D:/Documents/Cours_HEI/H4/Programmation_Embarquee/TPs/TP_Emb_1/hei-2019-2020-lab-sens-it-vervisch-botman/sensit-sdk-v2.0.0/sdk/lib\libSENSIT_SDK_V2.0.0.a(uart.o)
 .ARM.attributes
                0x000004b3       0x31 D:/Documents/Cours_HEI/H4/Programmation_Embarquee/TPs/TP_Emb_1/hei-2019-2020-lab-sens-it-vervisch-botman/sensit-sdk-v2.0.0/sdk/lib\libSENSIT_SDK_V2.0.0.a(usbd_conf.o)
 .ARM.attributes
                0x000004e4       0x31 D:/Documents/Cours_HEI/H4/Programmation_Embarquee/TPs/TP_Emb_1/hei-2019-2020-lab-sens-it-vervisch-botman/sensit-sdk-v2.0.0/sdk/lib\libSENSIT_SDK_V2.0.0.a(usbd_core.o)
 .ARM.attributes
                0x00000515       0x31 D:/Documents/Cours_HEI/H4/Programmation_Embarquee/TPs/TP_Emb_1/hei-2019-2020-lab-sens-it-vervisch-botman/sensit-sdk-v2.0.0/sdk/lib\libSENSIT_SDK_V2.0.0.a(usbd_ctlreq.o)
 .ARM.attributes
                0x00000546       0x31 D:/Documents/Cours_HEI/H4/Programmation_Embarquee/TPs/TP_Emb_1/hei-2019-2020-lab-sens-it-vervisch-botman/sensit-sdk-v2.0.0/sdk/lib\libSENSIT_SDK_V2.0.0.a(usbd_ioreq.o)
 .ARM.attributes
                0x00000577       0x31 D:/Documents/Cours_HEI/H4/Programmation_Embarquee/TPs/TP_Emb_1/hei-2019-2020-lab-sens-it-vervisch-botman/sensit-sdk-v2.0.0/sdk/lib\libSENSIT_SDK_V2.0.0.a(watchdog.o)
 .ARM.attributes
                0x000005a8       0x31 D:/Documents/Cours_HEI/H4/Programmation_Embarquee/TPs/TP_Emb_1/hei-2019-2020-lab-sens-it-vervisch-botman/sensit-sdk-v2.0.0/sdk/lib\libSENSIT_SDK_V2.0.0.a(adc.o)
 .ARM.attributes
                0x000005d9       0x31 D:/Documents/Cours_HEI/H4/Programmation_Embarquee/TPs/TP_Emb_1/hei-2019-2020-lab-sens-it-vervisch-botman/sensit-sdk-v2.0.0/sdk/lib\libSENSIT_SDK_V2.0.0.a(aes.o)
 .ARM.attributes
                0x0000060a       0x31 D:/Documents/Cours_HEI/H4/Programmation_Embarquee/TPs/TP_Emb_1/hei-2019-2020-lab-sens-it-vervisch-botman/sensit-sdk-v2.0.0/sdk/lib\libSENSIT_SDK_V2.0.0.a(calib.o)
 .ARM.attributes
                0x0000063b       0x31 D:/Documents/Cours_HEI/H4/Programmation_Embarquee/TPs/TP_Emb_1/hei-2019-2020-lab-sens-it-vervisch-botman/sensit-sdk-v2.0.0/sdk/lib\libSENSIT_SDK_V2.0.0.a(cc1125.o)
 .ARM.attributes
                0x0000066c       0x31 D:/Documents/Cours_HEI/H4/Programmation_Embarquee/TPs/TP_Emb_1/hei-2019-2020-lab-sens-it-vervisch-botman/sensit-sdk-v2.0.0/sdk/lib\libSENSIT_SDK_V2.0.0.a(crc.o)
 .ARM.attributes
                0x0000069d       0x31 D:/Documents/Cours_HEI/H4/Programmation_Embarquee/TPs/TP_Emb_1/hei-2019-2020-lab-sens-it-vervisch-botman/sensit-sdk-v2.0.0/sdk/lib\libSENSIT_SDK_V2.0.0.a(flash.o)
 .ARM.attributes
                0x000006ce       0x31 D:/Documents/Cours_HEI/H4/Programmation_Embarquee/TPs/TP_Emb_1/hei-2019-2020-lab-sens-it-vervisch-botman/sensit-sdk-v2.0.0/sdk/lib\libSENSIT_SDK_V2.0.0.a(gpio.o)
 .ARM.attributes
                0x000006ff       0x31 D:/Documents/Cours_HEI/H4/Programmation_Embarquee/TPs/TP_Emb_1/hei-2019-2020-lab-sens-it-vervisch-botman/sensit-sdk-v2.0.0/sdk/lib\libSENSIT_SDK_V2.0.0.a(i2c.o)
 .ARM.attributes
                0x00000730       0x31 D:/Documents/Cours_HEI/H4/Programmation_Embarquee/TPs/TP_Emb_1/hei-2019-2020-lab-sens-it-vervisch-botman/sensit-sdk-v2.0.0/sdk/lib\libSENSIT_SDK_V2.0.0.a(led.o)
 .ARM.attributes
                0x00000761       0x31 D:/Documents/Cours_HEI/H4/Programmation_Embarquee/TPs/TP_Emb_1/hei-2019-2020-lab-sens-it-vervisch-botman/sensit-sdk-v2.0.0/sdk/lib\libSENSIT_SDK_V2.0.0.a(my_string.o)
 .ARM.attributes
                0x00000792       0x31 D:/Documents/Cours_HEI/H4/Programmation_Embarquee/TPs/TP_Emb_1/hei-2019-2020-lab-sens-it-vervisch-botman/sensit-sdk-v2.0.0/sdk/lib\libSENSIT_SDK_V2.0.0.a(rf_api.o)
 .ARM.attributes
                0x000007c3       0x31 D:/Documents/Cours_HEI/H4/Programmation_Embarquee/TPs/TP_Emb_1/hei-2019-2020-lab-sens-it-vervisch-botman/sensit-sdk-v2.0.0/sdk/lib\libSENSIT_SDK_V2.0.0.a(sigfox_crc.o)
 .ARM.attributes
                0x000007f4       0x31 D:/Documents/Cours_HEI/H4/Programmation_Embarquee/TPs/TP_Emb_1/hei-2019-2020-lab-sens-it-vervisch-botman/sensit-sdk-v2.0.0/sdk/lib\libSENSIT_SDK_V2.0.0.a(sigfox_decode.o)
 .ARM.attributes
                0x00000825       0x31 D:/Documents/Cours_HEI/H4/Programmation_Embarquee/TPs/TP_Emb_1/hei-2019-2020-lab-sens-it-vervisch-botman/sensit-sdk-v2.0.0/sdk/lib\libSENSIT_SDK_V2.0.0.a(sigfox_hmac.o)
 .ARM.attributes
                0x00000856       0x31 D:/Documents/Cours_HEI/H4/Programmation_Embarquee/TPs/TP_Emb_1/hei-2019-2020-lab-sens-it-vervisch-botman/sensit-sdk-v2.0.0/sdk/lib\libSENSIT_SDK_V2.0.0.a(stm32f0xx_hal_pcd.o)
 .ARM.attributes
                0x00000887       0x31 D:/Documents/Cours_HEI/H4/Programmation_Embarquee/TPs/TP_Emb_1/hei-2019-2020-lab-sens-it-vervisch-botman/sensit-sdk-v2.0.0/sdk/lib\libSENSIT_SDK_V2.0.0.a(modulation.o)
OUTPUT(D:/Documents/Cours_HEI/H4/Programmation_Embarquee/TPs/TP_Emb_1/hei-2019-2020-lab-sens-it-vervisch-botman/sensit-sdk-v2.0.0/sdk/bin/sensit.elf elf32-littlearm)

.debug_info     0x00000000     0x21ad
 .debug_info    0x00000000      0x3f1 D:/Documents/Cours_HEI/H4/Programmation_Embarquee/TPs/TP_Emb_1/hei-2019-2020-lab-sens-it-vervisch-botman/sensit-sdk-v2.0.0/sdk/obj/error.o
 .debug_info    0x000003f1      0x206 D:/Documents/Cours_HEI/H4/Programmation_Embarquee/TPs/TP_Emb_1/hei-2019-2020-lab-sens-it-vervisch-botman/sensit-sdk-v2.0.0/sdk/obj/button.o
 .debug_info    0x000005f7      0x323 D:/Documents/Cours_HEI/H4/Programmation_Embarquee/TPs/TP_Emb_1/hei-2019-2020-lab-sens-it-vervisch-botman/sensit-sdk-v2.0.0/sdk/obj/battery.o
 .debug_info    0x0000091a       0x97 D:/Documents/Cours_HEI/H4/Programmation_Embarquee/TPs/TP_Emb_1/hei-2019-2020-lab-sens-it-vervisch-botman/sensit-sdk-v2.0.0/sdk/obj/callback.o
 .debug_info    0x000009b1      0x4f5 D:/Documents/Cours_HEI/H4/Programmation_Embarquee/TPs/TP_Emb_1/hei-2019-2020-lab-sens-it-vervisch-botman/sensit-sdk-v2.0.0/sdk/obj/radio_api.o
 .debug_info    0x00000ea6      0x1a8 D:/Documents/Cours_HEI/H4/Programmation_Embarquee/TPs/TP_Emb_1/hei-2019-2020-lab-sens-it-vervisch-botman/sensit-sdk-v2.0.0/sdk/obj/etsi.o
 .debug_info    0x0000104e      0x194 D:/Documents/Cours_HEI/H4/Programmation_Embarquee/TPs/TP_Emb_1/hei-2019-2020-lab-sens-it-vervisch-botman/sensit-sdk-v2.0.0/sdk/obj/fcc.o
 .debug_info    0x000011e2      0x38f D:/Documents/Cours_HEI/H4/Programmation_Embarquee/TPs/TP_Emb_1/hei-2019-2020-lab-sens-it-vervisch-botman/sensit-sdk-v2.0.0/sdk/obj/hts221.o
 .debug_info    0x00001571      0x399 D:/Documents/Cours_HEI/H4/Programmation_Embarquee/TPs/TP_Emb_1/hei-2019-2020-lab-sens-it-vervisch-botman/sensit-sdk-v2.0.0/sdk/obj/ltr329.o
 .debug_info    0x0000190a      0x553 D:/Documents/Cours_HEI/H4/Programmation_Embarquee/TPs/TP_Emb_1/hei-2019-2020-lab-sens-it-vervisch-botman/sensit-sdk-v2.0.0/sdk/obj/fxos8700.o
 .debug_info    0x00001e5d      0x350 D:/Documents/Cours_HEI/H4/Programmation_Embarquee/TPs/TP_Emb_1/hei-2019-2020-lab-sens-it-vervisch-botman/sensit-sdk-v2.0.0/sdk/obj/main.o

.debug_abbrev   0x00000000      0xe15
 .debug_abbrev  0x00000000      0x154 D:/Documents/Cours_HEI/H4/Programmation_Embarquee/TPs/TP_Emb_1/hei-2019-2020-lab-sens-it-vervisch-botman/sensit-sdk-v2.0.0/sdk/obj/error.o
 .debug_abbrev  0x00000154      0x125 D:/Documents/Cours_HEI/H4/Programmation_Embarquee/TPs/TP_Emb_1/hei-2019-2020-lab-sens-it-vervisch-botman/sensit-sdk-v2.0.0/sdk/obj/button.o
 .debug_abbrev  0x00000279      0x19e D:/Documents/Cours_HEI/H4/Programmation_Embarquee/TPs/TP_Emb_1/hei-2019-2020-lab-sens-it-vervisch-botman/sensit-sdk-v2.0.0/sdk/obj/battery.o
 .debug_abbrev  0x00000417       0x68 D:/Documents/Cours_HEI/H4/Programmation_Embarquee/TPs/TP_Emb_1/hei-2019-2020-lab-sens-it-vervisch-botman/sensit-sdk-v2.0.0/sdk/obj/callback.o
 .debug_abbrev  0x0000047f      0x1b3 D:/Documents/Cours_HEI/H4/Programmation_Embarquee/TPs/TP_Emb_1/hei-2019-2020-lab-sens-it-vervisch-botman/sensit-sdk-v2.0.0/sdk/obj/radio_api.o
 .debug_abbrev  0x00000632      0x131 D:/Documents/Cours_HEI/H4/Programmation_Embarquee/TPs/TP_Emb_1/hei-2019-2020-lab-sens-it-vervisch-botman/sensit-sdk-v2.0.0/sdk/obj/etsi.o
 .debug_abbrev  0x00000763      0x131 D:/Documents/Cours_HEI/H4/Programmation_Embarquee/TPs/TP_Emb_1/hei-2019-2020-lab-sens-it-vervisch-botman/sensit-sdk-v2.0.0/sdk/obj/fcc.o
 .debug_abbrev  0x00000894      0x158 D:/Documents/Cours_HEI/H4/Programmation_Embarquee/TPs/TP_Emb_1/hei-2019-2020-lab-sens-it-vervisch-botman/sensit-sdk-v2.0.0/sdk/obj/hts221.o
 .debug_abbrev  0x000009ec      0x156 D:/Documents/Cours_HEI/H4/Programmation_Embarquee/TPs/TP_Emb_1/hei-2019-2020-lab-sens-it-vervisch-botman/sensit-sdk-v2.0.0/sdk/obj/ltr329.o
 .debug_abbrev  0x00000b42      0x182 D:/Documents/Cours_HEI/H4/Programmation_Embarquee/TPs/TP_Emb_1/hei-2019-2020-lab-sens-it-vervisch-botman/sensit-sdk-v2.0.0/sdk/obj/fxos8700.o
 .debug_abbrev  0x00000cc4      0x151 D:/Documents/Cours_HEI/H4/Programmation_Embarquee/TPs/TP_Emb_1/hei-2019-2020-lab-sens-it-vervisch-botman/sensit-sdk-v2.0.0/sdk/obj/main.o

.debug_loc      0x00000000      0xd26
 .debug_loc     0x00000000      0x112 D:/Documents/Cours_HEI/H4/Programmation_Embarquee/TPs/TP_Emb_1/hei-2019-2020-lab-sens-it-vervisch-botman/sensit-sdk-v2.0.0/sdk/obj/error.o
 .debug_loc     0x00000112       0xb8 D:/Documents/Cours_HEI/H4/Programmation_Embarquee/TPs/TP_Emb_1/hei-2019-2020-lab-sens-it-vervisch-botman/sensit-sdk-v2.0.0/sdk/obj/button.o
 .debug_loc     0x000001ca       0x8a D:/Documents/Cours_HEI/H4/Programmation_Embarquee/TPs/TP_Emb_1/hei-2019-2020-lab-sens-it-vervisch-botman/sensit-sdk-v2.0.0/sdk/obj/battery.o
 .debug_loc     0x00000254      0x191 D:/Documents/Cours_HEI/H4/Programmation_Embarquee/TPs/TP_Emb_1/hei-2019-2020-lab-sens-it-vervisch-botman/sensit-sdk-v2.0.0/sdk/obj/radio_api.o
 .debug_loc     0x000003e5      0x12b D:/Documents/Cours_HEI/H4/Programmation_Embarquee/TPs/TP_Emb_1/hei-2019-2020-lab-sens-it-vervisch-botman/sensit-sdk-v2.0.0/sdk/obj/etsi.o
 .debug_loc     0x00000510       0xc6 D:/Documents/Cours_HEI/H4/Programmation_Embarquee/TPs/TP_Emb_1/hei-2019-2020-lab-sens-it-vervisch-botman/sensit-sdk-v2.0.0/sdk/obj/fcc.o
 .debug_loc     0x000005d6      0x28c D:/Documents/Cours_HEI/H4/Programmation_Embarquee/TPs/TP_Emb_1/hei-2019-2020-lab-sens-it-vervisch-botman/sensit-sdk-v2.0.0/sdk/obj/hts221.o
 .debug_loc     0x00000862      0x19d D:/Documents/Cours_HEI/H4/Programmation_Embarquee/TPs/TP_Emb_1/hei-2019-2020-lab-sens-it-vervisch-botman/sensit-sdk-v2.0.0/sdk/obj/ltr329.o
 .debug_loc     0x000009ff      0x289 D:/Documents/Cours_HEI/H4/Programmation_Embarquee/TPs/TP_Emb_1/hei-2019-2020-lab-sens-it-vervisch-botman/sensit-sdk-v2.0.0/sdk/obj/fxos8700.o
 .debug_loc     0x00000c88       0x9e D:/Documents/Cours_HEI/H4/Programmation_Embarquee/TPs/TP_Emb_1/hei-2019-2020-lab-sens-it-vervisch-botman/sensit-sdk-v2.0.0/sdk/obj/main.o

.debug_aranges  0x00000000      0x1b8
 .debug_aranges
                0x00000000       0x28 D:/Documents/Cours_HEI/H4/Programmation_Embarquee/TPs/TP_Emb_1/hei-2019-2020-lab-sens-it-vervisch-botman/sensit-sdk-v2.0.0/sdk/obj/error.o
 .debug_aranges
                0x00000028       0x20 D:/Documents/Cours_HEI/H4/Programmation_Embarquee/TPs/TP_Emb_1/hei-2019-2020-lab-sens-it-vervisch-botman/sensit-sdk-v2.0.0/sdk/obj/button.o
 .debug_aranges
                0x00000048       0x20 D:/Documents/Cours_HEI/H4/Programmation_Embarquee/TPs/TP_Emb_1/hei-2019-2020-lab-sens-it-vervisch-botman/sensit-sdk-v2.0.0/sdk/obj/battery.o
 .debug_aranges