Archive member included to satisfy reference by file (symbol)

D:/Documents/Cours_HEI/H4/Programmation_Embarquee/TPs/TP_Emb_1/hei-2019-2020-lab-sens-it-vervisch-botman/sensit-sdk-v2.0.0/sdk/lib\libSENSIT_SDK_V2.0.0.a(addon_sigfox_verified_api.o)
                              D:/Documents/Cours_HEI/H4/Programmation_Embarquee/TPs/TP_Emb_1/hei-2019-2020-lab-sens-it-vervisch-botman/sensit-sdk-v2.0.0/sdk/obj/AT_functions.o (ADDON_SIGFOX_VERIFIED_API_get_version)
D:/Documents/Cours_HEI/H4/Programmation_Embarquee/TPs/TP_Emb_1/hei-2019-2020-lab-sens-it-vervisch-botman/sensit-sdk-v2.0.0/sdk/lib\libSENSIT_SDK_V2.0.0.a(mcu_api.o)
                              D:/Documents/Cours_HEI/H4/Programmation_Embarquee/TPs/TP_Emb_1/hei-2019-2020-lab-sens-it-vervisch-botman/sensit-sdk-v2.0.0/sdk/lib\libSENSIT_SDK_V2.0.0.a(addon_sigfox_verified_api.o) (MCU_API_timer_start)
D:/Documents/Cours_HEI/H4/Programmation_Embarquee/TPs/TP_Emb_1/hei-2019-2020-lab-sens-it-vervisch-botman/sensit-sdk-v2.0.0/sdk/lib\libSENSIT_SDK_V2.0.0.a(nvmem_api.o)
                              D:/Documents/Cours_HEI/H4/Programmation_Embarquee/TPs/TP_Emb_1/hei-2019-2020-lab-sens-it-vervisch-botman/sensit-sdk-v2.0.0/sdk/lib\libSENSIT_SDK_V2.0.0.a(mcu_api.o) (NVMEM_API_get_device_id)
D:/Documents/Cours_HEI/H4/Programmation_Embarquee/TPs/TP_Emb_1/hei-2019-2020-lab-sens-it-vervisch-botman/sensit-sdk-v2.0.0/sdk/lib\libSENSIT_SDK_V2.0.0.a(radio.o)
                              D:/Documents/Cours_HEI/H4/Programmation_Embarquee/TPs/TP_Emb_1/hei-2019-2020-lab-sens-it-vervisch-botman/sensit-sdk-v2.0.0/sdk/lib\libSENSIT_SDK_V2.0.0.a(mcu_api.o) (RADIO_is_600bps)
D:/Documents/Cours_HEI/H4/Programmation_Embarquee/TPs/TP_Emb_1/hei-2019-2020-lab-sens-it-vervisch-botman/sensit-sdk-v2.0.0/sdk/lib\libSENSIT_SDK_V2.0.0.a(rtc.o)
                              D:/Documents/Cours_HEI/H4/Programmation_Embarquee/TPs/TP_Emb_1/hei-2019-2020-lab-sens-it-vervisch-botman/sensit-sdk-v2.0.0/sdk/lib\libSENSIT_SDK_V2.0.0.a(mcu_api.o) (RTC_set_rx_timer)
D:/Documents/Cours_HEI/H4/Programmation_Embarquee/TPs/TP_Emb_1/hei-2019-2020-lab-sens-it-vervisch-botman/sensit-sdk-v2.0.0/sdk/lib\libSENSIT_SDK_V2.0.0.a(sensit_api.o)
                              D:/Documents/Cours_HEI/H4/Programmation_Embarquee/TPs/TP_Emb_1/hei-2019-2020-lab-sens-it-vervisch-botman/sensit-sdk-v2.0.0/sdk/obj/AT_functions.o (SENSIT_API_get_sdk_version)
D:/Documents/Cours_HEI/H4/Programmation_Embarquee/TPs/TP_Emb_1/hei-2019-2020-lab-sens-it-vervisch-botman/sensit-sdk-v2.0.0/sdk/lib\libSENSIT_SDK_V2.0.0.a(sigfox_api.o)
                              D:/Documents/Cours_HEI/H4/Programmation_Embarquee/TPs/TP_Emb_1/hei-2019-2020-lab-sens-it-vervisch-botman/sensit-sdk-v2.0.0/sdk/obj/radio_api.o (SIGFOX_API_open)
D:/Documents/Cours_HEI/H4/Programmation_Embarquee/TPs/TP_Emb_1/hei-2019-2020-lab-sens-it-vervisch-botman/sensit-sdk-v2.0.0/sdk/lib\libSENSIT_SDK_V2.0.0.a(sigfox_internal.o)
                              D:/Documents/Cours_HEI/H4/Programmation_Embarquee/TPs/TP_Emb_1/hei-2019-2020-lab-sens-it-vervisch-botman/sensit-sdk-v2.0.0/sdk/lib\libSENSIT_SDK_V2.0.0.a(sigfox_api.o) (SIGFOX_INT_get_max_micro_channel)
D:/Documents/Cours_HEI/H4/Programmation_Embarquee/TPs/TP_Emb_1/hei-2019-2020-lab-sens-it-vervisch-botman/sensit-sdk-v2.0.0/sdk/lib\libSENSIT_SDK_V2.0.0.a(sigfox_pn.o)
                              D:/Documents/Cours_HEI/H4/Programmation_Embarquee/TPs/TP_Emb_1/hei-2019-2020-lab-sens-it-vervisch-botman/sensit-sdk-v2.0.0/sdk/lib\libSENSIT_SDK_V2.0.0.a(sigfox_internal.o) (SIGFOX_PN_next_pn)
D:/Documents/Cours_HEI/H4/Programmation_Embarquee/TPs/TP_Emb_1/hei-2019-2020-lab-sens-it-vervisch-botman/sensit-sdk-v2.0.0/sdk/lib\libSENSIT_SDK_V2.0.0.a(sigfox_scramb.o)
                              D:/Documents/Cours_HEI/H4/Programmation_Embarquee/TPs/TP_Emb_1/hei-2019-2020-lab-sens-it-vervisch-botman/sensit-sdk-v2.0.0/sdk/lib\libSENSIT_SDK_V2.0.0.a(sigfox_internal.o) (SIGFOX_SCRAMB_compute)
D:/Documents/Cours_HEI/H4/Programmation_Embarquee/TPs/TP_Emb_1/hei-2019-2020-lab-sens-it-vervisch-botman/sensit-sdk-v2.0.0/sdk/lib\libSENSIT_SDK_V2.0.0.a(sleep.o)
                              D:/Documents/Cours_HEI/H4/Programmation_Embarquee/TPs/TP_Emb_1/hei-2019-2020-lab-sens-it-vervisch-botman/sensit-sdk-v2.0.0/sdk/lib\libSENSIT_SDK_V2.0.0.a(rtc.o) (SLEEP_handler)
D:/Documents/Cours_HEI/H4/Programmation_Embarquee/TPs/TP_Emb_1/hei-2019-2020-lab-sens-it-vervisch-botman/sensit-sdk-v2.0.0/sdk/lib\libSENSIT_SDK_V2.0.0.a(spi.o)
                              D:/Documents/Cours_HEI/H4/Programmation_Embarquee/TPs/TP_Emb_1/hei-2019-2020-lab-sens-it-vervisch-botman/sensit-sdk-v2.0.0/sdk/lib\libSENSIT_SDK_V2.0.0.a(sensit_api.o) (SPI_init)
D:/Documents/Cours_HEI/H4/Programmation_Embarquee/TPs/TP_Emb_1/hei-2019-2020-lab-sens-it-vervisch-botman/sensit-sdk-v2.0.0/sdk/lib\libSENSIT_SDK_V2.0.0.a(startup_stm32f042x6.o)
                              (Reset_Handler)
[...]
Memory Configuration

Name             Origin             Length             Attributes
RAM              0x20000000         0x00001800         xrw
ROM              0x08000000         0x00007400         xr
*default*        0x00000000         0xffffffff

Linker script and memory map

LOAD D:/Documents/Cours_HEI/H4/Programmation_Embarquee/TPs/TP_Emb_1/hei-2019-2020-lab-sens-it-vervisch-botman/sensit-sdk-v2.0.0/sdk/obj/error.o
LOAD D:/Documents/Cours_HEI/H4/Programmation_Embarquee/TPs/TP_Emb_1/hei-2019-2020-lab-sens-it-vervisch-botman/sensit-sdk-v2.0.0/sdk/obj/button.o
LOAD D:/Documents/Cours_HEI/H4/Programmation_Embarquee/TPs/TP_Emb_1/hei-2019-2020-lab-sens-it-vervisch-botman/sensit-sdk-v2.0.0/sdk/obj/battery.o
LOAD D:/Documents/Cours_HEI/H4/Programmation_Embarquee/TPs/TP_Emb_1/hei-2019-2020-lab-sens-it-vervisch-botman/sensit-sdk-v2.0.0/sdk/obj/callback.o
LOAD D:/Documents/Cours_HEI/H4/Programmation_Embarquee/TPs/TP_Emb_1/hei-2019-2020-lab-sens-it-vervisch-botman/sensit-sdk-v2.0.0/sdk/obj/serial.o
LOAD D:/Documents/Cours_HEI/H4/Programmation_Embarquee/TPs/TP_Emb_1/hei-2019-2020-lab-sens-it-vervisch-botman/sensit-sdk-v2.0.0/sdk/obj/radio_api.o
LOAD D:/Documents/Cours_HEI/H4/Programmation_Embarquee/TPs/TP_Emb_1/hei-2019-2020-lab-sens-it-vervisch-botman/sensit-sdk-v2.0.0/sdk/obj/etsi.o
LOAD D:/Documents/Cours_HEI/H4/Programmation_Embarquee/TPs/TP_Emb_1/hei-2019-2020-lab-sens-it-vervisch-botman/sensit-sdk-v2.0.0/sdk/obj/fcc.o
LOAD D:/Documents/Cours_HEI/H4/Programmation_Embarquee/TPs/TP_Emb_1/hei-2019-2020-lab-sens-it-vervisch-botman/sensit-sdk-v2.0.0/sdk/obj/hts221.o
LOAD D:/Documents/Cours_HEI/H4/Programmation_Embarquee/TPs/TP_Emb_1/hei-2019-2020-lab-sens-it-vervisch-botman/sensit-sdk-v2.0.0/sdk/obj/ltr329.o
LOAD D:/Documents/Cours_HEI/H4/Programmation_Embarquee/TPs/TP_Emb_1/hei-2019-2020-lab-sens-it-vervisch-botman/sensit-sdk-v2.0.0/sdk/obj/fxos8700.o
LOAD D:/Documents/Cours_HEI/H4/Programmation_Embarquee/TPs/TP_Emb_1/hei-2019-2020-lab-sens-it-vervisch-botman/sensit-sdk-v2.0.0/sdk/obj/AT_parser.o
LOAD D:/Documents/Cours_HEI/H4/Programmation_Embarquee/TPs/TP_Emb_1/hei-2019-2020-lab-sens-it-vervisch-botman/sensit-sdk-v2.0.0/sdk/obj/AT_functions.o
LOAD D:/Documents/Cours_HEI/H4/Programmation_Embarquee/TPs/TP_Emb_1/hei-2019-2020-lab-sens-it-vervisch-botman/sensit-sdk-v2.0.0/sdk/obj/discovery.o
LOAD D:/Documents/Cours_HEI/H4/Programmation_Embarquee/TPs/TP_Emb_1/hei-2019-2020-lab-sens-it-vervisch-botman/sensit-sdk-v2.0.0/sdk/obj/main.o
LOAD D:/Documents/Cours_HEI/H4/Programmation_Embarquee/TPs/TP_Emb_1/hei-2019-2020-lab-sens-it-vervisch-botman/sensit-sdk-v2.0.0/sdk/lib\libSENSIT_SDK_V2.0.0.a
                0x20001800                _estack = 0x20001800
                0x00000000                _Min_Heap_Size = 0x0
                0x00000400                _Min_Stack_Size = 0x400

.isr_vector     0x08000000       0xc0
                0x08000000                . = ALIGN (0x4)
 *(.isr_vector)
 .isr_vector    0x08000000       0xc0 D:/Documents/Cours_HEI/H4/Programmation_Embarquee/TPs/TP_Emb_1/hei-2019-2020-lab-sens-it-vervisch-botman/sensit-sdk-v2.0.0/sdk/lib\libSENSIT_SDK_V2.0.0.a(startup_stm32f042x6.o)
                0x08000000                g_pfnVectors
                0x080000c0                . = ALIGN (0x4)

.text           0x080000c0     0x5ad8
                0x080000c0                . = ALIGN (0x4)
 *(.text)
 .text          0x080000c0       0x14 d:/program files/iti-temp/8-2019-q3-update/bin/../lib/gcc/arm-none-eabi/8.3.1/thumb/v6-m/nofp\libgcc.a(_thumb1_case_uqi.o)
                0x080000c0                __gnu_thumb1_case_uqi
 .text          0x080000d4       0x14 d:/program files/iti-temp/8-2019-q3-update/bin/../lib/gcc/arm-none-eabi/8.3.1/thumb/v6-m/nofp\libgcc.a(_thumb1_case_uhi.o)
                0x080000d4                __gnu_thumb1_case_uhi
 .text          0x080000e8      0x114 d:/program files/iti-temp/8-2019-q3-update/bin/../lib/gcc/arm-none-eabi/8.3.1/thumb/v6-m/nofp\libgcc.a(_udivsi3.o)
                0x080000e8                __aeabi_uidiv
                0x080000e8                __udivsi3
                0x080001f4                __aeabi_uidivmod
 .text          0x080001fc      0x1d4 d:/program files/iti-temp/8-2019-q3-update/bin/../lib/gcc/arm-none-eabi/8.3.1/thumb/v6-m/nofp\libgcc.a(_divsi3.o)
                0x080001fc                __divsi3
                0x080001fc                __aeabi_idiv
                0x080003c8                __aeabi_idivmod
 .text          0x080003d0        0x4 d:/program files/iti-temp/8-2019-q3-update/bin/../lib/gcc/arm-none-eabi/8.3.1/thumb/v6-m/nofp\libgcc.a(_dvmd_tls.o)
                0x080003d0                __aeabi_idiv0
                0x080003d0                __aeabi_ldiv0
 .text          0x080003d4       0x30 d:/program files/iti-temp/8-2019-q3-update/bin/../lib/gcc/arm-none-eabi/8.3.1/thumb/v6-m/nofp\libgcc.a(_fixunssfsi.o)
                0x080003d4                __fixunssfsi
                0x080003d4                __aeabi_f2uiz
 .text          0x08000404      0x230 d:/program files/iti-temp/8-2019-q3-update/bin/../lib/gcc/arm-none-eabi/8.3.1/thumb/v6-m/nofp\libgcc.a(divsf3.o)
                0x08000404                __aeabi_fdiv
 .text          0x08000634      0x22c d:/program files/iti-temp/8-2019-q3-update/bin/../lib/gcc/arm-none-eabi/8.3.1/thumb/v6-m/nofp\libgcc.a(mulsf3.o)
                0x08000634                __aeabi_fmul
 .text          0x08000860      0x348 d:/program files/iti-temp/8-2019-q3-update/bin/../lib/gcc/arm-none-eabi/8.3.1/thumb/v6-m/nofp\libgcc.a(subsf3.o)
                0x08000860                __aeabi_fsub
 .text          0x08000ba8       0x40 d:/program files/iti-temp/8-2019-q3-update/bin/../lib/gcc/arm-none-eabi/8.3.1/thumb/v6-m/nofp\libgcc.a(fixsfsi.o)
                0x08000ba8                __aeabi_f2iz
 .text          0x08000be8       0x80 d:/program files/iti-temp/8-2019-q3-update/bin/../lib/gcc/arm-none-eabi/8.3.1/thumb/v6-m/nofp\libgcc.a(floatunsisf.o)
                0x08000be8                __aeabi_ui2f
 .text          0x08000c68       0x74 d:/program files/iti-temp/8-2019-q3-update/bin/../lib/gcc/arm-none-eabi/8.3.1/thumb/v6-m/nofp\libgcc.a(_arm_cmpsf2.o)
                0x08000c68                __aeabi_cfrcmple
                0x08000c70                __aeabi_cfcmpeq
                0x08000c70                __aeabi_cfcmple
                0x08000c80                __aeabi_fcmpeq
                0x08000c8c                __aeabi_fcmplt
                0x08000ca0                __aeabi_fcmple
                0x08000cb4                __aeabi_fcmpgt
                0x08000cc8                __aeabi_fcmpge
 .text          0x08000cdc       0x3c d:/program files/iti-temp/8-2019-q3-update/bin/../lib/gcc/arm-none-eabi/8.3.1/thumb/v6-m/nofp\libgcc.a(_clzsi2.o)
                0x08000cdc                __clzsi2
 .text          0x08000d18       0x50 d:/program files/iti-temp/8-2019-q3-update/bin/../lib/gcc/arm-none-eabi/8.3.1/thumb/v6-m/nofp\libgcc.a(eqsf2.o)
                0x08000d18                __eqsf2
                0x08000d18                __nesf2
 .text          0x08000d68       0x98 d:/program files/iti-temp/8-2019-q3-update/bin/../lib/gcc/arm-none-eabi/8.3.1/thumb/v6-m/nofp\libgcc.a(gesf2.o)
                0x08000d68                __gesf2
                0x08000d68                __gtsf2
 .text          0x08000e00       0x94 d:/program files/iti-temp/8-2019-q3-update/bin/../lib/gcc/arm-none-eabi/8.3.1/thumb/v6-m/nofp\libgcc.a(lesf2.o)
                0x08000e00                __ltsf2
                0x08000e00                __lesf2
 *(.text*)
 .text.ERROR_loop
                0x08000e94       0x42 D:/Documents/Cours_HEI/H4/Programmation_Embarquee/TPs/TP_Emb_1/hei-2019-2020-lab-sens-it-vervisch-botman/sensit-sdk-v2.0.0/sdk/obj/error.o
 .text.ERROR_parser
                0x08000ed6       0xc8 D:/Documents/Cours_HEI/H4/Programmation_Embarquee/TPs/TP_Emb_1/hei-2019-2020-lab-sens-it-vervisch-botman/sensit-sdk-v2.0.0/sdk/obj/error.o
                0x08000ed6                ERROR_parser
 .text.BUTTON_handler
                0x08000f9e       0x5e D:/Documents/Cours_HEI/H4/Programmation_Embarquee/TPs/TP_Emb_1/hei-2019-2020-lab-sens-it-vervisch-botman/sensit-sdk-v2.0.0/sdk/obj/button.o
                0x08000f9e                BUTTON_handler
 .text.BATTERY_handler
                0x08000ffc       0x90 D:/Documents/Cours_HEI/H4/Programmation_Embarquee/TPs/TP_Emb_1/hei-2019-2020-lab-sens-it-vervisch-botman/sensit-sdk-v2.0.0/sdk/obj/battery.o
                0x08000ffc                BATTERY_handler
 .text.CALLBACK_report_test_result
                0x0800108c        0x2 D:/Documents/Cours_HEI/H4/Programmation_Embarquee/TPs/TP_Emb_1/hei-2019-2020-lab-sens-it-vervisch-botman/sensit-sdk-v2.0.0/sdk/obj/callback.o
                0x0800108c                CALLBACK_report_test_result
 *fill*         0x0800108e        0x2 
 .text.RADIO_API_init
                0x08001090       0x4c D:/Documents/Cours_HEI/H4/Programmation_Embarquee/TPs/TP_Emb_1/hei-2019-2020-lab-sens-it-vervisch-botman/sensit-sdk-v2.0.0/sdk/obj/radio_api.o
                0x08001090                RADIO_API_init
 .text.RADIO_API_send_message
                0x080010dc       0x7c D:/Documents/Cours_HEI/H4/Programmation_Embarquee/TPs/TP_Emb_1/hei-2019-2020-lab-sens-it-vervisch-botman/sensit-sdk-v2.0.0/sdk/obj/radio_api.o
                0x080010dc                RADIO_API_send_message
 .text.ETSI_handler
                0x08001158       0x84 D:/Documents/Cours_HEI/H4/Programmation_Embarquee/TPs/TP_Emb_1/hei-2019-2020-lab-sens-it-vervisch-botman/sensit-sdk-v2.0.0/sdk/obj/etsi.o
                0x08001158                ETSI_handler
 .text.FCC_handler
                0x080011dc       0x50 D:/Documents/Cours_HEI/H4/Programmation_Embarquee/TPs/TP_Emb_1/hei-2019-2020-lab-sens-it-vervisch-botman/sensit-sdk-v2.0.0/sdk/obj/fcc.o
                0x080011dc                FCC_handler
 .text.HTS221_init
                0x0800122c       0xbc D:/Documents/Cours_HEI/H4/Programmation_Embarquee/TPs/TP_Emb_1/hei-2019-2020-lab-sens-it-vervisch-botman/sensit-sdk-v2.0.0/sdk/obj/hts221.o
                0x0800122c                HTS221_init
 .text.HTS221_measure
                0x080012e8       0xdc D:/Documents/Cours_HEI/H4/Programmation_Embarquee/TPs/TP_Emb_1/hei-2019-2020-lab-sens-it-vervisch-botman/sensit-sdk-v2.0.0/sdk/obj/hts221.o
                0x080012e8                HTS221_measure
 .text.LTR329_init
                0x080013c4       0x50 D:/Documents/Cours_HEI/H4/Programmation_Embarquee/TPs/TP_Emb_1/hei-2019-2020-lab-sens-it-vervisch-botman/sensit-sdk-v2.0.0/sdk/obj/ltr329.o
                0x080013c4                LTR329_init
 .text.LTR329_set_standby_mode
                0x08001414       0x1a D:/Documents/Cours_HEI/H4/Programmation_Embarquee/TPs/TP_Emb_1/hei-2019-2020-lab-sens-it-vervisch-botman/sensit-sdk-v2.0.0/sdk/obj/ltr329.o
                0x08001414                LTR329_set_standby_mode
 .text.LTR329_set_active_mode
                0x0800142e       0x30 D:/Documents/Cours_HEI/H4/Programmation_Embarquee/TPs/TP_Emb_1/hei-2019-2020-lab-sens-it-vervisch-botman/sensit-sdk-v2.0.0/sdk/obj/ltr329.o
                0x0800142e                LTR329_set_active_mode
 .text.LTR329_measure
                0x0800145e       0x72 D:/Documents/Cours_HEI/H4/Programmation_Embarquee/TPs/TP_Emb_1/hei-2019-2020-lab-sens-it-vervisch-botman/sensit-sdk-v2.0.0/sdk/obj/ltr329.o
                0x0800145e                LTR329_measure
 .text.startup.main
                0x080014d0      0x134 D:/Documents/Cours_HEI/H4/Programmation_Embarquee/TPs/TP_Emb_1/hei-2019-2020-lab-sens-it-vervisch-botman/sensit-sdk-v2.0.0/sdk/obj/main.o
                0x080014d0                main
 .text.MCU_API_malloc
                0x08001604       0x14 D:/Documents/Cours_HEI/H4/Programmation_Embarquee/TPs/TP_Emb_1/hei-2019-2020-lab-sens-it-vervisch-botman/sensit-sdk-v2.0.0/sdk/lib\libSENSIT_SDK_V2.0.0.a(mcu_api.o)
                0x08001604                MCU_API_malloc
 .text.MCU_API_free
                0x08001618        0x4 D:/Documents/Cours_HEI/H4/Programmation_Embarquee/TPs/TP_Emb_1/hei-2019-2020-lab-sens-it-vervisch-botman/sensit-sdk-v2.0.0/sdk/lib\libSENSIT_SDK_V2.0.0.a(mcu_api.o)
                0x08001618                MCU_API_free
 .text.MCU_API_get_voltage_temperature
                0x0800161c       0x22 D:/Documents/Cours_HEI/H4/Programmation_Embarquee/TPs/TP_Emb_1/hei-2019-2020-lab-sens-it-vervisch-botman/sensit-sdk-v2.0.0/sdk/lib\libSENSIT_SDK_V2.0.0.a(mcu_api.o)
                0x0800161c                MCU_API_get_voltage_temperature
 .text.MCU_API_delay
                0x0800163e       0x3e D:/Documents/Cours_HEI/H4/Programmation_Embarquee/TPs/TP_Emb_1/hei-2019-2020-lab-sens-it-vervisch-botman/sensit-sdk-v2.0.0/sdk/lib\libSENSIT_SDK_V2.0.0.a(mcu_api.o)
                0x0800163e                MCU_API_delay
 .text.MCU_API_aes_128_cbc_encrypt
                0x0800167c       0x62 D:/Documents/Cours_HEI/H4/Programmation_Embarquee/TPs/TP_Emb_1/hei-2019-2020-lab-sens-it-vervisch-botman/sensit-sdk-v2.0.0/sdk/lib\libSENSIT_SDK_V2.0.0.a(mcu_api.o)
                0x0800167c                MCU_API_aes_128_cbc_encrypt
 .text.MCU_API_get_nv_mem
                0x080016de        0xe D:/Documents/Cours_HEI/H4/Programmation_Embarquee/TPs/TP_Emb_1/hei-2019-2020-lab-sens-it-vervisch-botman/sensit-sdk-v2.0.0/sdk/lib\libSENSIT_SDK_V2.0.0.a(mcu_api.o)
                0x080016de                MCU_API_get_nv_mem
 .text.MCU_API_set_nv_mem
                0x080016ec       0x16 D:/Documents/Cours_HEI/H4/Programmation_Embarquee/TPs/TP_Emb_1/hei-2019-2020-lab-sens-it-vervisch-botman/sensit-sdk-v2.0.0/sdk/lib\libSENSIT_SDK_V2.0.0.a(mcu_api.o)
                0x080016ec                MCU_API_set_nv_mem
 *fill*         0x08001702        0x2 
 .text.MCU_API_timer_start_carrier_sense
                0x08001704       0x60 D:/Documents/Cours_HEI/H4/Programmation_Embarquee/TPs/TP_Emb_1/hei-2019-2020-lab-sens-it-vervisch-botman/sensit-sdk-v2.0.0/sdk/lib\libSENSIT_SDK_V2.0.0.a(mcu_api.o)
                0x08001704                MCU_API_timer_start_carrier_sense
 .text.TIM16_IRQHandler
                0x08001764       0x24 D:/Documents/Cours_HEI/H4/Programmation_Embarquee/TPs/TP_Emb_1/hei-2019-2020-lab-sens-it-vervisch-botman/sensit-sdk-v2.0.0/sdk/lib\libSENSIT_SDK_V2.0.0.a(mcu_api.o)
                0x08001764                TIM16_IRQHandler
 .text.MCU_API_timer_start
                0x08001788        0xc D:/Documents/Cours_HEI/H4/Programmation_Embarquee/TPs/TP_Emb_1/hei-2019-2020-lab-sens-it-vervisch-botman/sensit-sdk-v2.0.0/sdk/lib\libSENSIT_SDK_V2.0.0.a(mcu_api.o)
                0x08001788                MCU_API_timer_start
 .text.MCU_API_timer_stop
                0x08001794        0x4 D:/Documents/Cours_HEI/H4/Programmation_Embarquee/TPs/TP_Emb_1/hei-2019-2020-lab-sens-it-vervisch-botman/sensit-sdk-v2.0.0/sdk/lib\libSENSIT_SDK_V2.0.0.a(mcu_api.o)
                0x08001794                MCU_API_timer_stop
 .text.MCU_API_timer_stop_carrier_sense
                0x08001798       0x38 D:/Documents/Cours_HEI/H4/Programmation_Embarquee/TPs/TP_Emb_1/hei-2019-2020-lab-sens-it-vervisch-botman/sensit-sdk-v2.0.0/sdk/lib\libSENSIT_SDK_V2.0.0.a(mcu_api.o)
                0x08001798                MCU_API_timer_stop_carrier_sense
 .text.MCU_API_timer_wait_for_end
                0x080017d0       0x10 D:/Documents/Cours_HEI/H4/Programmation_Embarquee/TPs/TP_Emb_1/hei-2019-2020-lab-sens-it-vervisch-botman/sensit-sdk-v2.0.0/sdk/lib\libSENSIT_SDK_V2.0.0.a(mcu_api.o)
                0x080017d0                MCU_API_timer_wait_for_end
 .text.MCU_API_report_test_result
                0x080017e0        0xa D:/Documents/Cours_HEI/H4/Programmation_Embarquee/TPs/TP_Emb_1/hei-2019-2020-lab-sens-it-vervisch-botman/sensit-sdk-v2.0.0/sdk/lib\libSENSIT_SDK_V2.0.0.a(mcu_api.o)
                0x080017e0                MCU_API_report_test_result
 .text.MCU_API_get_device_id
                0x080017ea       0x12 D:/Documents/Cours_HEI/H4/Programmation_Embarquee/TPs/TP_Emb_1/hei-2019-2020-lab-sens-it-vervisch-botman/sensit-sdk-v2.0.0/sdk/lib\libSENSIT_SDK_V2.0.0.a(mcu_api.o)
                0x080017ea                MCU_API_get_device_id
 .text.NVMEM_API_get_device_id
                0x080017fc       0x2c D:/Documents/Cours_HEI/H4/Programmation_Embarquee/TPs/TP_Emb_1/hei-2019-2020-lab-sens-it-vervisch-botman/sensit-sdk-v2.0.0/sdk/lib\libSENSIT_SDK_V2.0.0.a(nvmem_api.o)
                0x080017fc                NVMEM_API_get_device_id
 .text.NVMEM_API_get_frequency_calibration
                0x08001828       0x1c D:/Documents/Cours_HEI/H4/Programmation_Embarquee/TPs/TP_Emb_1/hei-2019-2020-lab-sens-it-vervisch-botman/sensit-sdk-v2.0.0/sdk/lib\libSENSIT_SDK_V2.0.0.a(nvmem_api.o)
                0x08001828                NVMEM_API_get_frequency_calibration
 .text.NVMEM_API_get_radio_configuration
                0x08001844       0x14 D:/Documents/Cours_HEI/H4/Programmation_Embarquee/TPs/TP_Emb_1/hei-2019-2020-lab-sens-it-vervisch-botman/sensit-sdk-v2.0.0/sdk/lib\libSENSIT_SDK_V2.0.0.a(nvmem_api.o)
                0x08001844                NVMEM_API_get_radio_configuration
 .text.NVMEM_API_compute_aes
                0x08001858       0xc8 D:/Documents/Cours_HEI/H4/Programmation_Embarquee/TPs/TP_Emb_1/hei-2019-2020-lab-sens-it-vervisch-botman/sensit-sdk-v2.0.0/sdk/lib\libSENSIT_SDK_V2.0.0.a(nvmem_api.o)
                0x08001858                NVMEM_API_compute_aes
 .text.NVMEM_API_init_page_index
                0x08001920       0xb4 D:/Documents/Cours_HEI/H4/Programmation_Embarquee/TPs/TP_Emb_1/hei-2019-2020-lab-sens-it-vervisch-botman/sensit-sdk-v2.0.0/sdk/lib\libSENSIT_SDK_V2.0.0.a(nvmem_api.o)
                0x08001920                NVMEM_API_init_page_index
 .text.NVMEM_API_init
                0x080019d4       0xa0 D:/Documents/Cours_HEI/H4/Programmation_Embarquee/TPs/TP_Emb_1/hei-2019-2020-lab-sens-it-vervisch-botman/sensit-sdk-v2.0.0/sdk/lib\libSENSIT_SDK_V2.0.0.a(nvmem_api.o)
                0x080019d4                NVMEM_API_init
 .text.NVMEM_API_set_data
                0x08001a74       0xd8 D:/Documents/Cours_HEI/H4/Programmation_Embarquee/TPs/TP_Emb_1/hei-2019-2020-lab-sens-it-vervisch-botman/sensit-sdk-v2.0.0/sdk/lib\libSENSIT_SDK_V2.0.0.a(nvmem_api.o)
                0x08001a74                NVMEM_API_set_data
 .text.NVMEM_API_get_data
                0x08001b4c       0x58 D:/Documents/Cours_HEI/H4/Programmation_Embarquee/TPs/TP_Emb_1/hei-2019-2020-lab-sens-it-vervisch-botman/sensit-sdk-v2.0.0/sdk/lib\libSENSIT_SDK_V2.0.0.a(nvmem_api.o)
                0x08001b4c                NVMEM_API_get_data
 .text.RADIO_init
                0x08001ba4       0x1c D:/Documents/Cours_HEI/H4/Programmation_Embarquee/TPs/TP_Emb_1/hei-2019-2020-lab-sens-it-vervisch-botman/sensit-sdk-v2.0.0/sdk/lib\libSENSIT_SDK_V2.0.0.a(radio.o)
                0x08001ba4                RADIO_init
 .text.RADIO_power_on
                0x08001bc0       0x44 D:/Documents/Cours_HEI/H4/Programmation_Embarquee/TPs/TP_Emb_1/hei-2019-2020-lab-sens-it-vervisch-botman/sensit-sdk-v2.0.0/sdk/lib\libSENSIT_SDK_V2.0.0.a(radio.o)
                0x08001bc0                RADIO_power_on
 .text.RADIO_power_off
                0x08001c04       0x2c D:/Documents/Cours_HEI/H4/Programmation_Embarquee/TPs/TP_Emb_1/hei-2019-2020-lab-sens-it-vervisch-botman/sensit-sdk-v2.0.0/sdk/lib\libSENSIT_SDK_V2.0.0.a(radio.o)
                0x08001c04                RADIO_power_off
 .text.RADIO_get_state
                0x08001c30        0xc D:/Documents/Cours_HEI/H4/Programmation_Embarquee/TPs/TP_Emb_1/hei-2019-2020-lab-sens-it-vervisch-botman/sensit-sdk-v2.0.0/sdk/lib\libSENSIT_SDK_V2.0.0.a(radio.o)
                0x08001c30                RADIO_get_state
 .text.RADIO_set_rf_line
                0x08001c3c       0x50 D:/Documents/Cours_HEI/H4/Programmation_Embarquee/TPs/TP_Emb_1/hei-2019-2020-lab-sens-it-vervisch-botman/sensit-sdk-v2.0.0/sdk/lib\libSENSIT_SDK_V2.0.0.a(radio.o)
                0x08001c3c                RADIO_set_rf_line
 .text.RADIO_is_600bps
                0x08001c8c       0x18 D:/Documents/Cours_HEI/H4/Programmation_Embarquee/TPs/TP_Emb_1/hei-2019-2020-lab-sens-it-vervisch-botman/sensit-sdk-v2.0.0/sdk/lib\libSENSIT_SDK_V2.0.0.a(radio.o)
                0x08001c8c                RADIO_is_600bps
 .text.RTC_init
                0x08001ca4       0x2c D:/Documents/Cours_HEI/H4/Programmation_Embarquee/TPs/TP_Emb_1/hei-2019-2020-lab-sens-it-vervisch-botman/sensit-sdk-v2.0.0/sdk/lib\libSENSIT_SDK_V2.0.0.a(rtc.o)
                0x08001ca4                RTC_init
 .text.RTC_get_current_time
                0x08001cd0        0xc D:/Documents/Cours_HEI/H4/Programmation_Embarquee/TPs/TP_Emb_1/hei-2019-2020-lab-sens-it-vervisch-botman/sensit-sdk-v2.0.0/sdk/lib\libSENSIT_SDK_V2.0.0.a(rtc.o)
                0x08001cd0                RTC_get_current_time
 .text.RTC_set_alarm_timer
                0x08001cdc       0x14 D:/Documents/Cours_HEI/H4/Programmation_Embarquee/TPs/TP_Emb_1/hei-2019-2020-lab-sens-it-vervisch-botman/sensit-sdk-v2.0.0/sdk/lib\libSENSIT_SDK_V2.0.0.a(rtc.o)
                0x08001cdc                RTC_set_alarm_timer
 .text.RTC_set_rx_timer
                0x08001cf0        0xc D:/Documents/Cours_HEI/H4/Programmation_Embarquee/TPs/TP_Emb_1/hei-2019-2020-lab-sens-it-vervisch-botman/sensit-sdk-v2.0.0/sdk/lib\libSENSIT_SDK_V2.0.0.a(rtc.o)
                0x08001cf0                RTC_set_rx_timer
 .text.RTC_wait_frame
                0x08001cfc       0x2c D:/Documents/Cours_HEI/H4/Programmation_Embarquee/TPs/TP_Emb_1/hei-2019-2020-lab-sens-it-vervisch-botman/sensit-sdk-v2.0.0/sdk/lib\libSENSIT_SDK_V2.0.0.a(rtc.o)
                0x08001cfc                RTC_wait_frame
 .text.RTC_IRQHandler
                0x08001d28       0x68 D:/Documents/Cours_HEI/H4/Programmation_Embarquee/TPs/TP_Emb_1/hei-2019-2020-lab-sens-it-vervisch-botman/sensit-sdk-v2.0.0/sdk/lib\libSENSIT_SDK_V2.0.0.a(rtc.o)
                0x08001d28                RTC_IRQHandler
 .text._init    0x08001d90       0x1c D:/Documents/Cours_HEI/H4/Programmation_Embarquee/TPs/TP_Emb_1/hei-2019-2020-lab-sens-it-vervisch-botman/sensit-sdk-v2.0.0/sdk/lib\libSENSIT_SDK_V2.0.0.a(sensit_api.o)
                0x08001d90                _init
 .text.SENSIT_API_configure_radio
                0x08001dac       0x2a D:/Documents/Cours_HEI/H4/Programmation_Embarquee/TPs/TP_Emb_1/hei-2019-2020-lab-sens-it-vervisch-botman/sensit-sdk-v2.0.0/sdk/lib\libSENSIT_SDK_V2.0.0.a(sensit_api.o)
                0x08001dac                SENSIT_API_configure_radio
 .text.SENSIT_API_switch_radio
                0x08001dd6       0x38 D:/Documents/Cours_HEI/H4/Programmation_Embarquee/TPs/TP_Emb_1/hei-2019-2020-lab-sens-it-vervisch-botman/sensit-sdk-v2.0.0/sdk/lib\libSENSIT_SDK_V2.0.0.a(sensit_api.o)
                0x08001dd6                SENSIT_API_switch_radio
 *fill*         0x08001e0e        0x2 
 .text.SENSIT_API_reset
                0x08001e10       0x60 D:/Documents/Cours_HEI/H4/Programmation_Embarquee/TPs/TP_Emb_1/hei-2019-2020-lab-sens-it-vervisch-botman/sensit-sdk-v2.0.0/sdk/lib\libSENSIT_SDK_V2.0.0.a(sensit_api.o)
                0x08001e10                SENSIT_API_reset
 .text.SENSIT_API_sleep
                0x08001e70        0xa D:/Documents/Cours_HEI/H4/Programmation_Embarquee/TPs/TP_Emb_1/hei-2019-2020-lab-sens-it-vervisch-botman/sensit-sdk-v2.0.0/sdk/lib\libSENSIT_SDK_V2.0.0.a(sensit_api.o)
                0x08001e70                SENSIT_API_sleep
 .text.SENSIT_API_set_rtc_alarm
                0x08001e7a        0xa D:/Documents/Cours_HEI/H4/Programmation_Embarquee/TPs/TP_Emb_1/hei-2019-2020-lab-sens-it-vervisch-botman/sensit-sdk-v2.0.0/sdk/lib\libSENSIT_SDK_V2.0.0.a(sensit_api.o)
                0x08001e7a                SENSIT_API_set_rtc_alarm
 .text.SENSIT_API_configure_button
                0x08001e84       0x50 D:/Documents/Cours_HEI/H4/Programmation_Embarquee/TPs/TP_Emb_1/hei-2019-2020-lab-sens-it-vervisch-botman/sensit-sdk-v2.0.0/sdk/lib\libSENSIT_SDK_V2.0.0.a(sensit_api.o)
                0x08001e84                SENSIT_API_configure_button
 .text.SENSIT_API_get_button_state
                0x08001ed4       0x14 D:/Documents/Cours_HEI/H4/Programmation_Embarquee/TPs/TP_Emb_1/hei-2019-2020-lab-sens-it-vervisch-botman/sensit-sdk-v2.0.0/sdk/lib\libSENSIT_SDK_V2.0.0.a(sensit_api.o)
                0x08001ed4                SENSIT_API_get_button_state
 .text.SENSIT_API_set_rgb_led
                0x08001ee8       0x30 D:/Documents/Cours_HEI/H4/Programmation_Embarquee/TPs/TP_Emb_1/hei-2019-2020-lab-sens-it-vervisch-botman/sensit-sdk-v2.0.0/sdk/lib\libSENSIT_SDK_V2.0.0.a(sensit_api.o)
                0x08001ee8                SENSIT_API_set_rgb_led
 .text.SENSIT_API_set_white_led
                0x08001f18       0x18 D:/Documents/Cours_HEI/H4/Programmation_Embarquee/TPs/TP_Emb_1/hei-2019-2020-lab-sens-it-vervisch-botman/sensit-sdk-v2.0.0/sdk/lib\libSENSIT_SDK_V2.0.0.a(sensit_api.o)
                0x08001f18                SENSIT_API_set_white_led
 .text.SENSIT_API_get_battery_level
                0x08001f30        0xe D:/Documents/Cours_HEI/H4/Programmation_Embarquee/TPs/TP_Emb_1/hei-2019-2020-lab-sens-it-vervisch-botman/sensit-sdk-v2.0.0/sdk/lib\libSENSIT_SDK_V2.0.0.a(sensit_api.o)
                0x08001f30                SENSIT_API_get_battery_level
 .text.SENSIT_API_get_current_time
                0x08001f3e        0xe D:/Documents/Cours_HEI/H4/Programmation_Embarquee/TPs/TP_Emb_1/hei-2019-2020-lab-sens-it-vervisch-botman/sensit-sdk-v2.0.0/sdk/lib\libSENSIT_SDK_V2.0.0.a(sensit_api.o)
                0x08001f3e                SENSIT_API_get_current_time
 .text.SENSIT_API_wait
                0x08001f4c        0xa D:/Documents/Cours_HEI/H4/Programmation_Embarquee/TPs/TP_Emb_1/hei-2019-2020-lab-sens-it-vervisch-botman/sensit-sdk-v2.0.0/sdk/lib\libSENSIT_SDK_V2.0.0.a(sensit_api.o)
                0x08001f4c                SENSIT_API_wait
 .text.SENSIT_API_write_read_i2c_bus
                0x08001f56       0x20 D:/Documents/Cours_HEI/H4/Programmation_Embarquee/TPs/TP_Emb_1/hei-2019-2020-lab-sens-it-vervisch-botman/sensit-sdk-v2.0.0/sdk/lib\libSENSIT_SDK_V2.0.0.a(sensit_api.o)
                0x08001f56                SENSIT_API_write_read_i2c_bus
 *fill*         0x08001f76        0x2 
 .text.SENSIT_API_reset_device_sequence_number
                0x08001f78       0x20 D:/Documents/Cours_HEI/H4/Programmation_Embarquee/TPs/TP_Emb_1/hei-2019-2020-lab-sens-it-vervisch-botman/sensit-sdk-v2.0.0/sdk/lib\libSENSIT_SDK_V2.0.0.a(sensit_api.o)
                0x08001f78                SENSIT_API_reset_device_sequence_number
 .text.SIGFOX_API_open
                0x08001f98      0x1b4 D:/Documents/Cours_HEI/H4/Programmation_Embarquee/TPs/TP_Emb_1/hei-2019-2020-lab-sens-it-vervisch-botman/sensit-sdk-v2.0.0/sdk/lib\libSENSIT_SDK_V2.0.0.a(sigfox_api.o)
                0x08001f98                SIGFOX_API_open
 .text.SIGFOX_API_send_frame
                0x0800214c       0x48 D:/Documents/Cours_HEI/H4/Programmation_Embarquee/TPs/TP_Emb_1/hei-2019-2020-lab-sens-it-vervisch-botman/sensit-sdk-v2.0.0/sdk/lib\libSENSIT_SDK_V2.0.0.a(sigfox_api.o)
                0x0800214c                SIGFOX_API_send_frame
 .text.SIGFOX_API_set_std_config
                0x08002194       0x90 D:/Documents/Cours_HEI/H4/Programmation_Embarquee/TPs/TP_Emb_1/hei-2019-2020-lab-sens-it-vervisch-botman/sensit-sdk-v2.0.0/sdk/lib\libSENSIT_SDK_V2.0.0.a(sigfox_api.o)
                0x08002194                SIGFOX_API_set_std_config
 .text.SIGFOX_INT_randomize
                0x08002224       0x16 D:/Documents/Cours_HEI/H4/Programmation_Embarquee/TPs/TP_Emb_1/hei-2019-2020-lab-sens-it-vervisch-botman/sensit-sdk-v2.0.0/sdk/lib\libSENSIT_SDK_V2.0.0.a(sigfox_internal.o)
                0x08002224                SIGFOX_INT_randomize
 .text.SIGFOX_INT_get_max_micro_channel
                0x0800223a       0x30 D:/Documents/Cours_HEI/H4/Programmation_Embarquee/TPs/TP_Emb_1/hei-2019-2020-lab-sens-it-vervisch-botman/sensit-sdk-v2.0.0/sdk/lib\libSENSIT_SDK_V2.0.0.a(sigfox_internal.o)
                0x0800223a                SIGFOX_INT_get_max_micro_channel
 .text.SIGFOX_INT_get_macro_channel_index
                0x0800226a       0x5a D:/Documents/Cours_HEI/H4/Programmation_Embarquee/TPs/TP_Emb_1/hei-2019-2020-lab-sens-it-vervisch-botman/sensit-sdk-v2.0.0/sdk/lib\libSENSIT_SDK_V2.0.0.a(sigfox_internal.o)
                0x0800226a                SIGFOX_INT_get_macro_channel_index
 .text.SIGFOX_INT_dc_lbt_channel_pn_max
                0x080022c4       0x30 D:/Documents/Cours_HEI/H4/Programmation_Embarquee/TPs/TP_Emb_1/hei-2019-2020-lab-sens-it-vervisch-botman/sensit-sdk-v2.0.0/sdk/lib\libSENSIT_SDK_V2.0.0.a(sigfox_internal.o)
                0x080022c4                SIGFOX_INT_dc_lbt_channel_pn_max
 .text.SIGFOX_INT_dc_lbt_channel_pn_min
                0x080022f4       0x22 D:/Documents/Cours_HEI/H4/Programmation_Embarquee/TPs/TP_Emb_1/hei-2019-2020-lab-sens-it-vervisch-botman/sensit-sdk-v2.0.0/sdk/lib\libSENSIT_SDK_V2.0.0.a(sigfox_internal.o)
                0x080022f4                SIGFOX_INT_dc_lbt_channel_pn_min
 .text.RETURN_CODE
                0x08002316        0x8 D:/Documents/Cours_HEI/H4/Programmation_Embarquee/TPs/TP_Emb_1/hei-2019-2020-lab-sens-it-vervisch-botman/sensit-sdk-v2.0.0/sdk/lib\libSENSIT_SDK_V2.0.0.a(sigfox_internal.o)
                0x08002316                RETURN_CODE
 *fill*         0x0800231e        0x2 
 .text.SIGFOX_INT_compute_channels
                0x08002320      0x134 D:/Documents/Cours_HEI/H4/Programmation_Embarquee/TPs/TP_Emb_1/hei-2019-2020-lab-sens-it-vervisch-botman/sensit-sdk-v2.0.0/sdk/lib\libSENSIT_SDK_V2.0.0.a(sigfox_internal.o)
                0x08002320                SIGFOX_INT_compute_channels
 .text.SIGFOX_INT_compute_carrier_sense_frequency
                0x08002454       0x2e D:/Documents/Cours_HEI/H4/Programmation_Embarquee/TPs/TP_Emb_1/hei-2019-2020-lab-sens-it-vervisch-botman/sensit-sdk-v2.0.0/sdk/lib\libSENSIT_SDK_V2.0.0.a(sigfox_internal.o)
                0x08002454                SIGFOX_INT_compute_carrier_sense_frequency
 .text.SIGFOX_INT_store_nvm
                0x08002482       0x32 D:/Documents/Cours_HEI/H4/Programmation_Embarquee/TPs/TP_Emb_1/hei-2019-2020-lab-sens-it-vervisch-botman/sensit-sdk-v2.0.0/sdk/lib\libSENSIT_SDK_V2.0.0.a(sigfox_internal.o)
                0x08002482                SIGFOX_INT_store_nvm
 .text.SIGFOX_INT_build_frame
                0x080024b4      0x1da D:/Documents/Cours_HEI/H4/Programmation_Embarquee/TPs/TP_Emb_1/hei-2019-2020-lab-sens-it-vervisch-botman/sensit-sdk-v2.0.0/sdk/lib\libSENSIT_SDK_V2.0.0.a(sigfox_internal.o)
                0x080024b4                SIGFOX_INT_build_frame
 *fill*         0x0800268e        0x2 
 .text.SIGFOX_INT_prepare_transmission
                0x08002690       0x88 D:/Documents/Cours_HEI/H4/Programmation_Embarquee/TPs/TP_Emb_1/hei-2019-2020-lab-sens-it-vervisch-botman/sensit-sdk-v2.0.0/sdk/lib\libSENSIT_SDK_V2.0.0.a(sigfox_internal.o)
                0x08002690                SIGFOX_INT_prepare_transmission
 .text.SIGFOX_INT_send_single_frame
                0x08002718       0x98 D:/Documents/Cours_HEI/H4/Programmation_Embarquee/TPs/TP_Emb_1/hei-2019-2020-lab-sens-it-vervisch-botman/sensit-sdk-v2.0.0/sdk/lib\libSENSIT_SDK_V2.0.0.a(sigfox_internal.o)
                0x08002718                SIGFOX_INT_send_single_frame
 .text.SIGFOX_INT_execute_carrier_sense
                0x080027b0       0x3a D:/Documents/Cours_HEI/H4/Programmation_Embarquee/TPs/TP_Emb_1/hei-2019-2020-lab-sens-it-vervisch-botman/sensit-sdk-v2.0.0/sdk/lib\libSENSIT_SDK_V2.0.0.a(sigfox_internal.o)
                0x080027b0                SIGFOX_INT_execute_carrier_sense
 .text.SIGFOX_INT_downlink_configuration
                0x080027ea       0x4c D:/Documents/Cours_HEI/H4/Programmation_Embarquee/TPs/TP_Emb_1/hei-2019-2020-lab-sens-it-vervisch-botman/sensit-sdk-v2.0.0/sdk/lib\libSENSIT_SDK_V2.0.0.a(sigfox_internal.o)
                0x080027ea                SIGFOX_INT_downlink_configuration
 .text.SIGFOX_INT_get_received_frames
                0x08002836      0x10a D:/Documents/Cours_HEI/H4/Programmation_Embarquee/TPs/TP_Emb_1/hei-2019-2020-lab-sens-it-vervisch-botman/sensit-sdk-v2.0.0/sdk/lib\libSENSIT_SDK_V2.0.0.a(sigfox_internal.o)
                0x08002836                SIGFOX_INT_get_received_frames
 .text.SIGFOX_INT_process_downlink
                0x08002940       0x46 D:/Documents/Cours_HEI/H4/Programmation_Embarquee/TPs/TP_Emb_1/hei-2019-2020-lab-sens-it-vervisch-botman/sensit-sdk-v2.0.0/sdk/lib\libSENSIT_SDK_V2.0.0.a(sigfox_internal.o)
                0x08002940                SIGFOX_INT_process_downlink
 *fill*         0x08002986        0x2 
 .text.SIGFOX_INT_compute_uplink_frequency
                0x08002988       0x94 D:/Documents/Cours_HEI/H4/Programmation_Embarquee/TPs/TP_Emb_1/hei-2019-2020-lab-sens-it-vervisch-botman/sensit-sdk-v2.0.0/sdk/lib\libSENSIT_SDK_V2.0.0.a(sigfox_internal.o)
                0x08002988                SIGFOX_INT_compute_uplink_frequency
 .text.SIGFOX_INT_process_uplink
                0x08002a1c      0x28c D:/Documents/Cours_HEI/H4/Programmation_Embarquee/TPs/TP_Emb_1/hei-2019-2020-lab-sens-it-vervisch-botman/sensit-sdk-v2.0.0/sdk/lib\libSENSIT_SDK_V2.0.0.a(sigfox_internal.o)
                0x08002a1c                SIGFOX_INT_process_uplink
 .text.SIGFOX_INT_execute_communication_sequence
                0x08002ca8      0x118 D:/Documents/Cours_HEI/H4/Programmation_Embarquee/TPs/TP_Emb_1/hei-2019-2020-lab-sens-it-vervisch-botman/sensit-sdk-v2.0.0/sdk/lib\libSENSIT_SDK_V2.0.0.a(sigfox_internal.o)
                0x08002ca8                SIGFOX_INT_execute_communication_sequence
 .text.SIGFOX_INT_get_device_id
                0x08002dc0       0x18 D:/Documents/Cours_HEI/H4/Programmation_Embarquee/TPs/TP_Emb_1/hei-2019-2020-lab-sens-it-vervisch-botman/sensit-sdk-v2.0.0/sdk/lib\libSENSIT_SDK_V2.0.0.a(sigfox_internal.o)
                0x08002dc0                SIGFOX_INT_get_device_id
 .text.SIGFOX_PN_next_pn
                0x08002dd8       0x50 D:/Documents/Cours_HEI/H4/Programmation_Embarquee/TPs/TP_Emb_1/hei-2019-2020-lab-sens-it-vervisch-botman/sensit-sdk-v2.0.0/sdk/lib\libSENSIT_SDK_V2.0.0.a(sigfox_pn.o)
                0x08002dd8                SIGFOX_PN_next_pn
 .text.SIGFOX_SCRAMB_compute
                0x08002e28       0x8c D:/Documents/Cours_HEI/H4/Programmation_Embarquee/TPs/TP_Emb_1/hei-2019-2020-lab-sens-it-vervisch-botman/sensit-sdk-v2.0.0/sdk/lib\libSENSIT_SDK_V2.0.0.a(sigfox_scramb.o)
                0x08002e28                SIGFOX_SCRAMB_compute
 .text.SLEEP_handler
                0x08002eb4       0x88 D:/Documents/Cours_HEI/H4/Programmation_Embarquee/TPs/TP_Emb_1/hei-2019-2020-lab-sens-it-vervisch-botman/sensit-sdk-v2.0.0/sdk/lib\libSENSIT_SDK_V2.0.0.a(sleep.o)
                0x08002eb4                SLEEP_handler
 .text.SPI_init
                0x08002f3c       0x30 D:/Documents/Cours_HEI/H4/Programmation_Embarquee/TPs/TP_Emb_1/hei-2019-2020-lab-sens-it-vervisch-botman/sensit-sdk-v2.0.0/sdk/lib\libSENSIT_SDK_V2.0.0.a(spi.o)
                0x08002f3c                SPI_init
 .text.SPI_disable
                0x08002f6c       0x34 D:/Documents/Cours_HEI/H4/Programmation_Embarquee/TPs/TP_Emb_1/hei-2019-2020-lab-sens-it-vervisch-botman/sensit-sdk-v2.0.0/sdk/lib\libSENSIT_SDK_V2.0.0.a(spi.o)
                0x08002f6c                SPI_disable
 .text.SPI_enable
                0x08002fa0       0x30 D:/Documents/Cours_HEI/H4/Programmation_Embarquee/TPs/TP_Emb_1/hei-2019-2020-lab-sens-it-vervisch-botman/sensit-sdk-v2.0.0/sdk/lib\libSENSIT_SDK_V2.0.0.a(spi.o)
                0x08002fa0                SPI_enable
 .text.SPI_write_read
                0x08002fd0       0x2c D:/Documents/Cours_HEI/H4/Programmation_Embarquee/TPs/TP_Emb_1/hei-2019-2020-lab-sens-it-vervisch-botman/sensit-sdk-v2.0.0/sdk/lib\libSENSIT_SDK_V2.0.0.a(spi.o)
                0x08002fd0                SPI_write_read
 .text.Reset_Handler
                0x08002ffc       0x80 D:/Documents/Cours_HEI/H4/Programmation_Embarquee/TPs/TP_Emb_1/hei-2019-2020-lab-sens-it-vervisch-botman/sensit-sdk-v2.0.0/sdk/lib\libSENSIT_SDK_V2.0.0.a(startup_stm32f042x6.o)
                0x08002ffc                Reset_Handler
 .text.Default_Handler
                0x0800307c        0x2 D:/Documents/Cours_HEI/H4/Programmation_Embarquee/TPs/TP_Emb_1/hei-2019-2020-lab-sens-it-vervisch-botman/sensit-sdk-v2.0.0/sdk/lib\libSENSIT_SDK_V2.0.0.a(startup_stm32f042x6.o)
                0x0800307c                TIM1_CC_IRQHandler
                0x0800307c                TSC_IRQHandler
                0x0800307c                SysTick_Handler
                0x0800307c                PendSV_Handler
                0x0800307c                I2C1_IRQHandler
                0x0800307c                RCC_CRS_IRQHandler
                0x0800307c                SPI1_IRQHandler
                0x0800307c                EXTI2_3_IRQHandler
                0x0800307c                ADC1_IRQHandler
                0x0800307c                TIM17_IRQHandler
                0x0800307c                CEC_CAN_IRQHandler
                0x0800307c                PVD_VDDIO2_IRQHandler
                0x0800307c                TIM3_IRQHandler
                0x0800307c                DMA1_Channel1_IRQHandler
                0x0800307c                Default_Handler
                0x0800307c                TIM14_IRQHandler
                0x0800307c                DMA1_Channel4_5_IRQHandler
                0x0800307c                EXTI0_1_IRQHandler
                0x0800307c                SPI2_IRQHandler
                0x0800307c                SVC_Handler
                0x0800307c                DMA1_Channel2_3_IRQHandler
                0x0800307c                USART2_IRQHandler
                0x0800307c                FLASH_IRQHandler
                0x0800307c                TIM1_BRK_UP_TRG_COM_IRQHandler
 *fill*         0x0800307e        0x2 
 .text.SystemInit
                0x08003080      0x178 D:/Documents/Cours_HEI/H4/Programmation_Embarquee/TPs/TP_Emb_1/hei-2019-2020-lab-sens-it-vervisch-botman/sensit-sdk-v2.0.0/sdk/lib\libSENSIT_SDK_V2.0.0.a(system_stm32f0xx.o)
                0x08003080                SystemInit
 .text.SYSTICK_wait_ms
                0x080031f8       0x84 D:/Documents/Cours_HEI/H4/Programmation_Embarquee/TPs/TP_Emb_1/hei-2019-2020-lab-sens-it-vervisch-botman/sensit-sdk-v2.0.0/sdk/lib\libSENSIT_SDK_V2.0.0.a(systick.o)
                0x080031f8                SYSTICK_wait_ms
 .text.SYSTICK_wait_tick
                0x0800327c       0x38 D:/Documents/Cours_HEI/H4/Programmation_Embarquee/TPs/TP_Emb_1/hei-2019-2020-lab-sens-it-vervisch-botman/sensit-sdk-v2.0.0/sdk/lib\libSENSIT_SDK_V2.0.0.a(systick.o)
                0x0800327c                SYSTICK_wait_tick
 .text.USART1_IRQHandler
                0x080032b4       0x68 D:/Documents/Cours_HEI/H4/Programmation_Embarquee/TPs/TP_Emb_1/hei-2019-2020-lab-sens-it-vervisch-botman/sensit-sdk-v2.0.0/sdk/lib\libSENSIT_SDK_V2.0.0.a(uart.o)
                0x080032b4                USART1_IRQHandler
 .text.HAL_PCD_SetupStageCallback
                0x0800331c       0x14 D:/Documents/Cours_HEI/H4/Programmation_Embarquee/TPs/TP_Emb_1/hei-2019-2020-lab-sens-it-vervisch-botman/sensit-sdk-v2.0.0/sdk/lib\libSENSIT_SDK_V2.0.0.a(usbd_conf.o)
                0x0800331c                HAL_PCD_SetupStageCallback
 .text.HAL_PCD_DataOutStageCallback
                0x08003330       0x18 D:/Documents/Cours_HEI/H4/Programmation_Embarquee/TPs/TP_Emb_1/hei-2019-2020-lab-sens-it-vervisch-botman/sensit-sdk-v2.0.0/sdk/lib\libSENSIT_SDK_V2.0.0.a(usbd_conf.o)
                0x08003330                HAL_PCD_DataOutStageCallback
 .text.HAL_PCD_DataInStageCallback
                0x08003348       0x16 D:/Documents/Cours_HEI/H4/Programmation_Embarquee/TPs/TP_Emb_1/hei-2019-2020-lab-sens-it-vervisch-botman/sensit-sdk-v2.0.0/sdk/lib\libSENSIT_SDK_V2.0.0.a(usbd_conf.o)
                0x08003348                HAL_PCD_DataInStageCallback
 .text.HAL_PCD_SOFCallback
                0x0800335e        0xe D:/Documents/Cours_HEI/H4/Programmation_Embarquee/TPs/TP_Emb_1/hei-2019-2020-lab-sens-it-vervisch-botman/sensit-sdk-v2.0.0/sdk/lib\libSENSIT_SDK_V2.0.0.a(usbd_conf.o)
                0x0800335e                HAL_PCD_SOFCallback
 .text.HAL_PCD_ResetCallback
                0x0800336c       0x18 D:/Documents/Cours_HEI/H4/Programmation_Embarquee/TPs/TP_Emb_1/hei-2019-2020-lab-sens-it-vervisch-botman/sensit-sdk-v2.0.0/sdk/lib\libSENSIT_SDK_V2.0.0.a(usbd_conf.o)
                0x0800336c                HAL_PCD_ResetCallback
 .text.HAL_PCD_SuspendCallback
                0x08003384        0xe D:/Documents/Cours_HEI/H4/Programmation_Embarquee/TPs/TP_Emb_1/hei-2019-2020-lab-sens-it-vervisch-botman/sensit-sdk-v2.0.0/sdk/lib\libSENSIT_SDK_V2.0.0.a(usbd_conf.o)
                0x08003384                HAL_PCD_SuspendCallback
 .text.HAL_PCD_ResumeCallback
                0x08003392        0xe D:/Documents/Cours_HEI/H4/Programmation_Embarquee/TPs/TP_Emb_1/hei-2019-2020-lab-sens-it-vervisch-botman/sensit-sdk-v2.0.0/sdk/lib\libSENSIT_SDK_V2.0.0.a(usbd_conf.o)
                0x08003392                HAL_PCD_ResumeCallback
 .text.USBD_LL_OpenEP
                0x080033a0       0x16 D:/Documents/Cours_HEI/H4/Programmation_Embarquee/TPs/TP_Emb_1/hei-2019-2020-lab-sens-it-vervisch-botman/sensit-sdk-v2.0.0/sdk/lib\libSENSIT_SDK_V2.0.0.a(usbd_conf.o)
                0x080033a0                USBD_LL_OpenEP
 .text.USBD_LL_StallEP
                0x080033b6       0x10 D:/Documents/Cours_HEI/H4/Programmation_Embarquee/TPs/TP_Emb_1/hei-2019-2020-lab-sens-it-vervisch-botman/sensit-sdk-v2.0.0/sdk/lib\libSENSIT_SDK_V2.0.0.a(usbd_conf.o)
                0x080033b6                USBD_LL_StallEP
 .text.USBD_LL_ClearStallEP
                0x080033c6       0x10 D:/Documents/Cours_HEI/H4/Programmation_Embarquee/TPs/TP_Emb_1/hei-2019-2020-lab-sens-it-vervisch-botman/sensit-sdk-v2.0.0/sdk/lib\libSENSIT_SDK_V2.0.0.a(usbd_conf.o)
                0x080033c6                USBD_LL_ClearStallEP
 .text.USBD_LL_IsStallEP
                0x080033d6       0x26 D:/Documents/Cours_HEI/H4/Programmation_Embarquee/TPs/TP_Emb_1/hei-2019-2020-lab-sens-it-vervisch-botman/sensit-sdk-v2.0.0/sdk/lib\libSENSIT_SDK_V2.0.0.a(usbd_conf.o)
                0x080033d6                USBD_LL_IsStallEP
 .text.USBD_LL_SetUSBAddress
                0x080033fc       0x10 D:/Documents/Cours_HEI/H4/Programmation_Embarquee/TPs/TP_Emb_1/hei-2019-2020-lab-sens-it-vervisch-botman/sensit-sdk-v2.0.0/sdk/lib\libSENSIT_SDK_V2.0.0.a(usbd_conf.o)
                0x080033fc                USBD_LL_SetUSBAddress
 .text.USBD_LL_Transmit
                0x0800340c       0x10 D:/Documents/Cours_HEI/H4/Programmation_Embarquee/TPs/TP_Emb_1/hei-2019-2020-lab-sens-it-vervisch-botman/sensit-sdk-v2.0.0/sdk/lib\libSENSIT_SDK_V2.0.0.a(usbd_conf.o)
                0x0800340c                USBD_LL_Transmit
 .text.USBD_LL_PrepareReceive
                0x0800341c       0x10 D:/Documents/Cours_HEI/H4/Programmation_Embarquee/TPs/TP_Emb_1/hei-2019-2020-lab-sens-it-vervisch-botman/sensit-sdk-v2.0.0/sdk/lib\libSENSIT_SDK_V2.0.0.a(usbd_conf.o)
                0x0800341c                USBD_LL_PrepareReceive
 .text.USB_IRQHandler
                0x0800342c       0x10 D:/Documents/Cours_HEI/H4/Programmation_Embarquee/TPs/TP_Emb_1/hei-2019-2020-lab-sens-it-vervisch-botman/sensit-sdk-v2.0.0/sdk/lib\libSENSIT_SDK_V2.0.0.a(usbd_conf.o)
                0x0800342c                USB_IRQHandler
 .text.USBD_SetClassConfig
                0x0800343c       0x1a D:/Documents/Cours_HEI/H4/Programmation_Embarquee/TPs/TP_Emb_1/hei-2019-2020-lab-sens-it-vervisch-botman/sensit-sdk-v2.0.0/sdk/lib\libSENSIT_SDK_V2.0.0.a(usbd_core.o)
                0x0800343c                USBD_SetClassConfig
 .text.USBD_ClrClassConfig
                0x08003456       0x10 D:/Documents/Cours_HEI/H4/Programmation_Embarquee/TPs/TP_Emb_1/hei-2019-2020-lab-sens-it-vervisch-botman/sensit-sdk-v2.0.0/sdk/lib\libSENSIT_SDK_V2.0.0.a(usbd_core.o)
                0x08003456                USBD_ClrClassConfig
 *fill*         0x08003466        0x2 
 .text.USBD_LL_SetupStage
                0x08003468       0x68 D:/Documents/Cours_HEI/H4/Programmation_Embarquee/TPs/TP_Emb_1/hei-2019-2020-lab-sens-it-vervisch-botman/sensit-sdk-v2.0.0/sdk/lib\libSENSIT_SDK_V2.0.0.a(usbd_core.o)
                0x08003468                USBD_LL_SetupStage
 .text.USBD_LL_DataOutStage
                0x080034d0       0x74 D:/Documents/Cours_HEI/H4/Programmation_Embarquee/TPs/TP_Emb_1/hei-2019-2020-lab-sens-it-vervisch-botman/sensit-sdk-v2.0.0/sdk/lib\libSENSIT_SDK_V2.0.0.a(usbd_core.o)
                0x080034d0                USBD_LL_DataOutStage
 .text.USBD_LL_DataInStage
                0x08003544       0xac D:/Documents/Cours_HEI/H4/Programmation_Embarquee/TPs/TP_Emb_1/hei-2019-2020-lab-sens-it-vervisch-botman/sensit-sdk-v2.0.0/sdk/lib\libSENSIT_SDK_V2.0.0.a(usbd_core.o)
                0x08003544                USBD_LL_DataInStage
 .text.USBD_LL_Reset
                0x080035f0       0x48 D:/Documents/Cours_HEI/H4/Programmation_Embarquee/TPs/TP_Emb_1/hei-2019-2020-lab-sens-it-vervisch-botman/sensit-sdk-v2.0.0/sdk/lib\libSENSIT_SDK_V2.0.0.a(usbd_core.o)
                0x080035f0                USBD_LL_Reset
 .text.USBD_LL_SetSpeed
                0x08003638        0x6 D:/Documents/Cours_HEI/H4/Programmation_Embarquee/TPs/TP_Emb_1/hei-2019-2020-lab-sens-it-vervisch-botman/sensit-sdk-v2.0.0/sdk/lib\libSENSIT_SDK_V2.0.0.a(usbd_core.o)
                0x08003638                USBD_LL_SetSpeed
 .text.USBD_LL_Suspend
                0x0800363e       0x16 D:/Documents/Cours_HEI/H4/Programmation_Embarquee/TPs/TP_Emb_1/hei-2019-2020-lab-sens-it-vervisch-botman/sensit-sdk-v2.0.0/sdk/lib\libSENSIT_SDK_V2.0.0.a(usbd_core.o)
                0x0800363e                USBD_LL_Suspend
 .text.USBD_LL_Resume
                0x08003654        0xe D:/Documents/Cours_HEI/H4/Programmation_Embarquee/TPs/TP_Emb_1/hei-2019-2020-lab-sens-it-vervisch-botman/sensit-sdk-v2.0.0/sdk/lib\libSENSIT_SDK_V2.0.0.a(usbd_core.o)
                0x08003654                USBD_LL_Resume
 .text.USBD_LL_SOF
                0x08003662       0x1e D:/Documents/Cours_HEI/H4/Programmation_Embarquee/TPs/TP_Emb_1/hei-2019-2020-lab-sens-it-vervisch-botman/sensit-sdk-v2.0.0/sdk/lib\libSENSIT_SDK_V2.0.0.a(usbd_core.o)
                0x08003662                USBD_LL_SOF
 .text.USBD_CtlError.constprop.0
                0x08003680       0x14 D:/Documents/Cours_HEI/H4/Programmation_Embarquee/TPs/TP_Emb_1/hei-2019-2020-lab-sens-it-vervisch-botman/sensit-sdk-v2.0.0/sdk/lib\libSENSIT_SDK_V2.0.0.a(usbd_ctlreq.o)
 .text.USBD_StdDevReq
                0x08003694      0x224 D:/Documents/Cours_HEI/H4/Programmation_Embarquee/TPs/TP_Emb_1/hei-2019-2020-lab-sens-it-vervisch-botman/sensit-sdk-v2.0.0/sdk/lib\libSENSIT_SDK_V2.0.0.a(usbd_ctlreq.o)
                0x08003694                USBD_StdDevReq
 .text.USBD_StdItfReq
                0x080038b8       0x38 D:/Documents/Cours_HEI/H4/Programmation_Embarquee/TPs/TP_Emb_1/hei-2019-2020-lab-sens-it-vervisch-botman/sensit-sdk-v2.0.0/sdk/lib\libSENSIT_SDK_V2.0.0.a(usbd_ctlreq.o)
                0x080038b8                USBD_StdItfReq
 .text.USBD_StdEPReq
                0x080038f0       0xd4 D:/Documents/Cours_HEI/H4/Programmation_Embarquee/TPs/TP_Emb_1/hei-2019-2020-lab-sens-it-vervisch-botman/sensit-sdk-v2.0.0/sdk/lib\libSENSIT_SDK_V2.0.0.a(usbd_ctlreq.o)
                0x080038f0                USBD_StdEPReq
 .text.USBD_ParseSetupRequest
                0x080039c4       0x28 D:/Documents/Cours_HEI/H4/Programmation_Embarquee/TPs/TP_Emb_1/hei-2019-2020-lab-sens-it-vervisch-botman/sensit-sdk-v2.0.0/sdk/lib\libSENSIT_SDK_V2.0.0.a(usbd_ctlreq.o)
                0x080039c4                USBD_ParseSetupRequest
 .text.USBD_CtlSendData
                0x080039ec       0x1c D:/Documents/Cours_HEI/H4/Programmation_Embarquee/TPs/TP_Emb_1/hei-2019-2020-lab-sens-it-vervisch-botman/sensit-sdk-v2.0.0/sdk/lib\libSENSIT_SDK_V2.0.0.a(usbd_ioreq.o)
                0x080039ec                USBD_CtlSendData
 .text.USBD_CtlContinueSendData
                0x08003a08       0x10 D:/Documents/Cours_HEI/H4/Programmation_Embarquee/TPs/TP_Emb_1/hei-2019-2020-lab-sens-it-vervisch-botman/sensit-sdk-v2.0.0/sdk/lib\libSENSIT_SDK_V2.0.0.a(usbd_ioreq.o)
                0x08003a08                USBD_CtlContinueSendData
 .text.USBD_CtlContinueRx
                0x08003a18       0x10 D:/Documents/Cours_HEI/H4/Programmation_Embarquee/TPs/TP_Emb_1/hei-2019-2020-lab-sens-it-vervisch-botman/sensit-sdk-v2.0.0/sdk/lib\libSENSIT_SDK_V2.0.0.a(usbd_ioreq.o)
                0x08003a18                USBD_CtlContinueRx
 .text.USBD_CtlSendStatus
                0x08003a28       0x18 D:/Documents/Cours_HEI/H4/Programmation_Embarquee/TPs/TP_Emb_1/hei-2019-2020-lab-sens-it-vervisch-botman/sensit-sdk-v2.0.0/sdk/lib\libSENSIT_SDK_V2.0.0.a(usbd_ioreq.o)
                0x08003a28                USBD_CtlSendStatus
 .text.USBD_CtlReceiveStatus
                0x08003a40       0x18 D:/Documents/Cours_HEI/H4/Programmation_Embarquee/TPs/TP_Emb_1/hei-2019-2020-lab-sens-it-vervisch-botman/sensit-sdk-v2.0.0/sdk/lib\libSENSIT_SDK_V2.0.0.a(usbd_ioreq.o)
                0x08003a40                USBD_CtlReceiveStatus
 .text.WATCHDOG_clear
                0x08003a58       0x10 D:/Documents/Cours_HEI/H4/Programmation_Embarquee/TPs/TP_Emb_1/hei-2019-2020-lab-sens-it-vervisch-botman/sensit-sdk-v2.0.0/sdk/lib\libSENSIT_SDK_V2.0.0.a(watchdog.o)
                0x08003a58                WATCHDOG_clear
 .text.ADC_init
                0x08003a68       0x88 D:/Documents/Cours_HEI/H4/Programmation_Embarquee/TPs/TP_Emb_1/hei-2019-2020-lab-sens-it-vervisch-botman/sensit-sdk-v2.0.0/sdk/lib\libSENSIT_SDK_V2.0.0.a(adc.o)
                0x08003a68                ADC_init
 .text.ADC_measure_battery
                0x08003af0       0x84 D:/Documents/Cours_HEI/H4/Programmation_Embarquee/TPs/TP_Emb_1/hei-2019-2020-lab-sens-it-vervisch-botman/sensit-sdk-v2.0.0/sdk/lib\libSENSIT_SDK_V2.0.0.a(adc.o)
                0x08003af0                ADC_measure_battery
 .text.ADC_get_last_battery_level
                0x08003b74        0xc D:/Documents/Cours_HEI/H4/Programmation_Embarquee/TPs/TP_Emb_1/hei-2019-2020-lab-sens-it-vervisch-botman/sensit-sdk-v2.0.0/sdk/lib\libSENSIT_SDK_V2.0.0.a(adc.o)
                0x08003b74                ADC_get_last_battery_level
 .text.ADC_get_battery_level
                0x08003b80       0x10 D:/Documents/Cours_HEI/H4/Programmation_Embarquee/TPs/TP_Emb_1/hei-2019-2020-lab-sens-it-vervisch-botman/sensit-sdk-v2.0.0/sdk/lib\libSENSIT_SDK_V2.0.0.a(adc.o)
                0x08003b80                ADC_get_battery_level
 .text.ADC_measure_temperature
                0x08003b90       0x68 D:/Documents/Cours_HEI/H4/Programmation_Embarquee/TPs/TP_Emb_1/hei-2019-2020-lab-sens-it-vervisch-botman/sensit-sdk-v2.0.0/sdk/lib\libSENSIT_SDK_V2.0.0.a(adc.o)
                0x08003b90                ADC_measure_temperature
 .text.AESEncode
                0x08003bf8      0x1c0 D:/Documents/Cours_HEI/H4/Programmation_Embarquee/TPs/TP_Emb_1/hei-2019-2020-lab-sens-it-vervisch-botman/sensit-sdk-v2.0.0/sdk/lib\libSENSIT_SDK_V2.0.0.a(aes.o)
                0x08003bf8                AESEncode
 .text.calibReadHSI48clk
                0x08003db8       0x84 D:/Documents/Cours_HEI/H4/Programmation_Embarquee/TPs/TP_Emb_1/hei-2019-2020-lab-sens-it-vervisch-botman/sensit-sdk-v2.0.0/sdk/lib\libSENSIT_SDK_V2.0.0.a(calib.o)
 .text.calibRTCclkIsCalibrated
                0x08003e3c      0x1a0 D:/Documents/Cours_HEI/H4/Programmation_Embarquee/TPs/TP_Emb_1/hei-2019-2020-lab-sens-it-vervisch-botman/sensit-sdk-v2.0.0/sdk/lib\libSENSIT_SDK_V2.0.0.a(calib.o)
                0x08003e3c                calibRTCclkIsCalibrated
 .text.calibHSI48clkIsCalibrated
                0x08003fdc       0x90 D:/Documents/Cours_HEI/H4/Programmation_Embarquee/TPs/TP_Emb_1/hei-2019-2020-lab-sens-it-vervisch-botman/sensit-sdk-v2.0.0/sdk/lib\libSENSIT_SDK_V2.0.0.a(calib.o)
                0x08003fdc                calibHSI48clkIsCalibrated
 .text.CC1125_send_strobe
                0x0800406c       0x2c D:/Documents/Cours_HEI/H4/Programmation_Embarquee/TPs/TP_Emb_1/hei-2019-2020-lab-sens-it-vervisch-botman/sensit-sdk-v2.0.0/sdk/lib\libSENSIT_SDK_V2.0.0.a(cc1125.o)
                0x0800406c                CC1125_send_strobe
 .text.CC1125_write_reg
                0x08004098       0x54 D:/Documents/Cours_HEI/H4/Programmation_Embarquee/TPs/TP_Emb_1/hei-2019-2020-lab-sens-it-vervisch-botman/sensit-sdk-v2.0.0/sdk/lib\libSENSIT_SDK_V2.0.0.a(cc1125.o)
                0x08004098                CC1125_write_reg
 .text.CC1125_read_reg
                0x080040ec       0x54 D:/Documents/Cours_HEI/H4/Programmation_Embarquee/TPs/TP_Emb_1/hei-2019-2020-lab-sens-it-vervisch-botman/sensit-sdk-v2.0.0/sdk/lib\libSENSIT_SDK_V2.0.0.a(cc1125.o)
                0x080040ec                CC1125_read_reg
 .text.CC1125_output_clock
                0x08004140       0x18 D:/Documents/Cours_HEI/H4/Programmation_Embarquee/TPs/TP_Emb_1/hei-2019-2020-lab-sens-it-vervisch-botman/sensit-sdk-v2.0.0/sdk/lib\libSENSIT_SDK_V2.0.0.a(cc1125.o)
                0x08004140                CC1125_output_clock
 .text.CRC_compute
                0x08004158       0x4c D:/Documents/Cours_HEI/H4/Programmation_Embarquee/TPs/TP_Emb_1/hei-2019-2020-lab-sens-it-vervisch-botman/sensit-sdk-v2.0.0/sdk/lib\libSENSIT_SDK_V2.0.0.a(crc.o)
                0x08004158                CRC_compute
 .text.FLASH_unlock
                0x080041a4       0x3c D:/Documents/Cours_HEI/H4/Programmation_Embarquee/TPs/TP_Emb_1/hei-2019-2020-lab-sens-it-vervisch-botman/sensit-sdk-v2.0.0/sdk/lib\libSENSIT_SDK_V2.0.0.a(flash.o)
                0x080041a4                FLASH_unlock
 .text.FLASH_lock
                0x080041e0       0x14 D:/Documents/Cours_HEI/H4/Programmation_Embarquee/TPs/TP_Emb_1/hei-2019-2020-lab-sens-it-vervisch-botman/sensit-sdk-v2.0.0/sdk/lib\libSENSIT_SDK_V2.0.0.a(flash.o)
                0x080041e0                FLASH_lock
 .text.FLASH_write
                0x080041f4       0x40 D:/Documents/Cours_HEI/H4/Programmation_Embarquee/TPs/TP_Emb_1/hei-2019-2020-lab-sens-it-vervisch-botman/sensit-sdk-v2.0.0/sdk/lib\libSENSIT_SDK_V2.0.0.a(flash.o)
                0x080041f4                FLASH_write
 .text.FLASH_erase_page
                0x08004234       0x90 D:/Documents/Cours_HEI/H4/Programmation_Embarquee/TPs/TP_Emb_1/hei-2019-2020-lab-sens-it-vervisch-botman/sensit-sdk-v2.0.0/sdk/lib\libSENSIT_SDK_V2.0.0.a(flash.o)
                0x08004234                FLASH_erase_page
 .text._handler
                0x080042c4       0x44 D:/Documents/Cours_HEI/H4/Programmation_Embarquee/TPs/TP_Emb_1/hei-2019-2020-lab-sens-it-vervisch-botman/sensit-sdk-v2.0.0/sdk/lib\libSENSIT_SDK_V2.0.0.a(gpio.o)
 .text.GPIO_init
                0x08004308       0xcc D:/Documents/Cours_HEI/H4/Programmation_Embarquee/TPs/TP_Emb_1/hei-2019-2020-lab-sens-it-vervisch-botman/sensit-sdk-v2.0.0/sdk/lib\libSENSIT_SDK_V2.0.0.a(gpio.o)
                0x08004308                GPIO_init
 .text.EXTI4_15_IRQHandler
                0x080043d4       0x88 D:/Documents/Cours_HEI/H4/Programmation_Embarquee/TPs/TP_Emb_1/hei-2019-2020-lab-sens-it-vervisch-botman/sensit-sdk-v2.0.0/sdk/lib\libSENSIT_SDK_V2.0.0.a(gpio.o)
                0x080043d4                EXTI4_15_IRQHandler
 .text.HardFault_Handler
                0x0800445c        0x8 D:/Documents/Cours_HEI/H4/Programmation_Embarquee/TPs/TP_Emb_1/hei-2019-2020-lab-sens-it-vervisch-botman/sensit-sdk-v2.0.0/sdk/lib\libSENSIT_SDK_V2.0.0.a(gpio.o)
                0x0800445c                HardFault_Handler
 .text.NMI_Handler
                0x08004464        0x8 D:/Documents/Cours_HEI/H4/Programmation_Embarquee/TPs/TP_Emb_1/hei-2019-2020-lab-sens-it-vervisch-botman/sensit-sdk-v2.0.0/sdk/lib\libSENSIT_SDK_V2.0.0.a(gpio.o)
                0x08004464                NMI_Handler
 .text.WWDG_IRQHandler
                0x0800446c        0x8 D:/Documents/Cours_HEI/H4/Programmation_Embarquee/TPs/TP_Emb_1/hei-2019-2020-lab-sens-it-vervisch-botman/sensit-sdk-v2.0.0/sdk/lib\libSENSIT_SDK_V2.0.0.a(gpio.o)
                0x0800446c                WWDG_IRQHandler
 .text.I2C_init
                0x08004474       0x30 D:/Documents/Cours_HEI/H4/Programmation_Embarquee/TPs/TP_Emb_1/hei-2019-2020-lab-sens-it-vervisch-botman/sensit-sdk-v2.0.0/sdk/lib\libSENSIT_SDK_V2.0.0.a(i2c.o)
                0x08004474                I2C_init
 .text.I2C_write_read
                0x080044a4      0x160 D:/Documents/Cours_HEI/H4/Programmation_Embarquee/TPs/TP_Emb_1/hei-2019-2020-lab-sens-it-vervisch-botman/sensit-sdk-v2.0.0/sdk/lib\libSENSIT_SDK_V2.0.0.a(i2c.o)
                0x080044a4                I2C_write_read
 .text.LED_set_toggle_color
                0x08004604        0xc D:/Documents/Cours_HEI/H4/Programmation_Embarquee/TPs/TP_Emb_1/hei-2019-2020-lab-sens-it-vervisch-botman/sensit-sdk-v2.0.0/sdk/lib\libSENSIT_SDK_V2.0.0.a(led.o)
                0x08004604                LED_set_toggle_color
 .text.LED_toggle
                0x08004610       0x5c D:/Documents/Cours_HEI/H4/Programmation_Embarquee/TPs/TP_Emb_1/hei-2019-2020-lab-sens-it-vervisch-botman/sensit-sdk-v2.0.0/sdk/lib\libSENSIT_SDK_V2.0.0.a(led.o)
                0x08004610                LED_toggle
 .text.my_memcpy
                0x0800466c       0x1c D:/Documents/Cours_HEI/H4/Programmation_Embarquee/TPs/TP_Emb_1/hei-2019-2020-lab-sens-it-vervisch-botman/sensit-sdk-v2.0.0/sdk/lib\libSENSIT_SDK_V2.0.0.a(my_string.o)
                0x0800466c                my_memcpy
 .text.my_memcmp
                0x08004688       0x1c D:/Documents/Cours_HEI/H4/Programmation_Embarquee/TPs/TP_Emb_1/hei-2019-2020-lab-sens-it-vervisch-botman/sensit-sdk-v2.0.0/sdk/lib\libSENSIT_SDK_V2.0.0.a(my_string.o)
                0x08004688                my_memcmp
 .text.RF_API_init
                0x080046a4       0x64 D:/Documents/Cours_HEI/H4/Programmation_Embarquee/TPs/TP_Emb_1/hei-2019-2020-lab-sens-it-vervisch-botman/sensit-sdk-v2.0.0/sdk/lib\libSENSIT_SDK_V2.0.0.a(rf_api.o)
                0x080046a4                RF_API_init
 .text.RF_API_stop
                0x08004708       0x28 D:/Documents/Cours_HEI/H4/Programmation_Embarquee/TPs/TP_Emb_1/hei-2019-2020-lab-sens-it-vervisch-botman/sensit-sdk-v2.0.0/sdk/lib\libSENSIT_SDK_V2.0.0.a(rf_api.o)
                0x08004708                RF_API_stop
 .text.RF_API_send
                0x08004730       0x3c D:/Documents/Cours_HEI/H4/Programmation_Embarquee/TPs/TP_Emb_1/hei-2019-2020-lab-sens-it-vervisch-botman/sensit-sdk-v2.0.0/sdk/lib\libSENSIT_SDK_V2.0.0.a(rf_api.o)
                0x08004730                RF_API_send
 .text.RF_API_change_frequency
                0x0800476c      0x180 D:/Documents/Cours_HEI/H4/Programmation_Embarquee/TPs/TP_Emb_1/hei-2019-2020-lab-sens-it-vervisch-botman/sensit-sdk-v2.0.0/sdk/lib\libSENSIT_SDK_V2.0.0.a(rf_api.o)
                0x0800476c                RF_API_change_frequency
 .text.RF_API_wait_frame
                0x080048ec       0xe0 D:/Documents/Cours_HEI/H4/Programmation_Embarquee/TPs/TP_Emb_1/hei-2019-2020-lab-sens-it-vervisch-botman/sensit-sdk-v2.0.0/sdk/lib\libSENSIT_SDK_V2.0.0.a(rf_api.o)
                0x080048ec                RF_API_wait_frame
 .text.RF_API_wait_for_clear_channel
                0x080049cc       0xb0 D:/Documents/Cours_HEI/H4/Programmation_Embarquee/TPs/TP_Emb_1/hei-2019-2020-lab-sens-it-vervisch-botman/sensit-sdk-v2.0.0/sdk/lib\libSENSIT_SDK_V2.0.0.a(rf_api.o)
                0x080049cc                RF_API_wait_for_clear_channel
 .text.SIGFOX_CRC_crc16
                0x08004a7c       0x3c D:/Documents/Cours_HEI/H4/Programmation_Embarquee/TPs/TP_Emb_1/hei-2019-2020-lab-sens-it-vervisch-botman/sensit-sdk-v2.0.0/sdk/lib\libSENSIT_SDK_V2.0.0.a(sigfox_crc.o)
                0x08004a7c                SIGFOX_CRC_crc16
 .text.SIGFOX_CRC_crc8
                0x08004ab8       0x34 D:/Documents/Cours_HEI/H4/Programmation_Embarquee/TPs/TP_Emb_1/hei-2019-2020-lab-sens-it-vervisch-botman/sensit-sdk-v2.0.0/sdk/lib\libSENSIT_SDK_V2.0.0.a(sigfox_crc.o)
                0x08004ab8                SIGFOX_CRC_crc8
 .text.SIGFOX_DECODE_dewhitening_pn
                0x08004aec       0x26 D:/Documents/Cours_HEI/H4/Programmation_Embarquee/TPs/TP_Emb_1/hei-2019-2020-lab-sens-it-vervisch-botman/sensit-sdk-v2.0.0/sdk/lib\libSENSIT_SDK_V2.0.0.a(sigfox_decode.o)
 *fill*         0x08004b12        0x2 
 .text.SIGFOX_DECODE_decode_frame
                0x08004b14      0x164 D:/Documents/Cours_HEI/H4/Programmation_Embarquee/TPs/TP_Emb_1/hei-2019-2020-lab-sens-it-vervisch-botman/sensit-sdk-v2.0.0/sdk/lib\libSENSIT_SDK_V2.0.0.a(sigfox_decode.o)
                0x08004b14                SIGFOX_DECODE_decode_frame
 .text.SIGFOX_HMAC_compute_aes
                0x08004c78       0x54 D:/Documents/Cours_HEI/H4/Programmation_Embarquee/TPs/TP_Emb_1/hei-2019-2020-lab-sens-it-vervisch-botman/sensit-sdk-v2.0.0/sdk/lib\libSENSIT_SDK_V2.0.0.a(sigfox_hmac.o)
                0x08004c78                SIGFOX_HMAC_compute_aes
 .text.PCD_WritePMA
                0x08004ccc       0x28 D:/Documents/Cours_HEI/H4/Programmation_Embarquee/TPs/TP_Emb_1/hei-2019-2020-lab-sens-it-vervisch-botman/sensit-sdk-v2.0.0/sdk/lib\libSENSIT_SDK_V2.0.0.a(stm32f0xx_hal_pcd.o)
 .text.PCD_ReadPMA
                0x08004cf4       0x20 D:/Documents/Cours_HEI/H4/Programmation_Embarquee/TPs/TP_Emb_1/hei-2019-2020-lab-sens-it-vervisch-botman/sensit-sdk-v2.0.0/sdk/lib\libSENSIT_SDK_V2.0.0.a(stm32f0xx_hal_pcd.o)
 .text.HAL_PCD_SetAddress
                0x08004d14       0x2c D:/Documents/Cours_HEI/H4/Programmation_Embarquee/TPs/TP_Emb_1/hei-2019-2020-lab-sens-it-vervisch-botman/sensit-sdk-v2.0.0/sdk/lib\libSENSIT_SDK_V2.0.0.a(stm32f0xx_hal_pcd.o)
                0x08004d14                HAL_PCD_SetAddress
 .text.HAL_PCD_EP_Open
                0x08004d40      0x2b0 D:/Documents/Cours_HEI/H4/Programmation_Embarquee/TPs/TP_Emb_1/hei-2019-2020-lab-sens-it-vervisch-botman/sensit-sdk-v2.0.0/sdk/lib\libSENSIT_SDK_V2.0.0.a(stm32f0xx_hal_pcd.o)
                0x08004d40                HAL_PCD_EP_Open
 .text.HAL_PCD_EP_Receive
                0x08004ff0       0xe8 D:/Documents/Cours_HEI/H4/Programmation_Embarquee/TPs/TP_Emb_1/hei-2019-2020-lab-sens-it-vervisch-botman/sensit-sdk-v2.0.0/sdk/lib\libSENSIT_SDK_V2.0.0.a(stm32f0xx_hal_pcd.o)
                0x08004ff0                HAL_PCD_EP_Receive
 .text.HAL_PCD_EP_Transmit
                0x080050d8      0x1e4 D:/Documents/Cours_HEI/H4/Programmation_Embarquee/TPs/TP_Emb_1/hei-2019-2020-lab-sens-it-vervisch-botman/sensit-sdk-v2.0.0/sdk/lib\libSENSIT_SDK_V2.0.0.a(stm32f0xx_hal_pcd.o)
                0x080050d8                HAL_PCD_EP_Transmit
 .text.HAL_PCD_IRQHandler
                0x080052bc      0x464 D:/Documents/Cours_HEI/H4/Programmation_Embarquee/TPs/TP_Emb_1/hei-2019-2020-lab-sens-it-vervisch-botman/sensit-sdk-v2.0.0/sdk/lib\libSENSIT_SDK_V2.0.0.a(stm32f0xx_hal_pcd.o)
                0x080052bc                HAL_PCD_IRQHandler
 .text.HAL_PCD_EP_SetStall
                0x08005720       0x90 D:/Documents/Cours_HEI/H4/Programmation_Embarquee/TPs/TP_Emb_1/hei-2019-2020-lab-sens-it-vervisch-botman/sensit-sdk-v2.0.0/sdk/lib\libSENSIT_SDK_V2.0.0.a(stm32f0xx_hal_pcd.o)
                0x08005720                HAL_PCD_EP_SetStall
 .text.HAL_PCD_EP_ClrStall
                0x080057b0       0xbc D:/Documents/Cours_HEI/H4/Programmation_Embarquee/TPs/TP_Emb_1/hei-2019-2020-lab-sens-it-vervisch-botman/sensit-sdk-v2.0.0/sdk/lib\libSENSIT_SDK_V2.0.0.a(stm32f0xx_hal_pcd.o)
                0x080057b0                HAL_PCD_EP_ClrStall
 .text.MODULATION_ramp_up
                0x0800586c       0x28 D:/Documents/Cours_HEI/H4/Programmation_Embarquee/TPs/TP_Emb_1/hei-2019-2020-lab-sens-it-vervisch-botman/sensit-sdk-v2.0.0/sdk/lib\libSENSIT_SDK_V2.0.0.a(modulation.o)
 .text.MODULATION_ramp_down
                0x08005894       0x2c D:/Documents/Cours_HEI/H4/Programmation_Embarquee/TPs/TP_Emb_1/hei-2019-2020-lab-sens-it-vervisch-botman/sensit-sdk-v2.0.0/sdk/lib\libSENSIT_SDK_V2.0.0.a(modulation.o)
 .text.MODULATION_init
                0x080058c0       0xe0 D:/Documents/Cours_HEI/H4/Programmation_Embarquee/TPs/TP_Emb_1/hei-2019-2020-lab-sens-it-vervisch-botman/sensit-sdk-v2.0.0/sdk/lib\libSENSIT_SDK_V2.0.0.a(modulation.o)
                0x080058c0                MODULATION_init
 .text.MODULATION_stop
                0x080059a0       0x3c D:/Documents/Cours_HEI/H4/Programmation_Embarquee/TPs/TP_Emb_1/hei-2019-2020-lab-sens-it-vervisch-botman/sensit-sdk-v2.0.0/sdk/lib\libSENSIT_SDK_V2.0.0.a(modulation.o)
                0x080059a0                MODULATION_stop
 .text.MODULATION_process
                0x080059dc       0xa4 D:/Documents/Cours_HEI/H4/Programmation_Embarquee/TPs/TP_Emb_1/hei-2019-2020-lab-sens-it-vervisch-botman/sensit-sdk-v2.0.0/sdk/lib\libSENSIT_SDK_V2.0.0.a(modulation.o)
                0x080059dc                MODULATION_process
 .text.TIM2_IRQHandler
                0x08005a80       0x2c D:/Documents/Cours_HEI/H4/Programmation_Embarquee/TPs/TP_Emb_1/hei-2019-2020-lab-sens-it-vervisch-botman/sensit-sdk-v2.0.0/sdk/lib\libSENSIT_SDK_V2.0.0.a(modulation.o)
                0x08005a80                TIM2_IRQHandler
 .text.__libc_init_array
                0x08005aac       0x44 d:/program files/iti-temp/8-2019-q3-update/bin/../lib/gcc/arm-none-eabi/8.3.1/../../../../arm-none-eabi/lib/thumb/v6-m/nofp\libc.a(lib_a-init.o)
                0x08005aac                __libc_init_array
 .text.memset   0x08005af0       0xa8 d:/program files/iti-temp/8-2019-q3-update/bin/../lib/gcc/arm-none-eabi/8.3.1/../../../../arm-none-eabi/lib/thumb/v6-m/nofp\libc.a(lib_a-memset.o)
                0x08005af0                memset
 *(.glue_7)
 .glue_7        0x08005b98        0x0 linker stubs
 *(.glue_7t)
 .glue_7t       0x08005b98        0x0 linker stubs
 *(.eh_frame)
 *(.init)
 *(.fini)
                0x08005b98                . = ALIGN (0x4)
                0x08005b98                _etext = .

.vfp11_veneer   0x08005b98        0x0
 .vfp11_veneer  0x08005b98        0x0 linker stubs

.v4_bx          0x08005b98        0x0
 .v4_bx         0x08005b98        0x0 linker stubs

.iplt           0x08005b98        0x0
 .iplt          0x08005b98        0x0 D:/Documents/Cours_HEI/H4/Programmation_Embarquee/TPs/TP_Emb_1/hei-2019-2020-lab-sens-it-vervisch-botman/sensit-sdk-v2.0.0/sdk/obj/error.o

.rodata         0x08005b98      0x3f0
                0x08005b98                . = ALIGN (0x4)
 *(.rodata)
 .rodata        0x08005b98       0x10 D:/Documents/Cours_HEI/H4/Programmation_Embarquee/TPs/TP_Emb_1/hei-2019-2020-lab-sens-it-vervisch-botman/sensit-sdk-v2.0.0/sdk/lib\libSENSIT_SDK_V2.0.0.a(nvmem_api.o)
 .rodata        0x08005ba8       0x34 D:/Documents/Cours_HEI/H4/Programmation_Embarquee/TPs/TP_Emb_1/hei-2019-2020-lab-sens-it-vervisch-botman/sensit-sdk-v2.0.0/sdk/lib\libSENSIT_SDK_V2.0.0.a(sigfox_internal.o)
                0x08005ba8                fsync_lut_tx
                0x08005bcc                public_key
 .rodata        0x08005bdc       0x10 D:/Documents/Cours_HEI/H4/Programmation_Embarquee/TPs/TP_Emb_1/hei-2019-2020-lab-sens-it-vervisch-botman/sensit-sdk-v2.0.0/sdk/lib\libSENSIT_SDK_V2.0.0.a(sigfox_scramb.o)
 .rodata        0x08005bec      0x100 D:/Documents/Cours_HEI/H4/Programmation_Embarquee/TPs/TP_Emb_1/hei-2019-2020-lab-sens-it-vervisch-botman/sensit-sdk-v2.0.0/sdk/lib\libSENSIT_SDK_V2.0.0.a(aes.o)
                0x08005bec                STable
 .rodata        0x08005cec      0x190 D:/Documents/Cours_HEI/H4/Programmation_Embarquee/TPs/TP_Emb_1/hei-2019-2020-lab-sens-it-vervisch-botman/sensit-sdk-v2.0.0/sdk/lib\libSENSIT_SDK_V2.0.0.a(rf_api.o)
 .rodata        0x08005e7c       0x20 D:/Documents/Cours_HEI/H4/Programmation_Embarquee/TPs/TP_Emb_1/hei-2019-2020-lab-sens-it-vervisch-botman/sensit-sdk-v2.0.0/sdk/lib\libSENSIT_SDK_V2.0.0.a(sigfox_decode.o)
                0x08005e7c                pow_alpha
                0x08005e8c                log_alpha
 .rodata        0x08005e9c       0xac d:/program files/iti-temp/8-2019-q3-update/bin/../lib/gcc/arm-none-eabi/8.3.1/thumb/v6-m/nofp\libgcc.a(divsf3.o)
 .rodata        0x08005f48       0x40 d:/program files/iti-temp/8-2019-q3-update/bin/../lib/gcc/arm-none-eabi/8.3.1/thumb/v6-m/nofp\libgcc.a(mulsf3.o)
 *(.rodata*)
                0x08005f88                . = ALIGN (0x4)

.rel.dyn        0x08005f88        0x0
 .rel.iplt      0x08005f88        0x0 D:/Documents/Cours_HEI/H4/Programmation_Embarquee/TPs/TP_Emb_1/hei-2019-2020-lab-sens-it-vervisch-botman/sensit-sdk-v2.0.0/sdk/obj/error.o

.ARM.extab      0x08005f88        0x0
                0x08005f88                . = ALIGN (0x4)
 *(.ARM.extab* .gnu.linkonce.armextab.*)
                0x08005f88                . = ALIGN (0x4)

.ARM            0x08005f88        0x0
                0x08005f88                . = ALIGN (0x4)
                0x08005f88                __exidx_start = .
 *(.ARM.exidx*)
                0x08005f88                __exidx_end = .
                0x08005f88                . = ALIGN (0x4)

.preinit_array  0x08005f88        0x0
                0x08005f88                . = ALIGN (0x4)
                0x08005f88                PROVIDE (__preinit_array_start = .)
 *(.preinit_array*)
                0x08005f88                PROVIDE (__preinit_array_end = .)
                0x08005f88                . = ALIGN (0x4)

.init_array     0x08005f88        0x0
                0x08005f88                . = ALIGN (0x4)
                0x08005f88                PROVIDE (__init_array_start = .)
 *(SORT_BY_NAME(.init_array.*))
 *(.init_array*)
                0x08005f88                PROVIDE (__init_array_end = .)
                0x08005f88                . = ALIGN (0x4)

.fini_array     0x08005f88        0x0
                0x08005f88                . = ALIGN (0x4)
                [!provide]                PROVIDE (__fini_array_start = .)
 *(SORT_BY_NAME(.fini_array.*))
 *(.fini_array*)
                [!provide]                PROVIDE (__fini_array_end = .)
                0x08005f88                . = ALIGN (0x4)
                0x08005f88                _sidata = LOADADDR (.data)

.data           0x20000000      0x1e8 load address 0x08005f88
                0x20000000                . = ALIGN (0x4)
                0x20000000                _sdata = .
 *(.data)
 .data          0x20000000        0x2 D:/Documents/Cours_HEI/H4/Programmation_Embarquee/TPs/TP_Emb_1/hei-2019-2020-lab-sens-it-vervisch-botman/sensit-sdk-v2.0.0/sdk/obj/battery.o
 *fill*         0x20000002        0x2 
 .data          0x20000004       0xa0 D:/Documents/Cours_HEI/H4/Programmation_Embarquee/TPs/TP_Emb_1/hei-2019-2020-lab-sens-it-vervisch-botman/sensit-sdk-v2.0.0/sdk/obj/radio_api.o
 .data          0x200000a4       0x10 D:/Documents/Cours_HEI/H4/Programmation_Embarquee/TPs/TP_Emb_1/hei-2019-2020-lab-sens-it-vervisch-botman/sensit-sdk-v2.0.0/sdk/obj/main.o
                0x200000a4                firmware_version
 .data          0x200000b4       0x15 D:/Documents/Cours_HEI/H4/Programmation_Embarquee/TPs/TP_Emb_1/hei-2019-2020-lab-sens-it-vervisch-botman/sensit-sdk-v2.0.0/sdk/lib\libSENSIT_SDK_V2.0.0.a(nvmem_api.o)
 .data          0x200000c9        0x1 D:/Documents/Cours_HEI/H4/Programmation_Embarquee/TPs/TP_Emb_1/hei-2019-2020-lab-sens-it-vervisch-botman/sensit-sdk-v2.0.0/sdk/lib\libSENSIT_SDK_V2.0.0.a(radio.o)
 .data          0x200000ca      0x11d D:/Documents/Cours_HEI/H4/Programmation_Embarquee/TPs/TP_Emb_1/hei-2019-2020-lab-sens-it-vervisch-botman/sensit-sdk-v2.0.0/sdk/lib\libSENSIT_SDK_V2.0.0.a(modulation.o)
 *(.data*)
                0x200001e8                . = ALIGN (0x4)
 *fill*         0x200001e7        0x1 
                0x200001e8                _edata = .

.igot.plt       0x200001e8        0x0 load address 0x08006170
 .igot.plt      0x200001e8        0x0 D:/Documents/Cours_HEI/H4/Programmation_Embarquee/TPs/TP_Emb_1/hei-2019-2020-lab-sens-it-vervisch-botman/sensit-sdk-v2.0.0/sdk/obj/error.o
                0x200001e8                . = ALIGN (0x4)

.bss            0x200001e8      0x5d0 load address 0x08006170
                0x200001e8                _sbss = .
                0x200001e8                __bss_start__ = _sbss
 *(.bss)
 .bss           0x200001e8        0x1 D:/Documents/Cours_HEI/H4/Programmation_Embarquee/TPs/TP_Emb_1/hei-2019-2020-lab-sens-it-vervisch-botman/sensit-sdk-v2.0.0/sdk/obj/radio_api.o
 *fill*         0x200001e9        0x3 
 .bss           0x200001ec       0x50 D:/Documents/Cours_HEI/H4/Programmation_Embarquee/TPs/TP_Emb_1/hei-2019-2020-lab-sens-it-vervisch-botman/sensit-sdk-v2.0.0/sdk/obj/etsi.o
 .bss           0x2000023c       0x10 D:/Documents/Cours_HEI/H4/Programmation_Embarquee/TPs/TP_Emb_1/hei-2019-2020-lab-sens-it-vervisch-botman/sensit-sdk-v2.0.0/sdk/obj/fcc.o
 .bss           0x2000024c       0x10 D:/Documents/Cours_HEI/H4/Programmation_Embarquee/TPs/TP_Emb_1/hei-2019-2020-lab-sens-it-vervisch-botman/sensit-sdk-v2.0.0/sdk/obj/hts221.o
 .bss           0x2000025c       0xa8 D:/Documents/Cours_HEI/H4/Programmation_Embarquee/TPs/TP_Emb_1/hei-2019-2020-lab-sens-it-vervisch-botman/sensit-sdk-v2.0.0/sdk/lib\libSENSIT_SDK_V2.0.0.a(mcu_api.o)
 .bss           0x20000304       0x14 D:/Documents/Cours_HEI/H4/Programmation_Embarquee/TPs/TP_Emb_1/hei-2019-2020-lab-sens-it-vervisch-botman/sensit-sdk-v2.0.0/sdk/lib\libSENSIT_SDK_V2.0.0.a(nvmem_api.o)
 .bss           0x20000318        0x1 D:/Documents/Cours_HEI/H4/Programmation_Embarquee/TPs/TP_Emb_1/hei-2019-2020-lab-sens-it-vervisch-botman/sensit-sdk-v2.0.0/sdk/lib\libSENSIT_SDK_V2.0.0.a(radio.o)
 *fill*         0x20000319        0x3 
 .bss           0x2000031c        0xc D:/Documents/Cours_HEI/H4/Programmation_Embarquee/TPs/TP_Emb_1/hei-2019-2020-lab-sens-it-vervisch-botman/sensit-sdk-v2.0.0/sdk/lib\libSENSIT_SDK_V2.0.0.a(rtc.o)
                0x2000031c                rtc_current_time
                0x20000320                rtc_alarm_timer
                0x20000324                rx_timer
 .bss           0x20000328        0x1 D:/Documents/Cours_HEI/H4/Programmation_Embarquee/TPs/TP_Emb_1/hei-2019-2020-lab-sens-it-vervisch-botman/sensit-sdk-v2.0.0/sdk/lib\libSENSIT_SDK_V2.0.0.a(sigfox_api.o)
                0x20000328                g_state
 .bss           0x20000329        0x1 D:/Documents/Cours_HEI/H4/Programmation_Embarquee/TPs/TP_Emb_1/hei-2019-2020-lab-sens-it-vervisch-botman/sensit-sdk-v2.0.0/sdk/lib\libSENSIT_SDK_V2.0.0.a(sleep.o)
 .bss           0x2000032a      0x204 D:/Documents/Cours_HEI/H4/Programmation_Embarquee/TPs/TP_Emb_1/hei-2019-2020-lab-sens-it-vervisch-botman/sensit-sdk-v2.0.0/sdk/lib\libSENSIT_SDK_V2.0.0.a(uart.o)
 .bss           0x2000052e        0x1 D:/Documents/Cours_HEI/H4/Programmation_Embarquee/TPs/TP_Emb_1/hei-2019-2020-lab-sens-it-vervisch-botman/sensit-sdk-v2.0.0/sdk/lib\libSENSIT_SDK_V2.0.0.a(usbd_ctlreq.o)
 *fill*         0x2000052f        0x1 
 .bss           0x20000530        0x4 D:/Documents/Cours_HEI/H4/Programmation_Embarquee/TPs/TP_Emb_1/hei-2019-2020-lab-sens-it-vervisch-botman/sensit-sdk-v2.0.0/sdk/lib\libSENSIT_SDK_V2.0.0.a(adc.o)
 .bss           0x20000534        0xc D:/Documents/Cours_HEI/H4/Programmation_Embarquee/TPs/TP_Emb_1/hei-2019-2020-lab-sens-it-vervisch-botman/sensit-sdk-v2.0.0/sdk/lib\libSENSIT_SDK_V2.0.0.a(calib.o)
 .bss           0x20000540        0x1 D:/Documents/Cours_HEI/H4/Programmation_Embarquee/TPs/TP_Emb_1/hei-2019-2020-lab-sens-it-vervisch-botman/sensit-sdk-v2.0.0/sdk/lib\libSENSIT_SDK_V2.0.0.a(led.o)
 *fill*         0x20000541        0x3 
 .bss           0x20000544       0x1d D:/Documents/Cours_HEI/H4/Programmation_Embarquee/TPs/TP_Emb_1/hei-2019-2020-lab-sens-it-vervisch-botman/sensit-sdk-v2.0.0/sdk/lib\libSENSIT_SDK_V2.0.0.a(modulation.o)
 *(.bss*)
 *(COMMON)
 COMMON         0x20000561        0x1 D:/Documents/Cours_HEI/H4/Programmation_Embarquee/TPs/TP_Emb_1/hei-2019-2020-lab-sens-it-vervisch-botman/sensit-sdk-v2.0.0/sdk/obj/error.o
                0x20000561                pending_interrupt
 *fill*         0x20000562        0x2 
 COMMON         0x20000564        0x9 D:/Documents/Cours_HEI/H4/Programmation_Embarquee/TPs/TP_Emb_1/hei-2019-2020-lab-sens-it-vervisch-botman/sensit-sdk-v2.0.0/sdk/lib\libSENSIT_SDK_V2.0.0.a(mcu_api.o)
                0x20000564                sleep_end
                0x20000568                cs_timer
                0x2000056c                tx_end
 *fill*         0x2000056d        0x3 
 COMMON         0x20000570        0x4 D:/Documents/Cours_HEI/H4/Programmation_Embarquee/TPs/TP_Emb_1/hei-2019-2020-lab-sens-it-vervisch-botman/sensit-sdk-v2.0.0/sdk/lib\libSENSIT_SDK_V2.0.0.a(rtc.o)
                0x20000570                rtc_alarm_reload
 COMMON         0x20000574        0x4 D:/Documents/Cours_HEI/H4/Programmation_Embarquee/TPs/TP_Emb_1/hei-2019-2020-lab-sens-it-vervisch-botman/sensit-sdk-v2.0.0/sdk/lib\libSENSIT_SDK_V2.0.0.a(sigfox_api.o)
                0x20000574                rs
 COMMON         0x20000578      0x220 D:/Documents/Cours_HEI/H4/Programmation_Embarquee/TPs/TP_Emb_1/hei-2019-2020-lab-sens-it-vervisch-botman/sensit-sdk-v2.0.0/sdk/lib\libSENSIT_SDK_V2.0.0.a(usbd_conf.o)
                0x20000578                hpcd_USB_FS
 COMMON         0x20000798       0x20 D:/Documents/Cours_HEI/H4/Programmation_Embarquee/TPs/TP_Emb_1/hei-2019-2020-lab-sens-it-vervisch-botman/sensit-sdk-v2.0.0/sdk/lib\libSENSIT_SDK_V2.0.0.a(sigfox_hmac.o)
                0x20000798                aes_in
                0x200007b8                . = ALIGN (0x4)
                0x200007b8                _ebss = .
                0x200007b8                __bss_end__ = _ebss

._user_heap_stack
                0x200007b8      0x400 load address 0x08006170
                0x200007b8                . = ALIGN (0x8)
                [!provide]                PROVIDE (end = .)
                [!provide]                PROVIDE (_end = .)
                0x200007b8                . = (. + _Min_Heap_Size)
                0x20000bb8                . = (. + _Min_Stack_Size)
 *fill*         0x200007b8      0x400 
                0x20000bb8                . = ALIGN (0x8)

/DISCARD/
 libc.a(*)
 libm.a(*)
 libgcc.a(*)

.ARM.attributes
                0x00000000       0x2a
 *(.ARM.attributes)
 .ARM.attributes
                0x00000000       0x2c D:/Documents/Cours_HEI/H4/Programmation_Embarquee/TPs/TP_Emb_1/hei-2019-2020-lab-sens-it-vervisch-botman/sensit-sdk-v2.0.0/sdk/obj/error.o
 .ARM.attributes
                0x0000002c       0x2c D:/Documents/Cours_HEI/H4/Programmation_Embarquee/TPs/TP_Emb_1/hei-2019-2020-lab-sens-it-vervisch-botman/sensit-sdk-v2.0.0/sdk/obj/button.o
 .ARM.attributes
                0x00000058       0x2c D:/Documents/Cours_HEI/H4/Programmation_Embarquee/TPs/TP_Emb_1/hei-2019-2020-lab-sens-it-vervisch-botman/sensit-sdk-v2.0.0/sdk/obj/battery.o
 .ARM.attributes
                0x00000084       0x2c D:/Documents/Cours_HEI/H4/Programmation_Embarquee/TPs/TP_Emb_1/hei-2019-2020-lab-sens-it-vervisch-botman/sensit-sdk-v2.0.0/sdk/obj/callback.o
 .ARM.attributes
                0x000000b0       0x2c D:/Documents/Cours_HEI/H4/Programmation_Embarquee/TPs/TP_Emb_1/hei-2019-2020-lab-sens-it-vervisch-botman/sensit-sdk-v2.0.0/sdk/obj/radio_api.o
 .ARM.attributes
                0x000000dc       0x2c D:/Documents/Cours_HEI/H4/Programmation_Embarquee/TPs/TP_Emb_1/hei-2019-2020-lab-sens-it-vervisch-botman/sensit-sdk-v2.0.0/sdk/obj/etsi.o
 .ARM.attributes
                0x00000108       0x2c D:/Documents/Cours_HEI/H4/Programmation_Embarquee/TPs/TP_Emb_1/hei-2019-2020-lab-sens-it-vervisch-botman/sensit-sdk-v2.0.0/sdk/obj/fcc.o
 .ARM.attributes
                0x00000134       0x2c D:/Documents/Cours_HEI/H4/Programmation_Embarquee/TPs/TP_Emb_1/hei-2019-2020-lab-sens-it-vervisch-botman/sensit-sdk-v2.0.0/sdk/obj/hts221.o
 .ARM.attributes
                0x00000160       0x2c D:/Documents/Cours_HEI/H4/Programmation_Embarquee/TPs/TP_Emb_1/hei-2019-2020-lab-sens-it-vervisch-botman/sensit-sdk-v2.0.0/sdk/obj/ltr329.o
 .ARM.attributes
                0x0000018c       0x2c D:/Documents/Cours_HEI/H4/Programmation_Embarquee/TPs/TP_Emb_1/hei-2019-2020-lab-sens-it-vervisch-botman/sensit-sdk-v2.0.0/sdk/obj/main.o
 .ARM.attributes
                0x000001b8       0x31 D:/Documents/Cours_HEI/H4/Programmation_Embarquee/TPs/TP_Emb_1/hei-2019-2020-lab-sens-it-vervisch-botman/sensit-sdk-v2.0.0/sdk/lib\libSENSIT_SDK_V2.0.0.a(mcu_api.o)
 .ARM.attributes
                0x000001e9       0x31 D:/Documents/Cours_HEI/H4/Programmation_Embarquee/TPs/TP_Emb_1/hei-2019-2020-lab-sens-it-vervisch-botman/sensit-sdk-v2.0.0/sdk/lib\libSENSIT_SDK_V2.0.0.a(nvmem_api.o)
 .ARM.attributes
                0x0000021a       0x31 D:/Documents/Cours_HEI/H4/Programmation_Embarquee/TPs/TP_Emb_1/hei-2019-2020-lab-sens-it-vervisch-botman/sensit-sdk-v2.0.0/sdk/lib\libSENSIT_SDK_V2.0.0.a(radio.o)
 .ARM.attributes
                0x0000024b       0x31 D:/Documents/Cours_HEI/H4/Programmation_Embarquee/TPs/TP_Emb_1/hei-2019-2020-lab-sens-it-vervisch-botman/sensit-sdk-v2.0.0/sdk/lib\libSENSIT_SDK_V2.0.0.a(rtc.o)
 .ARM.attributes
                0x0000027c       0x31 D:/Documents/Cours_HEI/H4/Programmation_Embarquee/TPs/TP_Emb_1/hei-2019-2020-lab-sens-it-vervisch-botman/sensit-sdk-v2.0.0/sdk/lib\libSENSIT_SDK_V2.0.0.a(sensit_api.o)
 .ARM.attributes
                0x000002ad       0x31 D:/Documents/Cours_HEI/H4/Programmation_Embarquee/TPs/TP_Emb_1/hei-2019-2020-lab-sens-it-vervisch-botman/sensit-sdk-v2.0.0/sdk/lib\libSENSIT_SDK_V2.0.0.a(sigfox_api.o)
 .ARM.attributes
                0x000002de       0x31 D:/Documents/Cours_HEI/H4/Programmation_Embarquee/TPs/TP_Emb_1/hei-2019-2020-lab-sens-it-vervisch-botman/sensit-sdk-v2.0.0/sdk/lib\libSENSIT_SDK_V2.0.0.a(sigfox_internal.o)
 .ARM.attributes
                0x0000030f       0x31 D:/Documents/Cours_HEI/H4/Programmation_Embarquee/TPs/TP_Emb_1/hei-2019-2020-lab-sens-it-vervisch-botman/sensit-sdk-v2.0.0/sdk/lib\libSENSIT_SDK_V2.0.0.a(sigfox_pn.o)
 .ARM.attributes
                0x00000340       0x31 D:/Documents/Cours_HEI/H4/Programmation_Embarquee/TPs/TP_Emb_1/hei-2019-2020-lab-sens-it-vervisch-botman/sensit-sdk-v2.0.0/sdk/lib\libSENSIT_SDK_V2.0.0.a(sigfox_scramb.o)
 .ARM.attributes
                0x00000371       0x31 D:/Documents/Cours_HEI/H4/Programmation_Embarquee/TPs/TP_Emb_1/hei-2019-2020-lab-sens-it-vervisch-botman/sensit-sdk-v2.0.0/sdk/lib\libSENSIT_SDK_V2.0.0.a(sleep.o)
 .ARM.attributes
                0x000003a2       0x31 D:/Documents/Cours_HEI/H4/Programmation_Embarquee/TPs/TP_Emb_1/hei-2019-2020-lab-sens-it-vervisch-botman/sensit-sdk-v2.0.0/sdk/lib\libSENSIT_SDK_V2.0.0.a(spi.o)
 .ARM.attributes
                0x000003d3       0x21 D:/Documents/Cours_HEI/H4/Programmation_Embarquee/TPs/TP_Emb_1/hei-2019-2020-lab-sens-it-vervisch-botman/sensit-sdk-v2.0.0/sdk/lib\libSENSIT_SDK_V2.0.0.a(startup_stm32f042x6.o)
 .ARM.attributes
                0x000003f4       0x31 D:/Documents/Cours_HEI/H4/Programmation_Embarquee/TPs/TP_Emb_1/hei-2019-2020-lab-sens-it-vervisch-botman/sensit-sdk-v2.0.0/sdk/lib\libSENSIT_SDK_V2.0.0.a(system_stm32f0xx.o)
 .ARM.attributes
                0x00000425       0x31 D:/Documents/Cours_HEI/H4/Programmation_Embarquee/TPs/TP_Emb_1/hei-2019-2020-lab-sens-it-vervisch-botman/sensit-sdk-v2.0.0/sdk/lib\libSENSIT_SDK_V2.0.0.a(systick.o)
 .ARM.attributes
                0x00000456       0x31 D:/Documents/Cours_HEI/H4/Programmation_Embarquee/TPs/TP_Emb_1/hei-2019-2020-lab-sens-it-vervisch-botman/sensit-sdk-v2.0.0/sdk/lib\libSENSIT_SDK_V2.0.0.a(uart.o)
 .ARM.attributes
                0x00000487       0x31 D:/Documents/Cours_HEI/H4/Programmation_Embarquee/TPs/TP_Emb_1/hei-2019-2020-lab-sens-it-vervisch-botman/sensit-sdk-v2.0.0/sdk/lib\libSENSIT_SDK_V2.0.0.a(usbd_conf.o)
 .ARM.attributes
                0x000004b8       0x31 D:/Documents/Cours_HEI/H4/Programmation_Embarquee/TPs/TP_Emb_1/hei-2019-2020-lab-sens-it-vervisch-botman/sensit-sdk-v2.0.0/sdk/lib\libSENSIT_SDK_V2.0.0.a(usbd_core.o)
 .ARM.attributes
                0x000004e9       0x31 D:/Documents/Cours_HEI/H4/Programmation_Embarquee/TPs/TP_Emb_1/hei-2019-2020-lab-sens-it-vervisch-botman/sensit-sdk-v2.0.0/sdk/lib\libSENSIT_SDK_V2.0.0.a(usbd_ctlreq.o)
 .ARM.attributes
                0x0000051a       0x31 D:/Documents/Cours_HEI/H4/Programmation_Embarquee/TPs/TP_Emb_1/hei-2019-2020-lab-sens-it-vervisch-botman/sensit-sdk-v2.0.0/sdk/lib\libSENSIT_SDK_V2.0.0.a(usbd_ioreq.o)
 .ARM.attributes
                0x0000054b       0x31 D:/Documents/Cours_HEI/H4/Programmation_Embarquee/TPs/TP_Emb_1/hei-2019-2020-lab-sens-it-vervisch-botman/sensit-sdk-v2.0.0/sdk/lib\libSENSIT_SDK_V2.0.0.a(watchdog.o)
 .ARM.attributes
                0x0000057c       0x31 D:/Documents/Cours_HEI/H4/Programmation_Embarquee/TPs/TP_Emb_1/hei-2019-2020-lab-sens-it-vervisch-botman/sensit-sdk-v2.0.0/sdk/lib\libSENSIT_SDK_V2.0.0.a(adc.o)
 .ARM.attributes
                0x000005ad       0x31 D:/Documents/Cours_HEI/H4/Programmation_Embarquee/TPs/TP_Emb_1/hei-2019-2020-lab-sens-it-vervisch-botman/sensit-sdk-v2.0.0/sdk/lib\libSENSIT_SDK_V2.0.0.a(aes.o)
 .ARM.attributes
                0x000005de       0x31 D:/Documents/Cours_HEI/H4/Programmation_Embarquee/TPs/TP_Emb_1/hei-2019-2020-lab-sens-it-vervisch-botman/sensit-sdk-v2.0.0/sdk/lib\libSENSIT_SDK_V2.0.0.a(calib.o)
 .ARM.attributes
                0x0000060f       0x31 D:/Documents/Cours_HEI/H4/Programmation_Embarquee/TPs/TP_Emb_1/hei-2019-2020-lab-sens-it-vervisch-botman/sensit-sdk-v2.0.0/sdk/lib\libSENSIT_SDK_V2.0.0.a(cc1125.o)
 .ARM.attributes
                0x00000640       0x31 D:/Documents/Cours_HEI/H4/Programmation_Embarquee/TPs/TP_Emb_1/hei-2019-2020-lab-sens-it-vervisch-botman/sensit-sdk-v2.0.0/sdk/lib\libSENSIT_SDK_V2.0.0.a(crc.o)
 .ARM.attributes
                0x00000671       0x31 D:/Documents/Cours_HEI/H4/Programmation_Embarquee/TPs/TP_Emb_1/hei-2019-2020-lab-sens-it-vervisch-botman/sensit-sdk-v2.0.0/sdk/lib\libSENSIT_SDK_V2.0.0.a(flash.o)
 .ARM.attributes
                0x000006a2       0x31 D:/Documents/Cours_HEI/H4/Programmation_Embarquee/TPs/TP_Emb_1/hei-2019-2020-lab-sens-it-vervisch-botman/sensit-sdk-v2.0.0/sdk/lib\libSENSIT_SDK_V2.0.0.a(gpio.o)
 .ARM.attributes
                0x000006d3       0x31 D:/Documents/Cours_HEI/H4/Programmation_Embarquee/TPs/TP_Emb_1/hei-2019-2020-lab-sens-it-vervisch-botman/sensit-sdk-v2.0.0/sdk/lib\libSENSIT_SDK_V2.0.0.a(i2c.o)
 .ARM.attributes
                0x00000704       0x31 D:/Documents/Cours_HEI/H4/Programmation_Embarquee/TPs/TP_Emb_1/hei-2019-2020-lab-sens-it-vervisch-botman/sensit-sdk-v2.0.0/sdk/lib\libSENSIT_SDK_V2.0.0.a(led.o)
 .ARM.attributes
                0x00000735       0x31 D:/Documents/Cours_HEI/H4/Programmation_Embarquee/TPs/TP_Emb_1/hei-2019-2020-lab-sens-it-vervisch-botman/sensit-sdk-v2.0.0/sdk/lib\libSENSIT_SDK_V2.0.0.a(my_string.o)
 .ARM.attributes
                0x00000766       0x31 D:/Documents/Cours_HEI/H4/Programmation_Embarquee/TPs/TP_Emb_1/hei-2019-2020-lab-sens-it-vervisch-botman/sensit-sdk-v2.0.0/sdk/lib\libSENSIT_SDK_V2.0.0.a(rf_api.o)
 .ARM.attributes
                0x00000797       0x31 D:/Documents/Cours_HEI/H4/Programmation_Embarquee/TPs/TP_Emb_1/hei-2019-2020-lab-sens-it-vervisch-botman/sensit-sdk-v2.0.0/sdk/lib\libSENSIT_SDK_V2.0.0.a(sigfox_crc.o)
 .ARM.attributes
                0x000007c8       0x31 D:/Documents/Cours_HEI/H4/Programmation_Embarquee/TPs/TP_Emb_1/hei-2019-2020-lab-sens-it-vervisch-botman/sensit-sdk-v2.0.0/sdk/lib\libSENSIT_SDK_V2.0.0.a(sigfox_decode.o)
 .ARM.attributes
                0x000007f9       0x31 D:/Documents/Cours_HEI/H4/Programmation_Embarquee/TPs/TP_Emb_1/hei-2019-2020-lab-sens-it-vervisch-botman/sensit-sdk-v2.0.0/sdk/lib\libSENSIT_SDK_V2.0.0.a(sigfox_hmac.o)
 .ARM.attributes
                0x0000082a       0x31 D:/Documents/Cours_HEI/H4/Programmation_Embarquee/TPs/TP_Emb_1/hei-2019-2020-lab-sens-it-vervisch-botman/sensit-sdk-v2.0.0/sdk/lib\libSENSIT_SDK_V2.0.0.a(stm32f0xx_hal_pcd.o)
 .ARM.attributes
                0x0000085b       0x31 D:/Documents/Cours_HEI/H4/Programmation_Embarquee/TPs/TP_Emb_1/hei-2019-2020-lab-sens-it-vervisch-botman/sensit-sdk-v2.0.0/sdk/lib\libSENSIT_SDK_V2.0.0.a(modulation.o)
OUTPUT(D:/Documents/Cours_HEI/H4/Programmation_Embarquee/TPs/TP_Emb_1/hei-2019-2020-lab-sens-it-vervisch-botman/sensit-sdk-v2.0.0/sdk/bin/sensit.elf elf32-littlearm)

.debug_info     0x00000000     0x1e5b
 .debug_info    0x00000000      0x3f1 D:/Documents/Cours_HEI/H4/Programmation_Embarquee/TPs/TP_Emb_1/hei-2019-2020-lab-sens-it-vervisch-botman/sensit-sdk-v2.0.0/sdk/obj/error.o
 .debug_info    0x000003f1      0x206 D:/Documents/Cours_HEI/H4/Programmation_Embarquee/TPs/TP_Emb_1/hei-2019-2020-lab-sens-it-vervisch-botman/sensit-sdk-v2.0.0/sdk/obj/button.o
 .debug_info    0x000005f7      0x323 D:/Documents/Cours_HEI/H4/Programmation_Embarquee/TPs/TP_Emb_1/hei-2019-2020-lab-sens-it-vervisch-botman/sensit-sdk-v2.0.0/sdk/obj/battery.o
 .debug_info    0x0000091a       0x97 D:/Documents/Cours_HEI/H4/Programmation_Embarquee/TPs/TP_Emb_1/hei-2019-2020-lab-sens-it-vervisch-botman/sensit-sdk-v2.0.0/sdk/obj/callback.o
 .debug_info    0x000009b1      0x4f5 D:/Documents/Cours_HEI/H4/Programmation_Embarquee/TPs/TP_Emb_1/hei-2019-2020-lab-sens-it-vervisch-botman/sensit-sdk-v2.0.0/sdk/obj/radio_api.o
 .debug_info    0x00000ea6      0x1a8 D:/Documents/Cours_HEI/H4/Programmation_Embarquee/TPs/TP_Emb_1/hei-2019-2020-lab-sens-it-vervisch-botman/sensit-sdk-v2.0.0/sdk/obj/etsi.o
 .debug_info    0x0000104e      0x194 D:/Documents/Cours_HEI/H4/Programmation_Embarquee/TPs/TP_Emb_1/hei-2019-2020-lab-sens-it-vervisch-botman/sensit-sdk-v2.0.0/sdk/obj/fcc.o
 .debug_info    0x000011e2      0x38f D:/Documents/Cours_HEI/H4/Programmation_Embarquee/TPs/TP_Emb_1/hei-2019-2020-lab-sens-it-vervisch-botman/sensit-sdk-v2.0.0/sdk/obj/hts221.o
 .debug_info    0x00001571      0x399 D:/Documents/Cours_HEI/H4/Programmation_Embarquee/TPs/TP_Emb_1/hei-2019-2020-lab-sens-it-vervisch-botman/sensit-sdk-v2.0.0/sdk/obj/ltr329.o
 .debug_info    0x0000190a      0x551 D:/Documents/Cours_HEI/H4/Programmation_Embarquee/TPs/TP_Emb_1/hei-2019-2020-lab-sens-it-vervisch-botman/sensit-sdk-v2.0.0/sdk/obj/main.o

.debug_abbrev   0x00000000      0xccf
 .debug_abbrev  0x00000000      0x154 D:/Documents/Cours_HEI/H4/Programmation_Embarquee/TPs/TP_Emb_1/hei-2019-2020-lab-sens-it-vervisch-botman/sensit-sdk-v2.0.0/sdk/obj/error.o
 .debug_abbrev  0x00000154      0x125 D:/Documents/Cours_HEI/H4/Programmation_Embarquee/TPs/TP_Emb_1/hei-2019-2020-lab-sens-it-vervisch-botman/sensit-sdk-v2.0.0/sdk/obj/button.o
 .debug_abbrev  0x00000279      0x19e D:/Documents/Cours_HEI/H4/Programmation_Embarquee/TPs/TP_Emb_1/hei-2019-2020-lab-sens-it-vervisch-botman/sensit-sdk-v2.0.0/sdk/obj/battery.o
 .debug_abbrev  0x00000417       0x68 D:/Documents/Cours_HEI/H4/Programmation_Embarquee/TPs/TP_Emb_1/hei-2019-2020-lab-sens-it-vervisch-botman/sensit-sdk-v2.0.0/sdk/obj/callback.o
 .debug_abbrev  0x0000047f      0x1b3 D:/Documents/Cours_HEI/H4/Programmation_Embarquee/TPs/TP_Emb_1/hei-2019-2020-lab-sens-it-vervisch-botman/sensit-sdk-v2.0.0/sdk/obj/radio_api.o
 .debug_abbrev  0x00000632      0x131 D:/Documents/Cours_HEI/H4/Programmation_Embarquee/TPs/TP_Emb_1/hei-2019-2020-lab-sens-it-vervisch-botman/sensit-sdk-v2.0.0/sdk/obj/etsi.o
 .debug_abbrev  0x00000763      0x131 D:/Documents/Cours_HEI/H4/Programmation_Embarquee/TPs/TP_Emb_1/hei-2019-2020-lab-sens-it-vervisch-botman/sensit-sdk-v2.0.0/sdk/obj/fcc.o
 .debug_abbrev  0x00000894      0x158 D:/Documents/Cours_HEI/H4/Programmation_Embarquee/TPs/TP_Emb_1/hei-2019-2020-lab-sens-it-vervisch-botman/sensit-sdk-v2.0.0/sdk/obj/hts221.o
 .debug_abbrev  0x000009ec      0x156 D:/Documents/Cours_HEI/H4/Programmation_Embarquee/TPs/TP_Emb_1/hei-2019-2020-lab-sens-it-vervisch-botman/sensit-sdk-v2.0.0/sdk/obj/ltr329.o
 .debug_abbrev  0x00000b42      0x18d D:/Documents/Cours_HEI/H4/Programmation_Embarquee/TPs/TP_Emb_1/hei-2019-2020-lab-sens-it-vervisch-botman/sensit-sdk-v2.0.0/sdk/obj/main.o

.debug_loc      0x00000000      0xae1
 .debug_loc     0x00000000      0x112 D:/Documents/Cours_HEI/H4/Programmation_Embarquee/TPs/TP_Emb_1/hei-2019-2020-lab-sens-it-vervisch-botman/sensit-sdk-v2.0.0/sdk/obj/error.o
 .debug_loc     0x00000112       0xb8 D:/Documents/Cours_HEI/H4/Programmation_Embarquee/TPs/TP_Emb_1/hei-2019-2020-lab-sens-it-vervisch-botman/sensit-sdk-v2.0.0/sdk/obj/button.o
 .debug_loc     0x000001ca       0x8a D:/Documents/Cours_HEI/H4/Programmation_Embarquee/TPs/TP_Emb_1/hei-2019-2020-lab-sens-it-vervisch-botman/sensit-sdk-v2.0.0/sdk/obj/battery.o
 .debug_loc     0x00000254      0x191 D:/Documents/Cours_HEI/H4/Programmation_Embarquee/TPs/TP_Emb_1/hei-2019-2020-lab-sens-it-vervisch-botman/sensit-sdk-v2.0.0/sdk/obj/radio_api.o
 .debug_loc     0x000003e5      0x12b D:/Documents/Cours_HEI/H4/Programmation_Embarquee/TPs/TP_Emb_1/hei-2019-2020-lab-sens-it-vervisch-botman/sensit-sdk-v2.0.0/sdk/obj/etsi.o
 .debug_loc     0x00000510       0xc6 D:/Documents/Cours_HEI/H4/Programmation_Embarquee/TPs/TP_Emb_1/hei-2019-2020-lab-sens-it-vervisch-botman/sensit-sdk-v2.0.0/sdk/obj/fcc.o
 .debug_loc     0x000005d6      0x28c D:/Documents/Cours_HEI/H4/Programmation_Embarquee/TPs/TP_Emb_1/hei-2019-2020-lab-sens-it-vervisch-botman/sensit-sdk-v2.0.0/sdk/obj/hts221.o
 .debug_loc     0x00000862      0x19d D:/Documents/Cours_HEI/H4/Programmation_Embarquee/TPs/TP_Emb_1/hei-2019-2020-lab-sens-it-vervisch-botman/sensit-sdk-v2.0.0/sdk/obj/ltr329.o
 .debug_loc     0x000009ff       0xe2 D:/Documents/Cours_HEI/H4/Programmation_Embarquee/TPs/TP_Emb_1/hei-2019-2020-lab-sens-it-vervisch-botman/sensit-sdk-v2.0.0/sdk/obj/main.o

.debug_aranges  0x00000000      0x170
 .debug_aranges
                0x00000000       0x28 D:/Documents/Cours_HEI/H4/Programmation_Embarquee/TPs/TP_Emb_1/hei-2019-2020-lab-sens-it-vervisch-botman/sensit-sdk-v2.0.0/sdk/obj/error.o
 .debug_aranges
                0x00000028       0x20 D:/Documents/Cours_HEI/H4/Programmation_Embarquee/TPs/TP_Emb_1/hei-2019-2020-lab-sens-it-vervisch-botman/sensit-sdk-v2.0.0/sdk/obj/button.o
 .debug_aranges
                0x00000048       0x20 D:/Documents/Cours_HEI/H4/Programmation_Embarquee/TPs/TP_Emb_1/hei-2019-2020-lab-sens-it-vervisch-botman/sensit-sdk-v2.0.0/sdk/obj/battery.o
 .debug_aranges
                0x00000068       0x20 D:/Documents/Cours_HEI/H4/Programmation_Embarquee/TPs/TP_Emb_1/hei-2019-2020-lab-sens-it-vervisch-botman/sensit-sdk-v2.0.0/sdk/obj/callback.o
 .debug_aranges
                0x00000088       0x28 D:/Documents/Cours_HEI/H4/Programmation_Embarquee/TPs/TP_Emb_1/hei-2019-2020-lab-sens-it-vervisch-botman/sensit-sdk-v2.0.0/sdk/obj/radio_api.o
 .debug_aranges